Using launch settings from AuraCinema.Web\Properties\launchSettings.json...
Building...
D:\AURACINEMA\AuraCinema.Services\AuraCinema.Services.csproj : warning NU1902: Package 'MailKit' 4.7.1 has a known moderate severity vulnerability, https://github.com/advisories/GHSA-9j88-vvj5-vhgr [D:\AURACINEMA\AuraCinema.Web\AuraCinema.Web.csproj]
D:\AURACINEMA\AuraCinema.Services\AuraCinema.Services.csproj : warning NU1902: Package 'MailKit' 4.7.1 has a known moderate severity vulnerability, https://github.com/advisories/GHSA-9j88-vvj5-vhgr
[17:27:08 INF] Executed DbCommand (23ms) [Parameters=[], CommandType='Text', CommandTimeout='30']
SELECT 1
[17:27:08 INF] Executed DbCommand (22ms) [Parameters=[], CommandType='Text', CommandTimeout='30']
SELECT OBJECT_ID(N'[__EFMigrationsHistory]');
[17:27:08 INF] Executed DbCommand (1ms) [Parameters=[], CommandType='Text', CommandTimeout='30']
SELECT 1
[17:27:08 INF] Executed DbCommand (1ms) [Parameters=[], CommandType='Text', CommandTimeout='30']
SELECT OBJECT_ID(N'[__EFMigrationsHistory]');
[17:27:08 INF] Executed DbCommand (3ms) [Parameters=[], CommandType='Text', CommandTimeout='30']
SELECT [MigrationId], [ProductVersion]
FROM [__EFMigrationsHistory]
ORDER BY [MigrationId];
[17:27:08 INF] No migrations were applied. The database is already up to date.
[17:27:08 INF] Executed DbCommand (6ms) [Parameters=[], CommandType='Text', CommandTimeout='30']
SELECT CASE
    WHEN EXISTS (
        SELECT 1
        FROM [Users] AS [u]
        WHERE [u].[Role] = N'Admin') THEN CAST(1 AS bit)
    ELSE CAST(0 AS bit)
END
[17:27:09 INF] Executed DbCommand (3ms) [Parameters=[], CommandType='Text', CommandTimeout='30']
SELECT CASE
    WHEN EXISTS (
        SELECT 1
        FROM [Rooms] AS [r]) THEN CAST(1 AS bit)
    ELSE CAST(0 AS bit)
END
[17:27:09 INF] Executed DbCommand (103ms) [Parameters=[@p0='?' (DbType = Int32), @p1='?' (Size = 50), @p2='?' (Size = 50), @p3='?' (Size = 100), @p4='?' (Size = 4000), @p5='?' (Size = 6), @p6='?' (DbType = DateTime2), @p7='?' (Size = 255), @p8='?' (Size = 10), @p9='?' (Size = 20), @p10='?' (Size = 20)], CommandType='Text', CommandTimeout='30']
SET NOCOUNT ON;
INSERT INTO [Rooms] ([Capacity], [RoomName], [Status])
OUTPUT INSERTED.[RoomID]
VALUES (@p0, @p1, @p2);
INSERT INTO [Users] ([Email], [FullName], [OtpCode], [OtpExpiry], [Password], [Phone], [Role], [Status])
OUTPUT INSERTED.[UserID]
VALUES (@p3, @p4, @p5, @p6, @p7, @p8, @p9, @p10);
[17:27:09 INF] Executed DbCommand (21ms) [Parameters=[@p0='?' (DbType = Int32), @p1='?' (Size = 50), @p2='?' (Size = 50), @p3='?' (DbType = Int32), @p4='?' (Size = 2), @p5='?' (DbType = Int32), @p6='?' (Size = 20), @p7='?' (Size = 50), @p8='?' (DbType = Int32), @p9='?' (Size = 2), @p10='?' (DbType = Int32), @p11='?' (Size = 20), @p12='?' (Size = 50), @p13='?' (DbType = Int32), @p14='?' (Size = 2), @p15='?' (DbType = Int32), @p16='?' (Size = 20), @p17='?' (Size = 50), @p18='?' (DbType = Int32), @p19='?' (Size = 2), @p20='?' (DbType = Int32), @p21='?' (Size = 20), @p22='?' (Size = 50), @p23='?' (DbType = Int32), @p24='?' (Size = 2), @p25='?' (DbType = Int32), @p26='?' (Size = 20), @p27='?' (Size = 50), @p28='?' (DbType = Int32), @p29='?' (Size = 2), @p30='?' (DbType = Int32), @p31='?' (Size = 20), @p32='?' (Size = 50), @p33='?' (DbType = Int32), @p34='?' (Size = 2), @p35='?' (DbType = Int32), @p36='?' (Size = 20), @p37='?' (Size = 50), @p38='?' (DbType = Int32), @p39='?' (Size = 2), @p40='?' (DbType = Int32), @p41='?' (Size = 20), @p42='?' (Size = 50), @p43='?' (DbType = Int32), @p44='?' (Size = 2), @p45='?' (DbType = Int32), @p46='?' (Size = 20), @p47='?' (Size = 50), @p48='?' (DbType = Int32), @p49='?' (Size = 2), @p50='?' (DbType = Int32), @p51='?' (Size = 20), @p52='?' (Size = 50), @p53='?' (DbType = Int32), @p54='?' (Size = 2), @p55='?' (DbType = Int32), @p56='?' (Size = 20), @p57='?' (Size = 50), @p58='?' (DbType = Int32), @p59='?' (Size = 2), @p60='?' (DbType = Int32), @p61='?' (Size = 20), @p62='?' (Size = 50), @p63='?' (DbType = Int32), @p64='?' (Size = 2), @p65='?' (DbType = Int32), @p66='?' (Size = 20), @p67='?' (Size = 50), @p68='?' (DbType = Int32), @p69='?' (Size = 2), @p70='?' (DbType = Int32), @p71='?' (Size = 20), @p72='?' (Size = 50), @p73='?' (DbType = Int32), @p74='?' (Size = 2), @p75='?' (DbType = Int32), @p76='?' (Size = 20), @p77='?' (Size = 50), @p78='?' (DbType = Int32), @p79='?' (Size = 2), @p80='?' (DbType = Int32), @p81='?' (Size = 20), @p82='?' (Size = 50), @p83='?' (DbType = Int32), @p84='?' (Size = 2), @p85='?' (DbType = Int32), @p86='?' (Size = 20), @p87='?' (Size = 50), @p88='?' (DbType = Int32), @p89='?' (Size = 2), @p90='?' (DbType = Int32), @p91='?' (Size = 20), @p92='?' (Size = 50), @p93='?' (DbType = Int32), @p94='?' (Size = 2), @p95='?' (DbType = Int32), @p96='?' (Size = 20), @p97='?' (Size = 50), @p98='?' (DbType = Int32), @p99='?' (Size = 2), @p100='?' (DbType = Int32), @p101='?' (Size = 20), @p102='?' (Size = 50), @p103='?' (DbType = Int32), @p104='?' (Size = 2), @p105='?' (DbType = Int32), @p106='?' (Size = 20), @p107='?' (Size = 50), @p108='?' (DbType = Int32), @p109='?' (Size = 2), @p110='?' (DbType = Int32), @p111='?' (Size = 20), @p112='?' (Size = 50), @p113='?' (DbType = Int32), @p114='?' (Size = 2), @p115='?' (DbType = Int32), @p116='?' (Size = 20), @p117='?' (Size = 50), @p118='?' (DbType = Int32), @p119='?' (Size = 2), @p120='?' (DbType = Int32), @p121='?' (Size = 20), @p122='?' (Size = 50), @p123='?' (DbType = Int32), @p124='?' (Size = 2), @p125='?' (DbType = Int32), @p126='?' (Size = 20), @p127='?' (Size = 50), @p128='?' (DbType = Int32), @p129='?' (Size = 2), @p130='?' (DbType = Int32), @p131='?' (Size = 20), @p132='?' (Size = 50), @p133='?' (DbType = Int32), @p134='?' (Size = 2), @p135='?' (DbType = Int32), @p136='?' (Size = 20), @p137='?' (Size = 50), @p138='?' (DbType = Int32), @p139='?' (Size = 2), @p140='?' (DbType = Int32), @p141='?' (Size = 20), @p142='?' (Size = 50), @p143='?' (DbType = Int32), @p144='?' (Size = 2), @p145='?' (DbType = Int32), @p146='?' (Size = 20), @p147='?' (Size = 50), @p148='?' (DbType = Int32), @p149='?' (Size = 2), @p150='?' (DbType = Int32), @p151='?' (Size = 20), @p152='?' (Size = 50), @p153='?' (DbType = Int32), @p154='?' (Size = 2), @p155='?' (DbType = Int32), @p156='?' (Size = 20), @p157='?' (Size = 50), @p158='?' (DbType = Int32), @p159='?' (Size = 2), @p160='?' (DbType = Int32), @p161='?' (Size = 20), @p162='?' (Size = 50), @p163='?' (DbType = Int32), @p164='?' (Size = 2), @p165='?' (DbType = Int32), @p166='?' (Size = 20), @p167='?' (Size = 50), @p168='?' (DbType = Int32), @p169='?' (Size = 2), @p170='?' (DbType = Int32), @p171='?' (Size = 20), @p172='?' (Size = 50), @p173='?' (DbType = Int32), @p174='?' (Size = 2), @p175='?' (DbType = Int32), @p176='?' (Size = 20), @p177='?' (Size = 50), @p178='?' (DbType = Int32), @p179='?' (Size = 2), @p180='?' (DbType = Int32), @p181='?' (Size = 20), @p182='?' (Size = 50), @p183='?' (DbType = Int32), @p184='?' (Size = 2), @p185='?' (DbType = Int32), @p186='?' (Size = 20), @p187='?' (Size = 50), @p188='?' (DbType = Int32), @p189='?' (Size = 2), @p190='?' (DbType = Int32), @p191='?' (Size = 20), @p192='?' (Size = 50), @p193='?' (DbType = Int32), @p194='?' (Size = 2), @p195='?' (DbType = Int32), @p196='?' (Size = 20), @p197='?' (Size = 50), @p198='?' (DbType = Int32), @p199='?' (Size = 2), @p200='?' (DbType = Int32), @p201='?' (Size = 20), @p202='?' (Size = 50), @p203='?' (DbType = Int32), @p204='?' (Size = 2), @p205='?' (DbType = Int32), @p206='?' (Size = 20), @p207='?' (Size = 50)], CommandType='Text', CommandTimeout='30']
SET NOCOUNT ON;
INSERT INTO [Rooms] ([Capacity], [RoomName], [Status])
OUTPUT INSERTED.[RoomID]
VALUES (@p0, @p1, @p2);
MERGE [Seats] USING (
VALUES (@p3, @p4, @p5, @p6, @p7, 0),
(@p8, @p9, @p10, @p11, @p12, 1),
(@p13, @p14, @p15, @p16, @p17, 2),
(@p18, @p19, @p20, @p21, @p22, 3),
(@p23, @p24, @p25, @p26, @p27, 4),
(@p28, @p29, @p30, @p31, @p32, 5),
(@p33, @p34, @p35, @p36, @p37, 6),
(@p38, @p39, @p40, @p41, @p42, 7),
(@p43, @p44, @p45, @p46, @p47, 8),
(@p48, @p49, @p50, @p51, @p52, 9),
(@p53, @p54, @p55, @p56, @p57, 10),
(@p58, @p59, @p60, @p61, @p62, 11),
(@p63, @p64, @p65, @p66, @p67, 12),
(@p68, @p69, @p70, @p71, @p72, 13),
(@p73, @p74, @p75, @p76, @p77, 14),
(@p78, @p79, @p80, @p81, @p82, 15),
(@p83, @p84, @p85, @p86, @p87, 16),
(@p88, @p89, @p90, @p91, @p92, 17),
(@p93, @p94, @p95, @p96, @p97, 18),
(@p98, @p99, @p100, @p101, @p102, 19),
(@p103, @p104, @p105, @p106, @p107, 20),
(@p108, @p109, @p110, @p111, @p112, 21),
(@p113, @p114, @p115, @p116, @p117, 22),
(@p118, @p119, @p120, @p121, @p122, 23),
(@p123, @p124, @p125, @p126, @p127, 24),
(@p128, @p129, @p130, @p131, @p132, 25),
(@p133, @p134, @p135, @p136, @p137, 26),
(@p138, @p139, @p140, @p141, @p142, 27),
(@p143, @p144, @p145, @p146, @p147, 28),
(@p148, @p149, @p150, @p151, @p152, 29),
(@p153, @p154, @p155, @p156, @p157, 30),
(@p158, @p159, @p160, @p161, @p162, 31),
(@p163, @p164, @p165, @p166, @p167, 32),
(@p168, @p169, @p170, @p171, @p172, 33),
(@p173, @p174, @p175, @p176, @p177, 34),
(@p178, @p179, @p180, @p181, @p182, 35),
(@p183, @p184, @p185, @p186, @p187, 36),
(@p188, @p189, @p190, @p191, @p192, 37),
(@p193, @p194, @p195, @p196, @p197, 38),
(@p198, @p199, @p200, @p201, @p202, 39),
(@p203, @p204, @p205, @p206, @p207, 40)) AS i ([RoomID], [RowLabel], [SeatNumber], [SeatType], [Status], _Position) ON 1=0
WHEN NOT MATCHED THEN
INSERT ([RoomID], [RowLabel], [SeatNumber], [SeatType], [Status])
VALUES (i.[RoomID], i.[RowLabel], i.[SeatNumber], i.[SeatType], i.[Status])
OUTPUT INSERTED.[SeatID], i._Position;
[17:27:09 INF] Executed DbCommand (17ms) [Parameters=[@p0='?' (DbType = Int32), @p1='?' (Size = 2), @p2='?' (DbType = Int32), @p3='?' (Size = 20), @p4='?' (Size = 50), @p5='?' (DbType = Int32), @p6='?' (Size = 2), @p7='?' (DbType = Int32), @p8='?' (Size = 20), @p9='?' (Size = 50), @p10='?' (DbType = Int32), @p11='?' (Size = 2), @p12='?' (DbType = Int32), @p13='?' (Size = 20), @p14='?' (Size = 50), @p15='?' (DbType = Int32), @p16='?' (Size = 2), @p17='?' (DbType = Int32), @p18='?' (Size = 20), @p19='?' (Size = 50), @p20='?' (DbType = Int32), @p21='?' (Size = 2), @p22='?' (DbType = Int32), @p23='?' (Size = 20), @p24='?' (Size = 50), @p25='?' (DbType = Int32), @p26='?' (Size = 2), @p27='?' (DbType = Int32), @p28='?' (Size = 20), @p29='?' (Size = 50), @p30='?' (DbType = Int32), @p31='?' (Size = 2), @p32='?' (DbType = Int32), @p33='?' (Size = 20), @p34='?' (Size = 50), @p35='?' (DbType = Int32), @p36='?' (Size = 2), @p37='?' (DbType = Int32), @p38='?' (Size = 20), @p39='?' (Size = 50), @p40='?' (DbType = Int32), @p41='?' (Size = 2), @p42='?' (DbType = Int32), @p43='?' (Size = 20), @p44='?' (Size = 50), @p45='?' (DbType = Int32), @p46='?' (Size = 2), @p47='?' (DbType = Int32), @p48='?' (Size = 20), @p49='?' (Size = 50), @p50='?' (DbType = Int32), @p51='?' (Size = 2), @p52='?' (DbType = Int32), @p53='?' (Size = 20), @p54='?' (Size = 50), @p55='?' (DbType = Int32), @p56='?' (Size = 2), @p57='?' (DbType = Int32), @p58='?' (Size = 20), @p59='?' (Size = 50), @p60='?' (DbType = Int32), @p61='?' (Size = 2), @p62='?' (DbType = Int32), @p63='?' (Size = 20), @p64='?' (Size = 50), @p65='?' (DbType = Int32), @p66='?' (Size = 2), @p67='?' (DbType = Int32), @p68='?' (Size = 20), @p69='?' (Size = 50), @p70='?' (DbType = Int32), @p71='?' (Size = 2), @p72='?' (DbType = Int32), @p73='?' (Size = 20), @p74='?' (Size = 50), @p75='?' (DbType = Int32), @p76='?' (Size = 2), @p77='?' (DbType = Int32), @p78='?' (Size = 20), @p79='?' (Size = 50), @p80='?' (DbType = Int32), @p81='?' (Size = 2), @p82='?' (DbType = Int32), @p83='?' (Size = 20), @p84='?' (Size = 50), @p85='?' (DbType = Int32), @p86='?' (Size = 2), @p87='?' (DbType = Int32), @p88='?' (Size = 20), @p89='?' (Size = 50), @p90='?' (DbType = Int32), @p91='?' (Size = 2), @p92='?' (DbType = Int32), @p93='?' (Size = 20), @p94='?' (Size = 50), @p95='?' (DbType = Int32), @p96='?' (Size = 2), @p97='?' (DbType = Int32), @p98='?' (Size = 20), @p99='?' (Size = 50), @p100='?' (DbType = Int32), @p101='?' (Size = 2), @p102='?' (DbType = Int32), @p103='?' (Size = 20), @p104='?' (Size = 50), @p105='?' (DbType = Int32), @p106='?' (Size = 2), @p107='?' (DbType = Int32), @p108='?' (Size = 20), @p109='?' (Size = 50), @p110='?' (DbType = Int32), @p111='?' (Size = 2), @p112='?' (DbType = Int32), @p113='?' (Size = 20), @p114='?' (Size = 50), @p115='?' (DbType = Int32), @p116='?' (Size = 2), @p117='?' (DbType = Int32), @p118='?' (Size = 20), @p119='?' (Size = 50), @p120='?' (DbType = Int32), @p121='?' (Size = 2), @p122='?' (DbType = Int32), @p123='?' (Size = 20), @p124='?' (Size = 50), @p125='?' (DbType = Int32), @p126='?' (Size = 2), @p127='?' (DbType = Int32), @p128='?' (Size = 20), @p129='?' (Size = 50), @p130='?' (DbType = Int32), @p131='?' (Size = 2), @p132='?' (DbType = Int32), @p133='?' (Size = 20), @p134='?' (Size = 50), @p135='?' (DbType = Int32), @p136='?' (Size = 2), @p137='?' (DbType = Int32), @p138='?' (Size = 20), @p139='?' (Size = 50), @p140='?' (DbType = Int32), @p141='?' (Size = 2), @p142='?' (DbType = Int32), @p143='?' (Size = 20), @p144='?' (Size = 50), @p145='?' (DbType = Int32), @p146='?' (Size = 2), @p147='?' (DbType = Int32), @p148='?' (Size = 20), @p149='?' (Size = 50), @p150='?' (DbType = Int32), @p151='?' (Size = 2), @p152='?' (DbType = Int32), @p153='?' (Size = 20), @p154='?' (Size = 50), @p155='?' (DbType = Int32), @p156='?' (Size = 2), @p157='?' (DbType = Int32), @p158='?' (Size = 20), @p159='?' (Size = 50), @p160='?' (DbType = Int32), @p161='?' (Size = 2), @p162='?' (DbType = Int32), @p163='?' (Size = 20), @p164='?' (Size = 50), @p165='?' (DbType = Int32), @p166='?' (Size = 2), @p167='?' (DbType = Int32), @p168='?' (Size = 20), @p169='?' (Size = 50), @p170='?' (DbType = Int32), @p171='?' (Size = 2), @p172='?' (DbType = Int32), @p173='?' (Size = 20), @p174='?' (Size = 50), @p175='?' (DbType = Int32), @p176='?' (Size = 2), @p177='?' (DbType = Int32), @p178='?' (Size = 20), @p179='?' (Size = 50), @p180='?' (DbType = Int32), @p181='?' (Size = 2), @p182='?' (DbType = Int32), @p183='?' (Size = 20), @p184='?' (Size = 50), @p185='?' (DbType = Int32), @p186='?' (Size = 2), @p187='?' (DbType = Int32), @p188='?' (Size = 20), @p189='?' (Size = 50), @p190='?' (DbType = Int32), @p191='?' (Size = 2), @p192='?' (DbType = Int32), @p193='?' (Size = 20), @p194='?' (Size = 50), @p195='?' (DbType = Int32), @p196='?' (Size = 2), @p197='?' (DbType = Int32), @p198='?' (Size = 20), @p199='?' (Size = 50), @p200='?' (DbType = Int32), @p201='?' (Size = 2), @p202='?' (DbType = Int32), @p203='?' (Size = 20), @p204='?' (Size = 50), @p205='?' (DbType = Int32), @p206='?' (Size = 2), @p207='?' (DbType = Int32), @p208='?' (Size = 20), @p209='?' (Size = 50)], CommandType='Text', CommandTimeout='30']
SET IMPLICIT_TRANSACTIONS OFF;
SET NOCOUNT ON;
MERGE [Seats] USING (
VALUES (@p0, @p1, @p2, @p3, @p4, 0),
(@p5, @p6, @p7, @p8, @p9, 1),
(@p10, @p11, @p12, @p13, @p14, 2),
(@p15, @p16, @p17, @p18, @p19, 3),
(@p20, @p21, @p22, @p23, @p24, 4),
(@p25, @p26, @p27, @p28, @p29, 5),
(@p30, @p31, @p32, @p33, @p34, 6),
(@p35, @p36, @p37, @p38, @p39, 7),
(@p40, @p41, @p42, @p43, @p44, 8),
(@p45, @p46, @p47, @p48, @p49, 9),
(@p50, @p51, @p52, @p53, @p54, 10),
(@p55, @p56, @p57, @p58, @p59, 11),
(@p60, @p61, @p62, @p63, @p64, 12),
(@p65, @p66, @p67, @p68, @p69, 13),
(@p70, @p71, @p72, @p73, @p74, 14),
(@p75, @p76, @p77, @p78, @p79, 15),
(@p80, @p81, @p82, @p83, @p84, 16),
(@p85, @p86, @p87, @p88, @p89, 17),
(@p90, @p91, @p92, @p93, @p94, 18),
(@p95, @p96, @p97, @p98, @p99, 19),
(@p100, @p101, @p102, @p103, @p104, 20),
(@p105, @p106, @p107, @p108, @p109, 21),
(@p110, @p111, @p112, @p113, @p114, 22),
(@p115, @p116, @p117, @p118, @p119, 23),
(@p120, @p121, @p122, @p123, @p124, 24),
(@p125, @p126, @p127, @p128, @p129, 25),
(@p130, @p131, @p132, @p133, @p134, 26),
(@p135, @p136, @p137, @p138, @p139, 27),
(@p140, @p141, @p142, @p143, @p144, 28),
(@p145, @p146, @p147, @p148, @p149, 29),
(@p150, @p151, @p152, @p153, @p154, 30),
(@p155, @p156, @p157, @p158, @p159, 31),
(@p160, @p161, @p162, @p163, @p164, 32),
(@p165, @p166, @p167, @p168, @p169, 33),
(@p170, @p171, @p172, @p173, @p174, 34),
(@p175, @p176, @p177, @p178, @p179, 35),
(@p180, @p181, @p182, @p183, @p184, 36),
(@p185, @p186, @p187, @p188, @p189, 37),
(@p190, @p191, @p192, @p193, @p194, 38),
(@p195, @p196, @p197, @p198, @p199, 39),
(@p200, @p201, @p202, @p203, @p204, 40),
(@p205, @p206, @p207, @p208, @p209, 41)) AS i ([RoomID], [RowLabel], [SeatNumber], [SeatType], [Status], _Position) ON 1=0
WHEN NOT MATCHED THEN
INSERT ([RoomID], [RowLabel], [SeatNumber], [SeatType], [Status])
VALUES (i.[RoomID], i.[RowLabel], i.[SeatNumber], i.[SeatType], i.[Status])
OUTPUT INSERTED.[SeatID], i._Position;
[17:27:09 INF] Executed DbCommand (12ms) [Parameters=[@p0='?' (DbType = Int32), @p1='?' (Size = 2), @p2='?' (DbType = Int32), @p3='?' (Size = 20), @p4='?' (Size = 50), @p5='?' (DbType = Int32), @p6='?' (Size = 2), @p7='?' (DbType = Int32), @p8='?' (Size = 20), @p9='?' (Size = 50), @p10='?' (DbType = Int32), @p11='?' (Size = 2), @p12='?' (DbType = Int32), @p13='?' (Size = 20), @p14='?' (Size = 50), @p15='?' (DbType = Int32), @p16='?' (Size = 2), @p17='?' (DbType = Int32), @p18='?' (Size = 20), @p19='?' (Size = 50), @p20='?' (DbType = Int32), @p21='?' (Size = 2), @p22='?' (DbType = Int32), @p23='?' (Size = 20), @p24='?' (Size = 50), @p25='?' (DbType = Int32), @p26='?' (Size = 2), @p27='?' (DbType = Int32), @p28='?' (Size = 20), @p29='?' (Size = 50), @p30='?' (DbType = Int32), @p31='?' (Size = 2), @p32='?' (DbType = Int32), @p33='?' (Size = 20), @p34='?' (Size = 50), @p35='?' (DbType = Int32), @p36='?' (Size = 2), @p37='?' (DbType = Int32), @p38='?' (Size = 20), @p39='?' (Size = 50), @p40='?' (DbType = Int32), @p41='?' (Size = 2), @p42='?' (DbType = Int32), @p43='?' (Size = 20), @p44='?' (Size = 50), @p45='?' (DbType = Int32), @p46='?' (Size = 2), @p47='?' (DbType = Int32), @p48='?' (Size = 20), @p49='?' (Size = 50), @p50='?' (DbType = Int32), @p51='?' (Size = 2), @p52='?' (DbType = Int32), @p53='?' (Size = 20), @p54='?' (Size = 50), @p55='?' (DbType = Int32), @p56='?' (Size = 2), @p57='?' (DbType = Int32), @p58='?' (Size = 20), @p59='?' (Size = 50), @p60='?' (DbType = Int32), @p61='?' (Size = 2), @p62='?' (DbType = Int32), @p63='?' (Size = 20), @p64='?' (Size = 50), @p65='?' (DbType = Int32), @p66='?' (Size = 2), @p67='?' (DbType = Int32), @p68='?' (Size = 20), @p69='?' (Size = 50), @p70='?' (DbType = Int32), @p71='?' (Size = 2), @p72='?' (DbType = Int32), @p73='?' (Size = 20), @p74='?' (Size = 50), @p75='?' (DbType = Int32), @p76='?' (Size = 2), @p77='?' (DbType = Int32), @p78='?' (Size = 20), @p79='?' (Size = 50), @p80='?' (DbType = Int32), @p81='?' (Size = 2), @p82='?' (DbType = Int32), @p83='?' (Size = 20), @p84='?' (Size = 50)], CommandType='Text', CommandTimeout='30']
SET IMPLICIT_TRANSACTIONS OFF;
SET NOCOUNT ON;
MERGE [Seats] USING (
VALUES (@p0, @p1, @p2, @p3, @p4, 0),
(@p5, @p6, @p7, @p8, @p9, 1),
(@p10, @p11, @p12, @p13, @p14, 2),
(@p15, @p16, @p17, @p18, @p19, 3),
(@p20, @p21, @p22, @p23, @p24, 4),
(@p25, @p26, @p27, @p28, @p29, 5),
(@p30, @p31, @p32, @p33, @p34, 6),
(@p35, @p36, @p37, @p38, @p39, 7),
(@p40, @p41, @p42, @p43, @p44, 8),
(@p45, @p46, @p47, @p48, @p49, 9),
(@p50, @p51, @p52, @p53, @p54, 10),
(@p55, @p56, @p57, @p58, @p59, 11),
(@p60, @p61, @p62, @p63, @p64, 12),
(@p65, @p66, @p67, @p68, @p69, 13),
(@p70, @p71, @p72, @p73, @p74, 14),
(@p75, @p76, @p77, @p78, @p79, 15),
(@p80, @p81, @p82, @p83, @p84, 16)) AS i ([RoomID], [RowLabel], [SeatNumber], [SeatType], [Status], _Position) ON 1=0
WHEN NOT MATCHED THEN
INSERT ([RoomID], [RowLabel], [SeatNumber], [SeatType], [Status])
VALUES (i.[RoomID], i.[RowLabel], i.[SeatNumber], i.[SeatType], i.[Status])
OUTPUT INSERTED.[SeatID], i._Position;
[17:27:09 INF] Executed DbCommand (2ms) [Parameters=[@p0='?' (DbType = Int32), @p1='?' (Size = 50), @p2='?' (Size = 50), @p3='?' (DbType = Int32), @p4='?' (Size = 2), @p5='?' (DbType = Int32), @p6='?' (Size = 20), @p7='?' (Size = 50), @p8='?' (DbType = Int32), @p9='?' (Size = 2), @p10='?' (DbType = Int32), @p11='?' (Size = 20), @p12='?' (Size = 50), @p13='?' (DbType = Int32), @p14='?' (Size = 2), @p15='?' (DbType = Int32), @p16='?' (Size = 20), @p17='?' (Size = 50), @p18='?' (DbType = Int32), @p19='?' (Size = 2), @p20='?' (DbType = Int32), @p21='?' (Size = 20), @p22='?' (Size = 50), @p23='?' (DbType = Int32), @p24='?' (Size = 2), @p25='?' (DbType = Int32), @p26='?' (Size = 20), @p27='?' (Size = 50), @p28='?' (DbType = Int32), @p29='?' (Size = 2), @p30='?' (DbType = Int32), @p31='?' (Size = 20), @p32='?' (Size = 50), @p33='?' (DbType = Int32), @p34='?' (Size = 2), @p35='?' (DbType = Int32), @p36='?' (Size = 20), @p37='?' (Size = 50), @p38='?' (DbType = Int32), @p39='?' (Size = 2), @p40='?' (DbType = Int32), @p41='?' (Size = 20), @p42='?' (Size = 50), @p43='?' (DbType = Int32), @p44='?' (Size = 2), @p45='?' (DbType = Int32), @p46='?' (Size = 20), @p47='?' (Size = 50), @p48='?' (DbType = Int32), @p49='?' (Size = 2), @p50='?' (DbType = Int32), @p51='?' (Size = 20), @p52='?' (Size = 50), @p53='?' (DbType = Int32), @p54='?' (Size = 2), @p55='?' (DbType = Int32), @p56='?' (Size = 20), @p57='?' (Size = 50), @p58='?' (DbType = Int32), @p59='?' (Size = 2), @p60='?' (DbType = Int32), @p61='?' (Size = 20), @p62='?' (Size = 50), @p63='?' (DbType = Int32), @p64='?' (Size = 2), @p65='?' (DbType = Int32), @p66='?' (Size = 20), @p67='?' (Size = 50), @p68='?' (DbType = Int32), @p69='?' (Size = 2), @p70='?' (DbType = Int32), @p71='?' (Size = 20), @p72='?' (Size = 50), @p73='?' (DbType = Int32), @p74='?' (Size = 2), @p75='?' (DbType = Int32), @p76='?' (Size = 20), @p77='?' (Size = 50), @p78='?' (DbType = Int32), @p79='?' (Size = 2), @p80='?' (DbType = Int32), @p81='?' (Size = 20), @p82='?' (Size = 50), @p83='?' (DbType = Int32), @p84='?' (Size = 2), @p85='?' (DbType = Int32), @p86='?' (Size = 20), @p87='?' (Size = 50), @p88='?' (DbType = Int32), @p89='?' (Size = 2), @p90='?' (DbType = Int32), @p91='?' (Size = 20), @p92='?' (Size = 50), @p93='?' (DbType = Int32), @p94='?' (Size = 2), @p95='?' (DbType = Int32), @p96='?' (Size = 20), @p97='?' (Size = 50), @p98='?' (DbType = Int32), @p99='?' (Size = 2), @p100='?' (DbType = Int32), @p101='?' (Size = 20), @p102='?' (Size = 50), @p103='?' (DbType = Int32), @p104='?' (Size = 2), @p105='?' (DbType = Int32), @p106='?' (Size = 20), @p107='?' (Size = 50), @p108='?' (DbType = Int32), @p109='?' (Size = 2), @p110='?' (DbType = Int32), @p111='?' (Size = 20), @p112='?' (Size = 50), @p113='?' (DbType = Int32), @p114='?' (Size = 2), @p115='?' (DbType = Int32), @p116='?' (Size = 20), @p117='?' (Size = 50), @p118='?' (DbType = Int32), @p119='?' (Size = 2), @p120='?' (DbType = Int32), @p121='?' (Size = 20), @p122='?' (Size = 50), @p123='?' (DbType = Int32), @p124='?' (Size = 2), @p125='?' (DbType = Int32), @p126='?' (Size = 20), @p127='?' (Size = 50), @p128='?' (DbType = Int32), @p129='?' (Size = 2), @p130='?' (DbType = Int32), @p131='?' (Size = 20), @p132='?' (Size = 50), @p133='?' (DbType = Int32), @p134='?' (Size = 2), @p135='?' (DbType = Int32), @p136='?' (Size = 20), @p137='?' (Size = 50), @p138='?' (DbType = Int32), @p139='?' (Size = 2), @p140='?' (DbType = Int32), @p141='?' (Size = 20), @p142='?' (Size = 50), @p143='?' (DbType = Int32), @p144='?' (Size = 2), @p145='?' (DbType = Int32), @p146='?' (Size = 20), @p147='?' (Size = 50), @p148='?' (DbType = Int32), @p149='?' (Size = 2), @p150='?' (DbType = Int32), @p151='?' (Size = 20), @p152='?' (Size = 50), @p153='?' (DbType = Int32), @p154='?' (Size = 2), @p155='?' (DbType = Int32), @p156='?' (Size = 20), @p157='?' (Size = 50), @p158='?' (DbType = Int32), @p159='?' (Size = 2), @p160='?' (DbType = Int32), @p161='?' (Size = 20), @p162='?' (Size = 50), @p163='?' (DbType = Int32), @p164='?' (Size = 2), @p165='?' (DbType = Int32), @p166='?' (Size = 20), @p167='?' (Size = 50), @p168='?' (DbType = Int32), @p169='?' (Size = 2), @p170='?' (DbType = Int32), @p171='?' (Size = 20), @p172='?' (Size = 50), @p173='?' (DbType = Int32), @p174='?' (Size = 2), @p175='?' (DbType = Int32), @p176='?' (Size = 20), @p177='?' (Size = 50), @p178='?' (DbType = Int32), @p179='?' (Size = 2), @p180='?' (DbType = Int32), @p181='?' (Size = 20), @p182='?' (Size = 50), @p183='?' (DbType = Int32), @p184='?' (Size = 2), @p185='?' (DbType = Int32), @p186='?' (Size = 20), @p187='?' (Size = 50), @p188='?' (DbType = Int32), @p189='?' (Size = 2), @p190='?' (DbType = Int32), @p191='?' (Size = 20), @p192='?' (Size = 50), @p193='?' (DbType = Int32), @p194='?' (Size = 2), @p195='?' (DbType = Int32), @p196='?' (Size = 20), @p197='?' (Size = 50), @p198='?' (DbType = Int32), @p199='?' (Size = 2), @p200='?' (DbType = Int32), @p201='?' (Size = 20), @p202='?' (Size = 50), @p203='?' (DbType = Int32), @p204='?' (Size = 2), @p205='?' (DbType = Int32), @p206='?' (Size = 20), @p207='?' (Size = 50)], CommandType='Text', CommandTimeout='30']
SET NOCOUNT ON;
INSERT INTO [Rooms] ([Capacity], [RoomName], [Status])
OUTPUT INSERTED.[RoomID]
VALUES (@p0, @p1, @p2);
MERGE [Seats] USING (
VALUES (@p3, @p4, @p5, @p6, @p7, 0),
(@p8, @p9, @p10, @p11, @p12, 1),
(@p13, @p14, @p15, @p16, @p17, 2),
(@p18, @p19, @p20, @p21, @p22, 3),
(@p23, @p24, @p25, @p26, @p27, 4),
(@p28, @p29, @p30, @p31, @p32, 5),
(@p33, @p34, @p35, @p36, @p37, 6),
(@p38, @p39, @p40, @p41, @p42, 7),
(@p43, @p44, @p45, @p46, @p47, 8),
(@p48, @p49, @p50, @p51, @p52, 9),
(@p53, @p54, @p55, @p56, @p57, 10),
(@p58, @p59, @p60, @p61, @p62, 11),
(@p63, @p64, @p65, @p66, @p67, 12),
(@p68, @p69, @p70, @p71, @p72, 13),
(@p73, @p74, @p75, @p76, @p77, 14),
(@p78, @p79, @p80, @p81, @p82, 15),
(@p83, @p84, @p85, @p86, @p87, 16),
(@p88, @p89, @p90, @p91, @p92, 17),
(@p93, @p94, @p95, @p96, @p97, 18),
(@p98, @p99, @p100, @p101, @p102, 19),
(@p103, @p104, @p105, @p106, @p107, 20),
(@p108, @p109, @p110, @p111, @p112, 21),
(@p113, @p114, @p115, @p116, @p117, 22),
(@p118, @p119, @p120, @p121, @p122, 23),
(@p123, @p124, @p125, @p126, @p127, 24),
(@p128, @p129, @p130, @p131, @p132, 25),
(@p133, @p134, @p135, @p136, @p137, 26),
(@p138, @p139, @p140, @p141, @p142, 27),
(@p143, @p144, @p145, @p146, @p147, 28),
(@p148, @p149, @p150, @p151, @p152, 29),
(@p153, @p154, @p155, @p156, @p157, 30),
(@p158, @p159, @p160, @p161, @p162, 31),
(@p163, @p164, @p165, @p166, @p167, 32),
(@p168, @p169, @p170, @p171, @p172, 33),
(@p173, @p174, @p175, @p176, @p177, 34),
(@p178, @p179, @p180, @p181, @p182, 35),
(@p183, @p184, @p185, @p186, @p187, 36),
(@p188, @p189, @p190, @p191, @p192, 37),
(@p193, @p194, @p195, @p196, @p197, 38),
(@p198, @p199, @p200, @p201, @p202, 39),
(@p203, @p204, @p205, @p206, @p207, 40)) AS i ([RoomID], [RowLabel], [SeatNumber], [SeatType], [Status], _Position) ON 1=0
WHEN NOT MATCHED THEN
INSERT ([RoomID], [RowLabel], [SeatNumber], [SeatType], [Status])
VALUES (i.[RoomID], i.[RowLabel], i.[SeatNumber], i.[SeatType], i.[Status])
OUTPUT INSERTED.[SeatID], i._Position;
[17:27:09 INF] Executed DbCommand (2ms) [Parameters=[@p0='?' (DbType = Int32), @p1='?' (Size = 2), @p2='?' (DbType = Int32), @p3='?' (Size = 20), @p4='?' (Size = 50), @p5='?' (DbType = Int32), @p6='?' (Size = 2), @p7='?' (DbType = Int32), @p8='?' (Size = 20), @p9='?' (Size = 50), @p10='?' (DbType = Int32), @p11='?' (Size = 2), @p12='?' (DbType = Int32), @p13='?' (Size = 20), @p14='?' (Size = 50), @p15='?' (DbType = Int32), @p16='?' (Size = 2), @p17='?' (DbType = Int32), @p18='?' (Size = 20), @p19='?' (Size = 50), @p20='?' (DbType = Int32), @p21='?' (Size = 2), @p22='?' (DbType = Int32), @p23='?' (Size = 20), @p24='?' (Size = 50), @p25='?' (DbType = Int32), @p26='?' (Size = 2), @p27='?' (DbType = Int32), @p28='?' (Size = 20), @p29='?' (Size = 50), @p30='?' (DbType = Int32), @p31='?' (Size = 2), @p32='?' (DbType = Int32), @p33='?' (Size = 20), @p34='?' (Size = 50), @p35='?' (DbType = Int32), @p36='?' (Size = 2), @p37='?' (DbType = Int32), @p38='?' (Size = 20), @p39='?' (Size = 50), @p40='?' (DbType = Int32), @p41='?' (Size = 2), @p42='?' (DbType = Int32), @p43='?' (Size = 20), @p44='?' (Size = 50), @p45='?' (DbType = Int32), @p46='?' (Size = 2), @p47='?' (DbType = Int32), @p48='?' (Size = 20), @p49='?' (Size = 50), @p50='?' (DbType = Int32), @p51='?' (Size = 2), @p52='?' (DbType = Int32), @p53='?' (Size = 20), @p54='?' (Size = 50), @p55='?' (DbType = Int32), @p56='?' (Size = 2), @p57='?' (DbType = Int32), @p58='?' (Size = 20), @p59='?' (Size = 50), @p60='?' (DbType = Int32), @p61='?' (Size = 2), @p62='?' (DbType = Int32), @p63='?' (Size = 20), @p64='?' (Size = 50), @p65='?' (DbType = Int32), @p66='?' (Size = 2), @p67='?' (DbType = Int32), @p68='?' (Size = 20), @p69='?' (Size = 50), @p70='?' (DbType = Int32), @p71='?' (Size = 2), @p72='?' (DbType = Int32), @p73='?' (Size = 20), @p74='?' (Size = 50), @p75='?' (DbType = Int32), @p76='?' (Size = 2), @p77='?' (DbType = Int32), @p78='?' (Size = 20), @p79='?' (Size = 50), @p80='?' (DbType = Int32), @p81='?' (Size = 2), @p82='?' (DbType = Int32), @p83='?' (Size = 20), @p84='?' (Size = 50), @p85='?' (DbType = Int32), @p86='?' (Size = 2), @p87='?' (DbType = Int32), @p88='?' (Size = 20), @p89='?' (Size = 50), @p90='?' (DbType = Int32), @p91='?' (Size = 2), @p92='?' (DbType = Int32), @p93='?' (Size = 20), @p94='?' (Size = 50), @p95='?' (DbType = Int32), @p96='?' (Size = 2), @p97='?' (DbType = Int32), @p98='?' (Size = 20), @p99='?' (Size = 50), @p100='?' (DbType = Int32), @p101='?' (Size = 2), @p102='?' (DbType = Int32), @p103='?' (Size = 20), @p104='?' (Size = 50), @p105='?' (DbType = Int32), @p106='?' (Size = 2), @p107='?' (DbType = Int32), @p108='?' (Size = 20), @p109='?' (Size = 50), @p110='?' (DbType = Int32), @p111='?' (Size = 2), @p112='?' (DbType = Int32), @p113='?' (Size = 20), @p114='?' (Size = 50), @p115='?' (DbType = Int32), @p116='?' (Size = 2), @p117='?' (DbType = Int32), @p118='?' (Size = 20), @p119='?' (Size = 50), @p120='?' (DbType = Int32), @p121='?' (Size = 2), @p122='?' (DbType = Int32), @p123='?' (Size = 20), @p124='?' (Size = 50), @p125='?' (DbType = Int32), @p126='?' (Size = 2), @p127='?' (DbType = Int32), @p128='?' (Size = 20), @p129='?' (Size = 50), @p130='?' (DbType = Int32), @p131='?' (Size = 2), @p132='?' (DbType = Int32), @p133='?' (Size = 20), @p134='?' (Size = 50), @p135='?' (DbType = Int32), @p136='?' (Size = 2), @p137='?' (DbType = Int32), @p138='?' (Size = 20), @p139='?' (Size = 50), @p140='?' (DbType = Int32), @p141='?' (Size = 2), @p142='?' (DbType = Int32), @p143='?' (Size = 20), @p144='?' (Size = 50), @p145='?' (DbType = Int32), @p146='?' (Size = 2), @p147='?' (DbType = Int32), @p148='?' (Size = 20), @p149='?' (Size = 50), @p150='?' (DbType = Int32), @p151='?' (Size = 2), @p152='?' (DbType = Int32), @p153='?' (Size = 20), @p154='?' (Size = 50), @p155='?' (DbType = Int32), @p156='?' (Size = 2), @p157='?' (DbType = Int32), @p158='?' (Size = 20), @p159='?' (Size = 50), @p160='?' (DbType = Int32), @p161='?' (Size = 2), @p162='?' (DbType = Int32), @p163='?' (Size = 20), @p164='?' (Size = 50), @p165='?' (DbType = Int32), @p166='?' (Size = 2), @p167='?' (DbType = Int32), @p168='?' (Size = 20), @p169='?' (Size = 50), @p170='?' (DbType = Int32), @p171='?' (Size = 2), @p172='?' (DbType = Int32), @p173='?' (Size = 20), @p174='?' (Size = 50), @p175='?' (DbType = Int32), @p176='?' (Size = 2), @p177='?' (DbType = Int32), @p178='?' (Size = 20), @p179='?' (Size = 50), @p180='?' (DbType = Int32), @p181='?' (Size = 2), @p182='?' (DbType = Int32), @p183='?' (Size = 20), @p184='?' (Size = 50), @p185='?' (DbType = Int32), @p186='?' (Size = 2), @p187='?' (DbType = Int32), @p188='?' (Size = 20), @p189='?' (Size = 50), @p190='?' (DbType = Int32), @p191='?' (Size = 2), @p192='?' (DbType = Int32), @p193='?' (Size = 20), @p194='?' (Size = 50), @p195='?' (DbType = Int32), @p196='?' (Size = 2), @p197='?' (DbType = Int32), @p198='?' (Size = 20), @p199='?' (Size = 50), @p200='?' (DbType = Int32), @p201='?' (Size = 2), @p202='?' (DbType = Int32), @p203='?' (Size = 20), @p204='?' (Size = 50), @p205='?' (DbType = Int32), @p206='?' (Size = 2), @p207='?' (DbType = Int32), @p208='?' (Size = 20), @p209='?' (Size = 50)], CommandType='Text', CommandTimeout='30']
SET IMPLICIT_TRANSACTIONS OFF;
SET NOCOUNT ON;
MERGE [Seats] USING (
VALUES (@p0, @p1, @p2, @p3, @p4, 0),
(@p5, @p6, @p7, @p8, @p9, 1),
(@p10, @p11, @p12, @p13, @p14, 2),
(@p15, @p16, @p17, @p18, @p19, 3),
(@p20, @p21, @p22, @p23, @p24, 4),
(@p25, @p26, @p27, @p28, @p29, 5),
(@p30, @p31, @p32, @p33, @p34, 6),
(@p35, @p36, @p37, @p38, @p39, 7),
(@p40, @p41, @p42, @p43, @p44, 8),
(@p45, @p46, @p47, @p48, @p49, 9),
(@p50, @p51, @p52, @p53, @p54, 10),
(@p55, @p56, @p57, @p58, @p59, 11),
(@p60, @p61, @p62, @p63, @p64, 12),
(@p65, @p66, @p67, @p68, @p69, 13),
(@p70, @p71, @p72, @p73, @p74, 14),
(@p75, @p76, @p77, @p78, @p79, 15),
(@p80, @p81, @p82, @p83, @p84, 16),
(@p85, @p86, @p87, @p88, @p89, 17),
(@p90, @p91, @p92, @p93, @p94, 18),
(@p95, @p96, @p97, @p98, @p99, 19),
(@p100, @p101, @p102, @p103, @p104, 20),
(@p105, @p106, @p107, @p108, @p109, 21),
(@p110, @p111, @p112, @p113, @p114, 22),
(@p115, @p116, @p117, @p118, @p119, 23),
(@p120, @p121, @p122, @p123, @p124, 24),
(@p125, @p126, @p127, @p128, @p129, 25),
(@p130, @p131, @p132, @p133, @p134, 26),
(@p135, @p136, @p137, @p138, @p139, 27),
(@p140, @p141, @p142, @p143, @p144, 28),
(@p145, @p146, @p147, @p148, @p149, 29),
(@p150, @p151, @p152, @p153, @p154, 30),
(@p155, @p156, @p157, @p158, @p159, 31),
(@p160, @p161, @p162, @p163, @p164, 32),
(@p165, @p166, @p167, @p168, @p169, 33),
(@p170, @p171, @p172, @p173, @p174, 34),
(@p175, @p176, @p177, @p178, @p179, 35),
(@p180, @p181, @p182, @p183, @p184, 36),
(@p185, @p186, @p187, @p188, @p189, 37),
(@p190, @p191, @p192, @p193, @p194, 38),
(@p195, @p196, @p197, @p198, @p199, 39),
(@p200, @p201, @p202, @p203, @p204, 40),
(@p205, @p206, @p207, @p208, @p209, 41)) AS i ([RoomID], [RowLabel], [SeatNumber], [SeatType], [Status], _Position) ON 1=0
WHEN NOT MATCHED THEN
INSERT ([RoomID], [RowLabel], [SeatNumber], [SeatType], [Status])
VALUES (i.[RoomID], i.[RowLabel], i.[SeatNumber], i.[SeatType], i.[Status])
OUTPUT INSERTED.[SeatID], i._Position;
[17:27:09 INF] Executed DbCommand (1ms) [Parameters=[@p0='?' (DbType = Int32), @p1='?' (Size = 2), @p2='?' (DbType = Int32), @p3='?' (Size = 20), @p4='?' (Size = 50), @p5='?' (DbType = Int32), @p6='?' (Size = 2), @p7='?' (DbType = Int32), @p8='?' (Size = 20), @p9='?' (Size = 50), @p10='?' (DbType = Int32), @p11='?' (Size = 2), @p12='?' (DbType = Int32), @p13='?' (Size = 20), @p14='?' (Size = 50), @p15='?' (DbType = Int32), @p16='?' (Size = 2), @p17='?' (DbType = Int32), @p18='?' (Size = 20), @p19='?' (Size = 50), @p20='?' (DbType = Int32), @p21='?' (Size = 2), @p22='?' (DbType = Int32), @p23='?' (Size = 20), @p24='?' (Size = 50), @p25='?' (DbType = Int32), @p26='?' (Size = 2), @p27='?' (DbType = Int32), @p28='?' (Size = 20), @p29='?' (Size = 50), @p30='?' (DbType = Int32), @p31='?' (Size = 2), @p32='?' (DbType = Int32), @p33='?' (Size = 20), @p34='?' (Size = 50), @p35='?' (DbType = Int32), @p36='?' (Size = 2), @p37='?' (DbType = Int32), @p38='?' (Size = 20), @p39='?' (Size = 50), @p40='?' (DbType = Int32), @p41='?' (Size = 2), @p42='?' (DbType = Int32), @p43='?' (Size = 20), @p44='?' (Size = 50), @p45='?' (DbType = Int32), @p46='?' (Size = 2), @p47='?' (DbType = Int32), @p48='?' (Size = 20), @p49='?' (Size = 50), @p50='?' (DbType = Int32), @p51='?' (Size = 2), @p52='?' (DbType = Int32), @p53='?' (Size = 20), @p54='?' (Size = 50), @p55='?' (DbType = Int32), @p56='?' (Size = 2), @p57='?' (DbType = Int32), @p58='?' (Size = 20), @p59='?' (Size = 50), @p60='?' (DbType = Int32), @p61='?' (Size = 2), @p62='?' (DbType = Int32), @p63='?' (Size = 20), @p64='?' (Size = 50), @p65='?' (DbType = Int32), @p66='?' (Size = 2), @p67='?' (DbType = Int32), @p68='?' (Size = 20), @p69='?' (Size = 50), @p70='?' (DbType = Int32), @p71='?' (Size = 2), @p72='?' (DbType = Int32), @p73='?' (Size = 20), @p74='?' (Size = 50), @p75='?' (DbType = Int32), @p76='?' (Size = 2), @p77='?' (DbType = Int32), @p78='?' (Size = 20), @p79='?' (Size = 50), @p80='?' (DbType = Int32), @p81='?' (Size = 2), @p82='?' (DbType = Int32), @p83='?' (Size = 20), @p84='?' (Size = 50)], CommandType='Text', CommandTimeout='30']
SET IMPLICIT_TRANSACTIONS OFF;
SET NOCOUNT ON;
MERGE [Seats] USING (
VALUES (@p0, @p1, @p2, @p3, @p4, 0),
(@p5, @p6, @p7, @p8, @p9, 1),
(@p10, @p11, @p12, @p13, @p14, 2),
(@p15, @p16, @p17, @p18, @p19, 3),
(@p20, @p21, @p22, @p23, @p24, 4),
(@p25, @p26, @p27, @p28, @p29, 5),
(@p30, @p31, @p32, @p33, @p34, 6),
(@p35, @p36, @p37, @p38, @p39, 7),
(@p40, @p41, @p42, @p43, @p44, 8),
(@p45, @p46, @p47, @p48, @p49, 9),
(@p50, @p51, @p52, @p53, @p54, 10),
(@p55, @p56, @p57, @p58, @p59, 11),
(@p60, @p61, @p62, @p63, @p64, 12),
(@p65, @p66, @p67, @p68, @p69, 13),
(@p70, @p71, @p72, @p73, @p74, 14),
(@p75, @p76, @p77, @p78, @p79, 15),
(@p80, @p81, @p82, @p83, @p84, 16)) AS i ([RoomID], [RowLabel], [SeatNumber], [SeatType], [Status], _Position) ON 1=0
WHEN NOT MATCHED THEN
INSERT ([RoomID], [RowLabel], [SeatNumber], [SeatType], [Status])
VALUES (i.[RoomID], i.[RowLabel], i.[SeatNumber], i.[SeatType], i.[Status])
OUTPUT INSERTED.[SeatID], i._Position;
[17:27:09 INF] Executed DbCommand (3ms) [Parameters=[], CommandType='Text', CommandTimeout='30']
SELECT CASE
    WHEN EXISTS (
        SELECT 1
        FROM [Movies] AS [m]) THEN CAST(1 AS bit)
    ELSE CAST(0 AS bit)
END
[17:27:09 INF] Executed DbCommand (2ms) [Parameters=[], CommandType='Text', CommandTimeout='30']
SELECT CASE
    WHEN EXISTS (
        SELECT 1
        FROM [PriceConfigs] AS [p]) THEN CAST(1 AS bit)
    ELSE CAST(0 AS bit)
END
[17:27:09 INF] Executed DbCommand (2ms) [Parameters=[], CommandType='Text', CommandTimeout='30']
SELECT CASE
    WHEN EXISTS (
        SELECT 1
        FROM [Promotions] AS [p]) THEN CAST(1 AS bit)
    ELSE CAST(0 AS bit)
END
[17:27:09 INF] Executed DbCommand (36ms) [Parameters=[@p0='?' (Size = 4000), @p1='?' (Size = 4000), @p2='?' (DbType = Int32), @p3='?' (Size = 4000), @p4='?' (Size = 4000), @p5='?' (DbType = Date), @p6='?' (Size = 50), @p7='?' (Size = 255), @p8='?' (Size = 4000), @p9='?' (Size = 4000), @p10='?' (Size = 4000), @p11='?' (DbType = Int32), @p12='?' (Size = 4000), @p13='?' (Size = 4000), @p14='?' (DbType = Date), @p15='?' (Size = 50), @p16='?' (Size = 255), @p17='?' (Size = 4000), @p18='?' (Size = 4000), @p19='?' (Size = 4000), @p20='?' (DbType = Int32), @p21='?' (Size = 4000), @p22='?' (Size = 4000), @p23='?' (DbType = Date), @p24='?' (Size = 50), @p25='?' (Size = 255), @p26='?' (Size = 4000), @p27='?' (Size = 4000), @p28='?' (Size = 4000), @p29='?' (DbType = Int32), @p30='?' (Size = 4000), @p31='?' (Size = 4000), @p32='?' (DbType = Date), @p33='?' (Size = 50), @p34='?' (Size = 255), @p35='?' (Size = 4000), @p36='?' (Size = 4000), @p37='?' (Size = 4000), @p38='?' (DbType = Int32), @p39='?' (Size = 4000), @p40='?' (Size = 4000), @p41='?' (DbType = Date), @p42='?' (Size = 50), @p43='?' (Size = 255), @p44='?' (Size = 4000), @p45='?' (Size = 50), @p46='?' (Size = 100), @p47='?' (Size = 50), @p48='?' (DbType = Int32), @p49='?' (Size = 50), @p50='?' (Size = 100), @p51='?' (Size = 50), @p52='?' (DbType = Int32), @p53='?' (Size = 50), @p54='?' (Size = 100), @p55='?' (Size = 50), @p56='?' (DbType = Int32), @p57='?' (Size = 50), @p58='?' (Size = 100), @p59='?' (Size = 50), @p60='?' (DbType = Int32), @p61='?' (Size = 50), @p62='?' (Size = 100), @p63='?' (Size = 50), @p64='?' (DbType = Int32), @p65='?' (Size = 255), @p66='?' (DbType = Int32), @p67='?' (DbType = DateTime2), @p68='?' (DbType = DateTime2), @p69='?' (Size = 4000), @p70='?' (Size = 20), @p71='?' (DbType = Int32), @p72='?' (Size = 2), @p73='?' (DbType = Int32), @p74='?' (Size = 20), @p75='?' (Size = 50), @p76='?' (DbType = Int32), @p77='?' (Size = 2), @p78='?' (DbType = Int32), @p79='?' (Size = 20), @p80='?' (Size = 50), @p81='?' (DbType = Int32), @p82='?' (Size = 2), @p83='?' (DbType = Int32), @p84='?' (Size = 20), @p85='?' (Size = 50), @p86='?' (DbType = Int32), @p87='?' (Size = 2), @p88='?' (DbType = Int32), @p89='?' (Size = 20), @p90='?' (Size = 50), @p91='?' (DbType = Int32), @p92='?' (Size = 2), @p93='?' (DbType = Int32), @p94='?' (Size = 20), @p95='?' (Size = 50), @p96='?' (DbType = Int32), @p97='?' (Size = 2), @p98='?' (DbType = Int32), @p99='?' (Size = 20), @p100='?' (Size = 50), @p101='?' (DbType = Int32), @p102='?' (Size = 2), @p103='?' (DbType = Int32), @p104='?' (Size = 20), @p105='?' (Size = 50), @p106='?' (DbType = Int32), @p107='?' (Size = 2), @p108='?' (DbType = Int32), @p109='?' (Size = 20), @p110='?' (Size = 50), @p111='?' (DbType = Int32), @p112='?' (Size = 2), @p113='?' (DbType = Int32), @p114='?' (Size = 20), @p115='?' (Size = 50), @p116='?' (DbType = Int32), @p117='?' (Size = 2), @p118='?' (DbType = Int32), @p119='?' (Size = 20), @p120='?' (Size = 50), @p121='?' (DbType = Int32), @p122='?' (Size = 2), @p123='?' (DbType = Int32), @p124='?' (Size = 20), @p125='?' (Size = 50), @p126='?' (DbType = Int32), @p127='?' (Size = 2), @p128='?' (DbType = Int32), @p129='?' (Size = 20), @p130='?' (Size = 50), @p131='?' (DbType = Int32), @p132='?' (Size = 2), @p133='?' (DbType = Int32), @p134='?' (Size = 20), @p135='?' (Size = 50), @p136='?' (DbType = Int32), @p137='?' (Size = 2), @p138='?' (DbType = Int32), @p139='?' (Size = 20), @p140='?' (Size = 50), @p141='?' (DbType = Int32), @p142='?' (Size = 2), @p143='?' (DbType = Int32), @p144='?' (Size = 20), @p145='?' (Size = 50), @p146='?' (DbType = Int32), @p147='?' (Size = 2), @p148='?' (DbType = Int32), @p149='?' (Size = 20), @p150='?' (Size = 50), @p151='?' (DbType = Int32), @p152='?' (Size = 2), @p153='?' (DbType = Int32), @p154='?' (Size = 20), @p155='?' (Size = 50), @p156='?' (DbType = Int32), @p157='?' (Size = 2), @p158='?' (DbType = Int32), @p159='?' (Size = 20), @p160='?' (Size = 50), @p161='?' (DbType = Int32), @p162='?' (Size = 2), @p163='?' (DbType = Int32), @p164='?' (Size = 20), @p165='?' (Size = 50), @p166='?' (DbType = Int32), @p167='?' (Size = 2), @p168='?' (DbType = Int32), @p169='?' (Size = 20), @p170='?' (Size = 50), @p171='?' (DbType = Int32), @p172='?' (Size = 2), @p173='?' (DbType = Int32), @p174='?' (Size = 20), @p175='?' (Size = 50), @p176='?' (DbType = Int32), @p177='?' (Size = 2), @p178='?' (DbType = Int32), @p179='?' (Size = 20), @p180='?' (Size = 50), @p181='?' (DbType = Int32), @p182='?' (Size = 2), @p183='?' (DbType = Int32), @p184='?' (Size = 20), @p185='?' (Size = 50), @p186='?' (DbType = Int32), @p187='?' (Size = 2), @p188='?' (DbType = Int32), @p189='?' (Size = 20), @p190='?' (Size = 50), @p191='?' (DbType = Int32), @p192='?' (Size = 2), @p193='?' (DbType = Int32), @p194='?' (Size = 20), @p195='?' (Size = 50), @p196='?' (DbType = Int32), @p197='?' (Size = 2), @p198='?' (DbType = Int32), @p199='?' (Size = 20), @p200='?' (Size = 50), @p201='?' (DbType = Int32), @p202='?' (Size = 2), @p203='?' (DbType = Int32), @p204='?' (Size = 20), @p205='?' (Size = 50), @p206='?' (DbType = Int32), @p207='?' (Size = 2), @p208='?' (DbType = Int32), @p209='?' (Size = 20), @p210='?' (Size = 50), @p211='?' (DbType = Int32), @p212='?' (Size = 2), @p213='?' (DbType = Int32), @p214='?' (Size = 20), @p215='?' (Size = 50), @p216='?' (DbType = Int32), @p217='?' (Size = 2), @p218='?' (DbType = Int32), @p219='?' (Size = 20), @p220='?' (Size = 50), @p221='?' (DbType = Int32), @p222='?' (Size = 2), @p223='?' (DbType = Int32), @p224='?' (Size = 20), @p225='?' (Size = 50)], CommandType='Text', CommandTimeout='30']
SET NOCOUNT ON;
MERGE [Movies] USING (
VALUES (@p0, @p1, @p2, @p3, @p4, @p5, @p6, @p7, @p8, 0),
(@p9, @p10, @p11, @p12, @p13, @p14, @p15, @p16, @p17, 1),
(@p18, @p19, @p20, @p21, @p22, @p23, @p24, @p25, @p26, 2),
(@p27, @p28, @p29, @p30, @p31, @p32, @p33, @p34, @p35, 3),
(@p36, @p37, @p38, @p39, @p40, @p41, @p42, @p43, @p44, 4)) AS i ([Actors], [Director], [Duration], [Genre], [Poster], [ReleaseDate], [Status], [Title], [Trailer], _Position) ON 1=0
WHEN NOT MATCHED THEN
INSERT ([Actors], [Director], [Duration], [Genre], [Poster], [ReleaseDate], [Status], [Title], [Trailer])
VALUES (i.[Actors], i.[Director], i.[Duration], i.[Genre], i.[Poster], i.[ReleaseDate], i.[Status], i.[Title], i.[Trailer])
OUTPUT INSERTED.[MovieID], i._Position;
MERGE [PriceConfigs] USING (
VALUES (@p45, @p46, @p47, @p48, 0),
(@p49, @p50, @p51, @p52, 1),
(@p53, @p54, @p55, @p56, 2),
(@p57, @p58, @p59, @p60, 3),
(@p61, @p62, @p63, @p64, 4)) AS i ([ConfigCode], [ConfigName], [ConfigType], [SurchargeAmount], _Position) ON 1=0
WHEN NOT MATCHED THEN
INSERT ([ConfigCode], [ConfigName], [ConfigType], [SurchargeAmount])
VALUES (i.[ConfigCode], i.[ConfigName], i.[ConfigType], i.[SurchargeAmount])
OUTPUT INSERTED.[ConfigID], i._Position;
INSERT INTO [Promotions] ([Condition], [DiscountValue], [EndDate], [StartDate], [Status], [Title])
OUTPUT INSERTED.[PromoID]
VALUES (@p65, @p66, @p67, @p68, @p69, @p70);
MERGE [Seats] USING (
VALUES (@p71, @p72, @p73, @p74, @p75, 0),
(@p76, @p77, @p78, @p79, @p80, 1),
(@p81, @p82, @p83, @p84, @p85, 2),
(@p86, @p87, @p88, @p89, @p90, 3),
(@p91, @p92, @p93, @p94, @p95, 4),
(@p96, @p97, @p98, @p99, @p100, 5),
(@p101, @p102, @p103, @p104, @p105, 6),
(@p106, @p107, @p108, @p109, @p110, 7),
(@p111, @p112, @p113, @p114, @p115, 8),
(@p116, @p117, @p118, @p119, @p120, 9),
(@p121, @p122, @p123, @p124, @p125, 10),
(@p126, @p127, @p128, @p129, @p130, 11),
(@p131, @p132, @p133, @p134, @p135, 12),
(@p136, @p137, @p138, @p139, @p140, 13),
(@p141, @p142, @p143, @p144, @p145, 14),
(@p146, @p147, @p148, @p149, @p150, 15),
(@p151, @p152, @p153, @p154, @p155, 16),
(@p156, @p157, @p158, @p159, @p160, 17),
(@p161, @p162, @p163, @p164, @p165, 18),
(@p166, @p167, @p168, @p169, @p170, 19),
(@p171, @p172, @p173, @p174, @p175, 20),
(@p176, @p177, @p178, @p179, @p180, 21),
(@p181, @p182, @p183, @p184, @p185, 22),
(@p186, @p187, @p188, @p189, @p190, 23),
(@p191, @p192, @p193, @p194, @p195, 24),
(@p196, @p197, @p198, @p199, @p200, 25),
(@p201, @p202, @p203, @p204, @p205, 26),
(@p206, @p207, @p208, @p209, @p210, 27),
(@p211, @p212, @p213, @p214, @p215, 28),
(@p216, @p217, @p218, @p219, @p220, 29),
(@p221, @p222, @p223, @p224, @p225, 30)) AS i ([RoomID], [RowLabel], [SeatNumber], [SeatType], [Status], _Position) ON 1=0
WHEN NOT MATCHED THEN
INSERT ([RoomID], [RowLabel], [SeatNumber], [SeatType], [Status])
VALUES (i.[RoomID], i.[RowLabel], i.[SeatNumber], i.[SeatType], i.[Status])
OUTPUT INSERTED.[SeatID], i._Position;
[17:27:09 INF] Executed DbCommand (2ms) [Parameters=[@p0='?' (DbType = Int32), @p1='?' (Size = 2), @p2='?' (DbType = Int32), @p3='?' (Size = 20), @p4='?' (Size = 50), @p5='?' (DbType = Int32), @p6='?' (Size = 2), @p7='?' (DbType = Int32), @p8='?' (Size = 20), @p9='?' (Size = 50), @p10='?' (DbType = Int32), @p11='?' (Size = 2), @p12='?' (DbType = Int32), @p13='?' (Size = 20), @p14='?' (Size = 50), @p15='?' (DbType = Int32), @p16='?' (Size = 2), @p17='?' (DbType = Int32), @p18='?' (Size = 20), @p19='?' (Size = 50), @p20='?' (DbType = Int32), @p21='?' (Size = 2), @p22='?' (DbType = Int32), @p23='?' (Size = 20), @p24='?' (Size = 50), @p25='?' (DbType = Int32), @p26='?' (Size = 2), @p27='?' (DbType = Int32), @p28='?' (Size = 20), @p29='?' (Size = 50), @p30='?' (DbType = Int32), @p31='?' (Size = 2), @p32='?' (DbType = Int32), @p33='?' (Size = 20), @p34='?' (Size = 50), @p35='?' (DbType = Int32), @p36='?' (Size = 2), @p37='?' (DbType = Int32), @p38='?' (Size = 20), @p39='?' (Size = 50), @p40='?' (DbType = Int32), @p41='?' (Size = 2), @p42='?' (DbType = Int32), @p43='?' (Size = 20), @p44='?' (Size = 50), @p45='?' (DbType = Int32), @p46='?' (Size = 2), @p47='?' (DbType = Int32), @p48='?' (Size = 20), @p49='?' (Size = 50), @p50='?' (DbType = Int32), @p51='?' (Size = 2), @p52='?' (DbType = Int32), @p53='?' (Size = 20), @p54='?' (Size = 50), @p55='?' (DbType = Int32), @p56='?' (Size = 2), @p57='?' (DbType = Int32), @p58='?' (Size = 20), @p59='?' (Size = 50), @p60='?' (DbType = Int32), @p61='?' (Size = 2), @p62='?' (DbType = Int32), @p63='?' (Size = 20), @p64='?' (Size = 50), @p65='?' (DbType = Int32), @p66='?' (Size = 2), @p67='?' (DbType = Int32), @p68='?' (Size = 20), @p69='?' (Size = 50), @p70='?' (DbType = Int32), @p71='?' (Size = 2), @p72='?' (DbType = Int32), @p73='?' (Size = 20), @p74='?' (Size = 50), @p75='?' (DbType = Int32), @p76='?' (Size = 2), @p77='?' (DbType = Int32), @p78='?' (Size = 20), @p79='?' (Size = 50), @p80='?' (DbType = Int32), @p81='?' (Size = 2), @p82='?' (DbType = Int32), @p83='?' (Size = 20), @p84='?' (Size = 50), @p85='?' (DbType = Int32), @p86='?' (Size = 2), @p87='?' (DbType = Int32), @p88='?' (Size = 20), @p89='?' (Size = 50), @p90='?' (DbType = Int32), @p91='?' (Size = 2), @p92='?' (DbType = Int32), @p93='?' (Size = 20), @p94='?' (Size = 50), @p95='?' (DbType = Int32), @p96='?' (Size = 2), @p97='?' (DbType = Int32), @p98='?' (Size = 20), @p99='?' (Size = 50), @p100='?' (DbType = Int32), @p101='?' (Size = 2), @p102='?' (DbType = Int32), @p103='?' (Size = 20), @p104='?' (Size = 50), @p105='?' (DbType = Int32), @p106='?' (Size = 2), @p107='?' (DbType = Int32), @p108='?' (Size = 20), @p109='?' (Size = 50), @p110='?' (DbType = Int32), @p111='?' (Size = 2), @p112='?' (DbType = Int32), @p113='?' (Size = 20), @p114='?' (Size = 50), @p115='?' (DbType = Int32), @p116='?' (Size = 2), @p117='?' (DbType = Int32), @p118='?' (Size = 20), @p119='?' (Size = 50), @p120='?' (DbType = Int32), @p121='?' (Size = 2), @p122='?' (DbType = Int32), @p123='?' (Size = 20), @p124='?' (Size = 50), @p125='?' (DbType = Int32), @p126='?' (Size = 2), @p127='?' (DbType = Int32), @p128='?' (Size = 20), @p129='?' (Size = 50), @p130='?' (DbType = Int32), @p131='?' (Size = 2), @p132='?' (DbType = Int32), @p133='?' (Size = 20), @p134='?' (Size = 50), @p135='?' (DbType = Int32), @p136='?' (Size = 2), @p137='?' (DbType = Int32), @p138='?' (Size = 20), @p139='?' (Size = 50), @p140='?' (DbType = Int32), @p141='?' (Size = 2), @p142='?' (DbType = Int32), @p143='?' (Size = 20), @p144='?' (Size = 50), @p145='?' (DbType = Int32), @p146='?' (Size = 2), @p147='?' (DbType = Int32), @p148='?' (Size = 20), @p149='?' (Size = 50), @p150='?' (DbType = Int32), @p151='?' (Size = 2), @p152='?' (DbType = Int32), @p153='?' (Size = 20), @p154='?' (Size = 50), @p155='?' (DbType = Int32), @p156='?' (Size = 2), @p157='?' (DbType = Int32), @p158='?' (Size = 20), @p159='?' (Size = 50), @p160='?' (DbType = Int32), @p161='?' (Size = 2), @p162='?' (DbType = Int32), @p163='?' (Size = 20), @p164='?' (Size = 50), @p165='?' (DbType = Int32), @p166='?' (Size = 2), @p167='?' (DbType = Int32), @p168='?' (Size = 20), @p169='?' (Size = 50), @p170='?' (DbType = Int32), @p171='?' (Size = 2), @p172='?' (DbType = Int32), @p173='?' (Size = 20), @p174='?' (Size = 50), @p175='?' (DbType = Int32), @p176='?' (Size = 2), @p177='?' (DbType = Int32), @p178='?' (Size = 20), @p179='?' (Size = 50), @p180='?' (DbType = Int32), @p181='?' (Size = 2), @p182='?' (DbType = Int32), @p183='?' (Size = 20), @p184='?' (Size = 50), @p185='?' (DbType = Int32), @p186='?' (Size = 2), @p187='?' (DbType = Int32), @p188='?' (Size = 20), @p189='?' (Size = 50), @p190='?' (DbType = Int32), @p191='?' (Size = 2), @p192='?' (DbType = Int32), @p193='?' (Size = 20), @p194='?' (Size = 50), @p195='?' (DbType = Int32), @p196='?' (Size = 2), @p197='?' (DbType = Int32), @p198='?' (Size = 20), @p199='?' (Size = 50), @p200='?' (DbType = Int32), @p201='?' (Size = 2), @p202='?' (DbType = Int32), @p203='?' (Size = 20), @p204='?' (Size = 50), @p205='?' (DbType = Int32), @p206='?' (Size = 2), @p207='?' (DbType = Int32), @p208='?' (Size = 20), @p209='?' (Size = 50)], CommandType='Text', CommandTimeout='30']
SET IMPLICIT_TRANSACTIONS OFF;
SET NOCOUNT ON;
MERGE [Seats] USING (
VALUES (@p0, @p1, @p2, @p3, @p4, 0),
(@p5, @p6, @p7, @p8, @p9, 1),
(@p10, @p11, @p12, @p13, @p14, 2),
(@p15, @p16, @p17, @p18, @p19, 3),
(@p20, @p21, @p22, @p23, @p24, 4),
(@p25, @p26, @p27, @p28, @p29, 5),
(@p30, @p31, @p32, @p33, @p34, 6),
(@p35, @p36, @p37, @p38, @p39, 7),
(@p40, @p41, @p42, @p43, @p44, 8),
(@p45, @p46, @p47, @p48, @p49, 9),
(@p50, @p51, @p52, @p53, @p54, 10),
(@p55, @p56, @p57, @p58, @p59, 11),
(@p60, @p61, @p62, @p63, @p64, 12),
(@p65, @p66, @p67, @p68, @p69, 13),
(@p70, @p71, @p72, @p73, @p74, 14),
(@p75, @p76, @p77, @p78, @p79, 15),
(@p80, @p81, @p82, @p83, @p84, 16),
(@p85, @p86, @p87, @p88, @p89, 17),
(@p90, @p91, @p92, @p93, @p94, 18),
(@p95, @p96, @p97, @p98, @p99, 19),
(@p100, @p101, @p102, @p103, @p104, 20),
(@p105, @p106, @p107, @p108, @p109, 21),
(@p110, @p111, @p112, @p113, @p114, 22),
(@p115, @p116, @p117, @p118, @p119, 23),
(@p120, @p121, @p122, @p123, @p124, 24),
(@p125, @p126, @p127, @p128, @p129, 25),
(@p130, @p131, @p132, @p133, @p134, 26),
(@p135, @p136, @p137, @p138, @p139, 27),
(@p140, @p141, @p142, @p143, @p144, 28),
(@p145, @p146, @p147, @p148, @p149, 29),
(@p150, @p151, @p152, @p153, @p154, 30),
(@p155, @p156, @p157, @p158, @p159, 31),
(@p160, @p161, @p162, @p163, @p164, 32),
(@p165, @p166, @p167, @p168, @p169, 33),
(@p170, @p171, @p172, @p173, @p174, 34),
(@p175, @p176, @p177, @p178, @p179, 35),
(@p180, @p181, @p182, @p183, @p184, 36),
(@p185, @p186, @p187, @p188, @p189, 37),
(@p190, @p191, @p192, @p193, @p194, 38),
(@p195, @p196, @p197, @p198, @p199, 39),
(@p200, @p201, @p202, @p203, @p204, 40),
(@p205, @p206, @p207, @p208, @p209, 41)) AS i ([RoomID], [RowLabel], [SeatNumber], [SeatType], [Status], _Position) ON 1=0
WHEN NOT MATCHED THEN
INSERT ([RoomID], [RowLabel], [SeatNumber], [SeatType], [Status])
VALUES (i.[RoomID], i.[RowLabel], i.[SeatNumber], i.[SeatType], i.[Status])
OUTPUT INSERTED.[SeatID], i._Position;
[17:27:09 INF] Executed DbCommand (11ms) [Parameters=[@p0='?' (DbType = Int32), @p1='?' (Size = 2), @p2='?' (DbType = Int32), @p3='?' (Size = 20), @p4='?' (Size = 50), @p5='?' (DbType = Int32), @p6='?' (Size = 2), @p7='?' (DbType = Int32), @p8='?' (Size = 20), @p9='?' (Size = 50), @p10='?' (DbType = Int32), @p11='?' (Size = 2), @p12='?' (DbType = Int32), @p13='?' (Size = 20), @p14='?' (Size = 50), @p15='?' (DbType = Int32), @p16='?' (Size = 2), @p17='?' (DbType = Int32), @p18='?' (Size = 20), @p19='?' (Size = 50), @p20='?' (DbType = Int32), @p21='?' (Size = 2), @p22='?' (DbType = Int32), @p23='?' (Size = 20), @p24='?' (Size = 50), @p25='?' (DbType = Int32), @p26='?' (Size = 2), @p27='?' (DbType = Int32), @p28='?' (Size = 20), @p29='?' (Size = 50), @p30='?' (DbType = Int32), @p31='?' (Size = 2), @p32='?' (DbType = Int32), @p33='?' (Size = 20), @p34='?' (Size = 50), @p35='?' (DbType = Int32), @p36='?' (Size = 2), @p37='?' (DbType = Int32), @p38='?' (Size = 20), @p39='?' (Size = 50), @p40='?' (DbType = Int32), @p41='?' (Size = 2), @p42='?' (DbType = Int32), @p43='?' (Size = 20), @p44='?' (Size = 50), @p45='?' (DbType = Int32), @p46='?' (Size = 2), @p47='?' (DbType = Int32), @p48='?' (Size = 20), @p49='?' (Size = 50), @p50='?' (DbType = Int32), @p51='?' (Size = 2), @p52='?' (DbType = Int32), @p53='?' (Size = 20), @p54='?' (Size = 50), @p55='?' (DbType = Int32), @p56='?' (Size = 2), @p57='?' (DbType = Int32), @p58='?' (Size = 20), @p59='?' (Size = 50), @p60='?' (DbType = Int32), @p61='?' (Size = 2), @p62='?' (DbType = Int32), @p63='?' (Size = 20), @p64='?' (Size = 50), @p65='?' (DbType = Int32), @p66='?' (Size = 2), @p67='?' (DbType = Int32), @p68='?' (Size = 20), @p69='?' (Size = 50), @p70='?' (DbType = Int32), @p71='?' (Size = 2), @p72='?' (DbType = Int32), @p73='?' (Size = 20), @p74='?' (Size = 50), @p75='?' (DbType = Int32), @p76='?' (Size = 2), @p77='?' (DbType = Int32), @p78='?' (Size = 20), @p79='?' (Size = 50), @p80='?' (DbType = Int32), @p81='?' (Size = 2), @p82='?' (DbType = Int32), @p83='?' (Size = 20), @p84='?' (Size = 50), @p85='?' (DbType = Int32), @p86='?' (Size = 2), @p87='?' (DbType = Int32), @p88='?' (Size = 20), @p89='?' (Size = 50), @p90='?' (DbType = Int32), @p91='?' (Size = 2), @p92='?' (DbType = Int32), @p93='?' (Size = 20), @p94='?' (Size = 50), @p95='?' (DbType = Int32), @p96='?' (Size = 2), @p97='?' (DbType = Int32), @p98='?' (Size = 20), @p99='?' (Size = 50), @p100='?' (DbType = Int32), @p101='?' (Size = 2), @p102='?' (DbType = Int32), @p103='?' (Size = 20), @p104='?' (Size = 50), @p105='?' (DbType = Int32), @p106='?' (Size = 2), @p107='?' (DbType = Int32), @p108='?' (Size = 20), @p109='?' (Size = 50), @p110='?' (DbType = Int32), @p111='?' (Size = 2), @p112='?' (DbType = Int32), @p113='?' (Size = 20), @p114='?' (Size = 50), @p115='?' (DbType = Int32), @p116='?' (Size = 2), @p117='?' (DbType = Int32), @p118='?' (Size = 20), @p119='?' (Size = 50), @p120='?' (DbType = Int32), @p121='?' (Size = 2), @p122='?' (DbType = Int32), @p123='?' (Size = 20), @p124='?' (Size = 50), @p125='?' (DbType = Int32), @p126='?' (Size = 2), @p127='?' (DbType = Int32), @p128='?' (Size = 20), @p129='?' (Size = 50), @p130='?' (DbType = Int32), @p131='?' (Size = 2), @p132='?' (DbType = Int32), @p133='?' (Size = 20), @p134='?' (Size = 50)], CommandType='Text', CommandTimeout='30']
SET IMPLICIT_TRANSACTIONS OFF;
SET NOCOUNT ON;
MERGE [Seats] USING (
VALUES (@p0, @p1, @p2, @p3, @p4, 0),
(@p5, @p6, @p7, @p8, @p9, 1),
(@p10, @p11, @p12, @p13, @p14, 2),
(@p15, @p16, @p17, @p18, @p19, 3),
(@p20, @p21, @p22, @p23, @p24, 4),
(@p25, @p26, @p27, @p28, @p29, 5),
(@p30, @p31, @p32, @p33, @p34, 6),
(@p35, @p36, @p37, @p38, @p39, 7),
(@p40, @p41, @p42, @p43, @p44, 8),
(@p45, @p46, @p47, @p48, @p49, 9),
(@p50, @p51, @p52, @p53, @p54, 10),
(@p55, @p56, @p57, @p58, @p59, 11),
(@p60, @p61, @p62, @p63, @p64, 12),
(@p65, @p66, @p67, @p68, @p69, 13),
(@p70, @p71, @p72, @p73, @p74, 14),
(@p75, @p76, @p77, @p78, @p79, 15),
(@p80, @p81, @p82, @p83, @p84, 16),
(@p85, @p86, @p87, @p88, @p89, 17),
(@p90, @p91, @p92, @p93, @p94, 18),
(@p95, @p96, @p97, @p98, @p99, 19),
(@p100, @p101, @p102, @p103, @p104, 20),
(@p105, @p106, @p107, @p108, @p109, 21),
(@p110, @p111, @p112, @p113, @p114, 22),
(@p115, @p116, @p117, @p118, @p119, 23),
(@p120, @p121, @p122, @p123, @p124, 24),
(@p125, @p126, @p127, @p128, @p129, 25),
(@p130, @p131, @p132, @p133, @p134, 26)) AS i ([RoomID], [RowLabel], [SeatNumber], [SeatType], [Status], _Position) ON 1=0
WHEN NOT MATCHED THEN
INSERT ([RoomID], [RowLabel], [SeatNumber], [SeatType], [Status])
VALUES (i.[RoomID], i.[RowLabel], i.[SeatNumber], i.[SeatType], i.[Status])
OUTPUT INSERTED.[SeatID], i._Position;
[17:27:10 INF] User profile is available. Using 'C:\Users\lqhie\AppData\Local\ASP.NET\DataProtection-Keys' as key repository and Windows DPAPI to encrypt keys at rest.
[17:27:10 INF] Now listening on: http://localhost:5231
[17:27:10 INF] Application started. Press Ctrl+C to shut down.
[17:27:10 INF] Hosting environment: Development
[17:27:10 INF] Content root path: D:\AURACINEMA\AuraCinema.Web
[17:27:24 WRN] As of "05/10/2026 10:27:24 +00:00", the heartbeat has been running for "00:00:04.2987482" which is longer than "00:00:01". This could be caused by thread pool starvation.
