2026-06-03 23:55:39.001 +07:00 [INF] Executed DbCommand (31ms) [Parameters=[], CommandType='"Text"', CommandTimeout='30']
SELECT 1
2026-06-03 23:55:39.079 +07:00 [INF] Executed DbCommand (18ms) [Parameters=[], CommandType='"Text"', CommandTimeout='30']
SELECT OBJECT_ID(N'[__EFMigrationsHistory]');
2026-06-03 23:55:39.084 +07:00 [INF] Executed DbCommand (3ms) [Parameters=[], CommandType='"Text"', CommandTimeout='30']
SELECT 1
2026-06-03 23:55:39.086 +07:00 [INF] Executed DbCommand (1ms) [Parameters=[], CommandType='"Text"', CommandTimeout='30']
SELECT OBJECT_ID(N'[__EFMigrationsHistory]');
2026-06-03 23:55:39.099 +07:00 [INF] Executed DbCommand (3ms) [Parameters=[], CommandType='"Text"', CommandTimeout='30']
SELECT [MigrationId], [ProductVersion]
FROM [__EFMigrationsHistory]
ORDER BY [MigrationId];
2026-06-03 23:55:39.112 +07:00 [INF] No migrations were applied. The database is already up to date.
2026-06-03 23:55:39.300 +07:00 [INF] Executed DbCommand (1ms) [Parameters=[], CommandType='"Text"', CommandTimeout='30']
SELECT CASE
    WHEN EXISTS (
        SELECT 1
        FROM [Users] AS [u]
        WHERE [u].[Email] = N'admin@auracinema.vn') THEN CAST(1 AS bit)
    ELSE CAST(0 AS bit)
END
2026-06-03 23:55:39.306 +07:00 [INF] Executed DbCommand (1ms) [Parameters=[], CommandType='"Text"', CommandTimeout='30']
SELECT CASE
    WHEN EXISTS (
        SELECT 1
        FROM [Users] AS [u]
        WHERE [u].[Email] = N'staff@auracinema.vn') THEN CAST(1 AS bit)
    ELSE CAST(0 AS bit)
END
2026-06-03 23:55:39.310 +07:00 [INF] Executed DbCommand (1ms) [Parameters=[], CommandType='"Text"', CommandTimeout='30']
SELECT CASE
    WHEN EXISTS (
        SELECT 1
        FROM [Users] AS [u]
        WHERE [u].[Email] = N'customer@gmail.com') THEN CAST(1 AS bit)
    ELSE CAST(0 AS bit)
END
2026-06-03 23:55:39.375 +07:00 [INF] Executed DbCommand (1ms) [Parameters=[], CommandType='"Text"', CommandTimeout='30']
SELECT [u].[UserID], [u].[Email], [u].[FullName], [u].[OtpCode], [u].[OtpExpiry], [u].[Password], [u].[Phone], [u].[Role], [u].[Status], [u].[UserCode]
FROM [Users] AS [u]
WHERE [u].[UserCode] LIKE N''
2026-06-03 23:55:39.379 +07:00 [INF] Executed DbCommand (1ms) [Parameters=[], CommandType='"Text"', CommandTimeout='30']
SELECT CASE
    WHEN EXISTS (
        SELECT 1
        FROM [Rooms] AS [r]) THEN CAST(1 AS bit)
    ELSE CAST(0 AS bit)
END
2026-06-03 23:55:39.384 +07:00 [INF] Executed DbCommand (1ms) [Parameters=[], CommandType='"Text"', CommandTimeout='30']
SELECT CASE
    WHEN EXISTS (
        SELECT 1
        FROM [PriceConfigs] AS [p]) THEN CAST(1 AS bit)
    ELSE CAST(0 AS bit)
END
2026-06-03 23:55:39.386 +07:00 [INF] Executed DbCommand (1ms) [Parameters=[], CommandType='"Text"', CommandTimeout='30']
SELECT CASE
    WHEN EXISTS (
        SELECT 1
        FROM [Movies] AS [m]) THEN CAST(1 AS bit)
    ELSE CAST(0 AS bit)
END
2026-06-03 23:55:39.389 +07:00 [INF] Executed DbCommand (1ms) [Parameters=[], CommandType='"Text"', CommandTimeout='30']
SELECT CASE
    WHEN EXISTS (
        SELECT 1
        FROM [Services] AS [s]) THEN CAST(1 AS bit)
    ELSE CAST(0 AS bit)
END
2026-06-03 23:55:39.392 +07:00 [INF] Executed DbCommand (1ms) [Parameters=[], CommandType='"Text"', CommandTimeout='30']
SELECT CASE
    WHEN EXISTS (
        SELECT 1
        FROM [Promotions] AS [p]) THEN CAST(1 AS bit)
    ELSE CAST(0 AS bit)
END
2026-06-03 23:55:39.395 +07:00 [INF] Executed DbCommand (1ms) [Parameters=[], CommandType='"Text"', CommandTimeout='30']
SELECT CASE
    WHEN EXISTS (
        SELECT 1
        FROM [Showtimes] AS [s]) THEN CAST(1 AS bit)
    ELSE CAST(0 AS bit)
END
2026-06-03 23:55:39.408 +07:00 [INF] Executed DbCommand (1ms) [Parameters=[], CommandType='"Text"', CommandTimeout='30']
SELECT CASE
    WHEN EXISTS (
        SELECT 1
        FROM [Orders] AS [o]
        WHERE [o].[Status] IN (N'Da thanh toan', N'Đã thanh toán')) THEN CAST(1 AS bit)
    ELSE CAST(0 AS bit)
END
2026-06-03 23:55:39.476 +07:00 [INF] Executed DbCommand (12ms) [Parameters=[@__startDate_0='?' (DbType = DateTime2), @__AddDays_1='?' (DbType = DateTime2)], CommandType='"Text"', CommandTimeout='30']
SELECT COUNT(*)
FROM [Showtimes] AS [s]
WHERE [s].[StartTime] >= @__startDate_0 AND [s].[StartTime] <= @__AddDays_1
2026-06-03 23:55:39.579 +07:00 [INF] User profile is available. Using 'C:\Users\lqhie\AppData\Local\ASP.NET\DataProtection-Keys' as key repository and Windows DPAPI to encrypt keys at rest.
2026-06-03 23:55:39.617 +07:00 [INF] Booking Cleanup Service is starting.
2026-06-03 23:55:39.637 +07:00 [INF] Executed DbCommand (1ms) [Parameters=[], CommandType='"Text"', CommandTimeout='30']
SELECT [o].[OrderID], [o].[CheckInTime], [o].[FinalAmount], [o].[HoldExpiryTime], [o].[OrderCode], [o].[PayOSTransID], [o].[PromoID], [o].[QrCode], [o].[ShowtimeID], [o].[Status], [o].[TotalAmount], [o].[UserID]
FROM [Orders] AS [o]
WHERE [o].[Status] = N'Chờ thanh toán' AND [o].[HoldExpiryTime] <= GETDATE()
2026-06-03 23:55:39.677 +07:00 [ERR] Hosting failed to start
System.IO.IOException: Failed to bind to address http://127.0.0.1:5231: address already in use.
 ---> Microsoft.AspNetCore.Connections.AddressInUseException: Only one usage of each socket address (protocol/network address/port) is normally permitted.
 ---> System.Net.Sockets.SocketException (10048): Only one usage of each socket address (protocol/network address/port) is normally permitted.
   at System.Net.Sockets.Socket.UpdateStatusAfterSocketErrorAndThrowException(SocketError error, Boolean disconnectOnFailure, String callerName)
   at System.Net.Sockets.Socket.DoBind(EndPoint endPointSnapshot, SocketAddress socketAddress)
   at System.Net.Sockets.Socket.Bind(EndPoint localEP)
   at Microsoft.AspNetCore.Server.Kestrel.Transport.Sockets.SocketTransportOptions.CreateDefaultBoundListenSocket(EndPoint endpoint)
   at Microsoft.AspNetCore.Server.Kestrel.Transport.Sockets.SocketConnectionListener.Bind()
   --- End of inner exception stack trace ---
   at Microsoft.AspNetCore.Server.Kestrel.Transport.Sockets.SocketConnectionListener.Bind()
   at Microsoft.AspNetCore.Server.Kestrel.Transport.Sockets.SocketTransportFactory.BindAsync(EndPoint endpoint, CancellationToken cancellationToken)
   at Microsoft.AspNetCore.Server.Kestrel.Core.Internal.Infrastructure.TransportManager.BindAsync(EndPoint endPoint, ConnectionDelegate connectionDelegate, EndpointConfig endpointConfig, CancellationToken cancellationToken)
   at Microsoft.AspNetCore.Server.Kestrel.Core.KestrelServerImpl.<>c__DisplayClass28_0`1.<<StartAsync>g__OnBind|0>d.MoveNext()
--- End of stack trace from previous location ---
   at Microsoft.AspNetCore.Server.Kestrel.Core.Internal.AddressBinder.BindEndpointAsync(ListenOptions endpoint, AddressBindContext context, CancellationToken cancellationToken)
   --- End of inner exception stack trace ---
   at Microsoft.AspNetCore.Server.Kestrel.Core.Internal.AddressBinder.BindEndpointAsync(ListenOptions endpoint, AddressBindContext context, CancellationToken cancellationToken)
   at Microsoft.AspNetCore.Server.Kestrel.Core.LocalhostListenOptions.BindAsync(AddressBindContext context, CancellationToken cancellationToken)
   at Microsoft.AspNetCore.Server.Kestrel.Core.Internal.AddressBinder.AddressesStrategy.BindAsync(AddressBindContext context, CancellationToken cancellationToken)
   at Microsoft.AspNetCore.Server.Kestrel.Core.KestrelServerImpl.BindAsync(CancellationToken cancellationToken)
   at Microsoft.AspNetCore.Server.Kestrel.Core.KestrelServerImpl.StartAsync[TContext](IHttpApplication`1 application, CancellationToken cancellationToken)
   at Microsoft.AspNetCore.Hosting.GenericWebHostService.StartAsync(CancellationToken cancellationToken)
   at Microsoft.Extensions.Hosting.Internal.Host.<StartAsync>b__14_1(IHostedService service, CancellationToken token)
   at Microsoft.Extensions.Hosting.Internal.Host.ForeachService[T](IEnumerable`1 services, CancellationToken token, Boolean concurrent, Boolean abortOnFirstException, List`1 exceptions, Func`3 operation)
2026-06-03 23:55:39.700 +07:00 [INF] Executed DbCommand (1ms) [Parameters=[@__maxSellingDate_0='?' (DbType = DateTime2), @__now_1='?' (DbType = DateTime2)], CommandType='"Text"', CommandTimeout='30']
SELECT [s].[ShowtimeID], [s].[EndTime], [s].[MovieID], [s].[RoomID], [s].[ShowtimeCode], [s].[StartTime], [s].[Status]
FROM [Showtimes] AS [s]
WHERE [s].[Status] IN (N'Đã lên lịch', N'Sap chieu') AND CONVERT(date, [s].[StartTime]) <= @__maxSellingDate_0 AND [s].[StartTime] > @__now_1
2026-06-03 23:55:39.704 +07:00 [INF] Executed DbCommand (1ms) [Parameters=[@__now_0='?' (DbType = DateTime2)], CommandType='"Text"', CommandTimeout='30']
SELECT [s].[ShowtimeID], [s].[EndTime], [s].[MovieID], [s].[RoomID], [s].[ShowtimeCode], [s].[StartTime], [s].[Status]
FROM [Showtimes] AS [s]
WHERE [s].[Status] IN (N'Đã lên lịch', N'Đang mở bán', N'Sap chieu') AND [s].[StartTime] <= @__now_0 AND [s].[EndTime] > @__now_0
2026-06-03 23:55:39.708 +07:00 [INF] Executed DbCommand (1ms) [Parameters=[@__now_0='?' (DbType = DateTime2)], CommandType='"Text"', CommandTimeout='30']
SELECT [s].[ShowtimeID], [s].[EndTime], [s].[MovieID], [s].[RoomID], [s].[ShowtimeCode], [s].[StartTime], [s].[Status]
FROM [Showtimes] AS [s]
WHERE [s].[Status] IN (N'Đã lên lịch', N'Đang mở bán', N'Đang chiếu', N'Sap chieu', N'Dang dien ra') AND [s].[EndTime] <= @__now_0
2026-06-03 23:55:39.710 +07:00 [ERR] Error occurred in Booking Cleanup Service.
System.ObjectDisposedException: Cannot access a disposed object.
Object name: 'IServiceProvider'.
   at Microsoft.Extensions.DependencyInjection.ServiceLookup.ThrowHelper.ThrowObjectDisposedException()
   at Microsoft.Extensions.DependencyInjection.ServiceLookup.ServiceProviderEngineScope.GetService(Type serviceType)
   at Microsoft.Extensions.DependencyInjection.ServiceProviderServiceExtensions.GetRequiredService(IServiceProvider provider, Type serviceType)
   at Microsoft.Extensions.DependencyInjection.ServiceProviderServiceExtensions.GetRequiredService[T](IServiceProvider provider)
   at Microsoft.Extensions.DependencyInjection.ServiceProviderServiceExtensions.CreateScope(IServiceProvider provider)
   at AuraCinema.Web.Services.BookingCleanupService.UpdateMovieStatusAsync() in D:\AURACINEMA\AuraCinema.Web\Services\BookingCleanupService.cs:line 115
   at AuraCinema.Web.Services.BookingCleanupService.ExecuteAsync(CancellationToken stoppingToken) in D:\AURACINEMA\AuraCinema.Web\Services\BookingCleanupService.cs:line 30
2026-06-03 23:57:06.025 +07:00 [INF] Executed DbCommand (28ms) [Parameters=[], CommandType='"Text"', CommandTimeout='30']
SELECT 1
2026-06-03 23:57:06.109 +07:00 [INF] Executed DbCommand (19ms) [Parameters=[], CommandType='"Text"', CommandTimeout='30']
SELECT OBJECT_ID(N'[__EFMigrationsHistory]');
2026-06-03 23:57:06.113 +07:00 [INF] Executed DbCommand (1ms) [Parameters=[], CommandType='"Text"', CommandTimeout='30']
SELECT 1
2026-06-03 23:57:06.114 +07:00 [INF] Executed DbCommand (1ms) [Parameters=[], CommandType='"Text"', CommandTimeout='30']
SELECT OBJECT_ID(N'[__EFMigrationsHistory]');
2026-06-03 23:57:06.132 +07:00 [INF] Executed DbCommand (3ms) [Parameters=[], CommandType='"Text"', CommandTimeout='30']
SELECT [MigrationId], [ProductVersion]
FROM [__EFMigrationsHistory]
ORDER BY [MigrationId];
2026-06-03 23:57:06.148 +07:00 [INF] No migrations were applied. The database is already up to date.
2026-06-03 23:57:06.416 +07:00 [INF] Executed DbCommand (4ms) [Parameters=[], CommandType='"Text"', CommandTimeout='30']
SELECT CASE
    WHEN EXISTS (
        SELECT 1
        FROM [Users] AS [u]
        WHERE [u].[Email] = N'admin@auracinema.vn') THEN CAST(1 AS bit)
    ELSE CAST(0 AS bit)
END
2026-06-03 23:57:06.434 +07:00 [INF] Executed DbCommand (4ms) [Parameters=[], CommandType='"Text"', CommandTimeout='30']
SELECT CASE
    WHEN EXISTS (
        SELECT 1
        FROM [Users] AS [u]
        WHERE [u].[Email] = N'staff@auracinema.vn') THEN CAST(1 AS bit)
    ELSE CAST(0 AS bit)
END
2026-06-03 23:57:06.448 +07:00 [INF] Executed DbCommand (4ms) [Parameters=[], CommandType='"Text"', CommandTimeout='30']
SELECT CASE
    WHEN EXISTS (
        SELECT 1
        FROM [Users] AS [u]
        WHERE [u].[Email] = N'customer@gmail.com') THEN CAST(1 AS bit)
    ELSE CAST(0 AS bit)
END
2026-06-03 23:57:06.545 +07:00 [INF] Executed DbCommand (5ms) [Parameters=[], CommandType='"Text"', CommandTimeout='30']
SELECT [u].[UserID], [u].[Email], [u].[FullName], [u].[OtpCode], [u].[OtpExpiry], [u].[Password], [u].[Phone], [u].[Role], [u].[Status], [u].[UserCode]
FROM [Users] AS [u]
WHERE [u].[UserCode] LIKE N''
2026-06-03 23:57:06.554 +07:00 [INF] Executed DbCommand (4ms) [Parameters=[], CommandType='"Text"', CommandTimeout='30']
SELECT CASE
    WHEN EXISTS (
        SELECT 1
        FROM [Rooms] AS [r]) THEN CAST(1 AS bit)
    ELSE CAST(0 AS bit)
END
2026-06-03 23:57:06.561 +07:00 [INF] Executed DbCommand (3ms) [Parameters=[], CommandType='"Text"', CommandTimeout='30']
SELECT CASE
    WHEN EXISTS (
        SELECT 1
        FROM [PriceConfigs] AS [p]) THEN CAST(1 AS bit)
    ELSE CAST(0 AS bit)
END
2026-06-03 23:57:06.567 +07:00 [INF] Executed DbCommand (3ms) [Parameters=[], CommandType='"Text"', CommandTimeout='30']
SELECT CASE
    WHEN EXISTS (
        SELECT 1
        FROM [Movies] AS [m]) THEN CAST(1 AS bit)
    ELSE CAST(0 AS bit)
END
2026-06-03 23:57:06.576 +07:00 [INF] Executed DbCommand (4ms) [Parameters=[], CommandType='"Text"', CommandTimeout='30']
SELECT CASE
    WHEN EXISTS (
        SELECT 1
        FROM [Services] AS [s]) THEN CAST(1 AS bit)
    ELSE CAST(0 AS bit)
END
2026-06-03 23:57:06.580 +07:00 [INF] Executed DbCommand (2ms) [Parameters=[], CommandType='"Text"', CommandTimeout='30']
SELECT CASE
    WHEN EXISTS (
        SELECT 1
        FROM [Promotions] AS [p]) THEN CAST(1 AS bit)
    ELSE CAST(0 AS bit)
END
2026-06-03 23:57:06.587 +07:00 [INF] Executed DbCommand (3ms) [Parameters=[], CommandType='"Text"', CommandTimeout='30']
SELECT CASE
    WHEN EXISTS (
        SELECT 1
        FROM [Showtimes] AS [s]) THEN CAST(1 AS bit)
    ELSE CAST(0 AS bit)
END
2026-06-03 23:57:06.602 +07:00 [INF] Executed DbCommand (3ms) [Parameters=[], CommandType='"Text"', CommandTimeout='30']
SELECT CASE
    WHEN EXISTS (
        SELECT 1
        FROM [Orders] AS [o]
        WHERE [o].[Status] IN (N'Da thanh toan', N'Đã thanh toán')) THEN CAST(1 AS bit)
    ELSE CAST(0 AS bit)
END
2026-06-03 23:57:06.709 +07:00 [INF] Executed DbCommand (54ms) [Parameters=[@__startDate_0='?' (DbType = DateTime2), @__AddDays_1='?' (DbType = DateTime2)], CommandType='"Text"', CommandTimeout='30']
SELECT COUNT(*)
FROM [Showtimes] AS [s]
WHERE [s].[StartTime] >= @__startDate_0 AND [s].[StartTime] <= @__AddDays_1
2026-06-03 23:57:06.874 +07:00 [INF] User profile is available. Using 'C:\Users\lqhie\AppData\Local\ASP.NET\DataProtection-Keys' as key repository and Windows DPAPI to encrypt keys at rest.
2026-06-03 23:57:06.962 +07:00 [INF] Booking Cleanup Service is starting.
2026-06-03 23:57:07.035 +07:00 [INF] Executed DbCommand (6ms) [Parameters=[], CommandType='"Text"', CommandTimeout='30']
SELECT [o].[OrderID], [o].[CheckInTime], [o].[FinalAmount], [o].[HoldExpiryTime], [o].[OrderCode], [o].[PayOSTransID], [o].[PromoID], [o].[QrCode], [o].[ShowtimeID], [o].[Status], [o].[TotalAmount], [o].[UserID]
FROM [Orders] AS [o]
WHERE [o].[Status] = N'Chờ thanh toán' AND [o].[HoldExpiryTime] <= GETDATE()
2026-06-03 23:57:07.127 +07:00 [INF] Now listening on: http://localhost:5231
2026-06-03 23:57:07.128 +07:00 [INF] Application started. Press Ctrl+C to shut down.
2026-06-03 23:57:07.129 +07:00 [INF] Hosting environment: Development
2026-06-03 23:57:07.129 +07:00 [INF] Content root path: D:\AURACINEMA\AuraCinema.Web
2026-06-03 23:57:07.235 +07:00 [INF] Executed DbCommand (3ms) [Parameters=[@__maxSellingDate_0='?' (DbType = DateTime2), @__now_1='?' (DbType = DateTime2)], CommandType='"Text"', CommandTimeout='30']
SELECT [s].[ShowtimeID], [s].[EndTime], [s].[MovieID], [s].[RoomID], [s].[ShowtimeCode], [s].[StartTime], [s].[Status]
FROM [Showtimes] AS [s]
WHERE [s].[Status] IN (N'Đã lên lịch', N'Sap chieu') AND CONVERT(date, [s].[StartTime]) <= @__maxSellingDate_0 AND [s].[StartTime] > @__now_1
2026-06-03 23:57:07.248 +07:00 [INF] Executed DbCommand (2ms) [Parameters=[@__now_0='?' (DbType = DateTime2)], CommandType='"Text"', CommandTimeout='30']
SELECT [s].[ShowtimeID], [s].[EndTime], [s].[MovieID], [s].[RoomID], [s].[ShowtimeCode], [s].[StartTime], [s].[Status]
FROM [Showtimes] AS [s]
WHERE [s].[Status] IN (N'Đã lên lịch', N'Đang mở bán', N'Sap chieu') AND [s].[StartTime] <= @__now_0 AND [s].[EndTime] > @__now_0
2026-06-03 23:57:07.261 +07:00 [INF] Executed DbCommand (2ms) [Parameters=[@__now_0='?' (DbType = DateTime2)], CommandType='"Text"', CommandTimeout='30']
SELECT [s].[ShowtimeID], [s].[EndTime], [s].[MovieID], [s].[RoomID], [s].[ShowtimeCode], [s].[StartTime], [s].[Status]
FROM [Showtimes] AS [s]
WHERE [s].[Status] IN (N'Đã lên lịch', N'Đang mở bán', N'Đang chiếu', N'Sap chieu', N'Dang dien ra') AND [s].[EndTime] <= @__now_0
2026-06-03 23:57:07.287 +07:00 [INF] Executed DbCommand (3ms) [Parameters=[@__today_0='?' (DbType = Date)], CommandType='"Text"', CommandTimeout='30']
SELECT [m].[MovieID], [m].[Actors], [m].[Description], [m].[Director], [m].[Duration], [m].[Genre], [m].[MovieCode], [m].[Poster], [m].[ReleaseDate], [m].[Status], [m].[Title], [m].[Trailer]
FROM [Movies] AS [m]
WHERE [m].[Status] = N'Sap chieu' AND [m].[ReleaseDate] <= @__today_0
2026-06-03 23:58:07.322 +07:00 [INF] Executed DbCommand (1ms) [Parameters=[], CommandType='"Text"', CommandTimeout='30']
SELECT [o].[OrderID], [o].[CheckInTime], [o].[FinalAmount], [o].[HoldExpiryTime], [o].[OrderCode], [o].[PayOSTransID], [o].[PromoID], [o].[QrCode], [o].[ShowtimeID], [o].[Status], [o].[TotalAmount], [o].[UserID]
FROM [Orders] AS [o]
WHERE [o].[Status] = N'Chờ thanh toán' AND [o].[HoldExpiryTime] <= GETDATE()
2026-06-03 23:58:07.325 +07:00 [INF] Executed DbCommand (1ms) [Parameters=[@__maxSellingDate_0='?' (DbType = DateTime2), @__now_1='?' (DbType = DateTime2)], CommandType='"Text"', CommandTimeout='30']
SELECT [s].[ShowtimeID], [s].[EndTime], [s].[MovieID], [s].[RoomID], [s].[ShowtimeCode], [s].[StartTime], [s].[Status]
FROM [Showtimes] AS [s]
WHERE [s].[Status] IN (N'Đã lên lịch', N'Sap chieu') AND CONVERT(date, [s].[StartTime]) <= @__maxSellingDate_0 AND [s].[StartTime] > @__now_1
2026-06-03 23:58:07.326 +07:00 [INF] Executed DbCommand (0ms) [Parameters=[@__now_0='?' (DbType = DateTime2)], CommandType='"Text"', CommandTimeout='30']
SELECT [s].[ShowtimeID], [s].[EndTime], [s].[MovieID], [s].[RoomID], [s].[ShowtimeCode], [s].[StartTime], [s].[Status]
FROM [Showtimes] AS [s]
WHERE [s].[Status] IN (N'Đã lên lịch', N'Đang mở bán', N'Sap chieu') AND [s].[StartTime] <= @__now_0 AND [s].[EndTime] > @__now_0
2026-06-03 23:58:07.328 +07:00 [INF] Executed DbCommand (1ms) [Parameters=[@__now_0='?' (DbType = DateTime2)], CommandType='"Text"', CommandTimeout='30']
SELECT [s].[ShowtimeID], [s].[EndTime], [s].[MovieID], [s].[RoomID], [s].[ShowtimeCode], [s].[StartTime], [s].[Status]
FROM [Showtimes] AS [s]
WHERE [s].[Status] IN (N'Đã lên lịch', N'Đang mở bán', N'Đang chiếu', N'Sap chieu', N'Dang dien ra') AND [s].[EndTime] <= @__now_0
2026-06-03 23:58:07.330 +07:00 [INF] Executed DbCommand (0ms) [Parameters=[@__today_0='?' (DbType = Date)], CommandType='"Text"', CommandTimeout='30']
SELECT [m].[MovieID], [m].[Actors], [m].[Description], [m].[Director], [m].[Duration], [m].[Genre], [m].[MovieCode], [m].[Poster], [m].[ReleaseDate], [m].[Status], [m].[Title], [m].[Trailer]
FROM [Movies] AS [m]
WHERE [m].[Status] = N'Sap chieu' AND [m].[ReleaseDate] <= @__today_0
2026-06-03 23:59:07.338 +07:00 [INF] Executed DbCommand (2ms) [Parameters=[], CommandType='"Text"', CommandTimeout='30']
SELECT [o].[OrderID], [o].[CheckInTime], [o].[FinalAmount], [o].[HoldExpiryTime], [o].[OrderCode], [o].[PayOSTransID], [o].[PromoID], [o].[QrCode], [o].[ShowtimeID], [o].[Status], [o].[TotalAmount], [o].[UserID]
FROM [Orders] AS [o]
WHERE [o].[Status] = N'Chờ thanh toán' AND [o].[HoldExpiryTime] <= GETDATE()
2026-06-03 23:59:07.343 +07:00 [INF] Executed DbCommand (1ms) [Parameters=[@__maxSellingDate_0='?' (DbType = DateTime2), @__now_1='?' (DbType = DateTime2)], CommandType='"Text"', CommandTimeout='30']
SELECT [s].[ShowtimeID], [s].[EndTime], [s].[MovieID], [s].[RoomID], [s].[ShowtimeCode], [s].[StartTime], [s].[Status]
FROM [Showtimes] AS [s]
WHERE [s].[Status] IN (N'Đã lên lịch', N'Sap chieu') AND CONVERT(date, [s].[StartTime]) <= @__maxSellingDate_0 AND [s].[StartTime] > @__now_1
2026-06-03 23:59:07.348 +07:00 [INF] Executed DbCommand (3ms) [Parameters=[@__now_0='?' (DbType = DateTime2)], CommandType='"Text"', CommandTimeout='30']
SELECT [s].[ShowtimeID], [s].[EndTime], [s].[MovieID], [s].[RoomID], [s].[ShowtimeCode], [s].[StartTime], [s].[Status]
FROM [Showtimes] AS [s]
WHERE [s].[Status] IN (N'Đã lên lịch', N'Đang mở bán', N'Sap chieu') AND [s].[StartTime] <= @__now_0 AND [s].[EndTime] > @__now_0
2026-06-03 23:59:07.352 +07:00 [INF] Executed DbCommand (1ms) [Parameters=[@__now_0='?' (DbType = DateTime2)], CommandType='"Text"', CommandTimeout='30']
SELECT [s].[ShowtimeID], [s].[EndTime], [s].[MovieID], [s].[RoomID], [s].[ShowtimeCode], [s].[StartTime], [s].[Status]
FROM [Showtimes] AS [s]
WHERE [s].[Status] IN (N'Đã lên lịch', N'Đang mở bán', N'Đang chiếu', N'Sap chieu', N'Dang dien ra') AND [s].[EndTime] <= @__now_0
2026-06-03 23:59:07.356 +07:00 [INF] Executed DbCommand (1ms) [Parameters=[@__today_0='?' (DbType = Date)], CommandType='"Text"', CommandTimeout='30']
SELECT [m].[MovieID], [m].[Actors], [m].[Description], [m].[Director], [m].[Duration], [m].[Genre], [m].[MovieCode], [m].[Poster], [m].[ReleaseDate], [m].[Status], [m].[Title], [m].[Trailer]
FROM [Movies] AS [m]
WHERE [m].[Status] = N'Sap chieu' AND [m].[ReleaseDate] <= @__today_0
