2026-05-31 15:44:23.918 +07:00 [INF] Executed DbCommand (59ms) [Parameters=[], CommandType='"Text"', CommandTimeout='30']
SELECT 1
2026-05-31 15:44:24.043 +07:00 [INF] Executed DbCommand (28ms) [Parameters=[], CommandType='"Text"', CommandTimeout='30']
SELECT OBJECT_ID(N'[__EFMigrationsHistory]');
2026-05-31 15:44:24.047 +07:00 [INF] Executed DbCommand (1ms) [Parameters=[], CommandType='"Text"', CommandTimeout='30']
SELECT 1
2026-05-31 15:44:24.048 +07:00 [INF] Executed DbCommand (1ms) [Parameters=[], CommandType='"Text"', CommandTimeout='30']
SELECT OBJECT_ID(N'[__EFMigrationsHistory]');
2026-05-31 15:44:24.080 +07:00 [INF] Executed DbCommand (5ms) [Parameters=[], CommandType='"Text"', CommandTimeout='30']
SELECT [MigrationId], [ProductVersion]
FROM [__EFMigrationsHistory]
ORDER BY [MigrationId];
2026-05-31 15:44:24.117 +07:00 [INF] No migrations were applied. The database is already up to date.
2026-05-31 15:44:24.408 +07:00 [INF] Executed DbCommand (3ms) [Parameters=[], CommandType='"Text"', CommandTimeout='30']
SELECT CASE
    WHEN EXISTS (
        SELECT 1
        FROM [Users] AS [u]
        WHERE [u].[Email] = N'admin@auracinema.vn') THEN CAST(1 AS bit)
    ELSE CAST(0 AS bit)
END
2026-05-31 15:44:24.419 +07:00 [INF] Executed DbCommand (2ms) [Parameters=[], CommandType='"Text"', CommandTimeout='30']
SELECT CASE
    WHEN EXISTS (
        SELECT 1
        FROM [Users] AS [u]
        WHERE [u].[Email] = N'staff@auracinema.vn') THEN CAST(1 AS bit)
    ELSE CAST(0 AS bit)
END
2026-05-31 15:44:24.424 +07:00 [INF] Executed DbCommand (1ms) [Parameters=[], CommandType='"Text"', CommandTimeout='30']
SELECT CASE
    WHEN EXISTS (
        SELECT 1
        FROM [Users] AS [u]
        WHERE [u].[Email] = N'customer@gmail.com') THEN CAST(1 AS bit)
    ELSE CAST(0 AS bit)
END
2026-05-31 15:44:24.508 +07:00 [INF] Executed DbCommand (2ms) [Parameters=[], CommandType='"Text"', CommandTimeout='30']
SELECT [u].[UserID], [u].[Email], [u].[FullName], [u].[OtpCode], [u].[OtpExpiry], [u].[Password], [u].[Phone], [u].[Role], [u].[Status], [u].[UserCode]
FROM [Users] AS [u]
WHERE [u].[UserCode] LIKE N''
2026-05-31 15:44:24.515 +07:00 [INF] Executed DbCommand (2ms) [Parameters=[], CommandType='"Text"', CommandTimeout='30']
SELECT CASE
    WHEN EXISTS (
        SELECT 1
        FROM [Rooms] AS [r]) THEN CAST(1 AS bit)
    ELSE CAST(0 AS bit)
END
2026-05-31 15:44:24.522 +07:00 [INF] Executed DbCommand (4ms) [Parameters=[], CommandType='"Text"', CommandTimeout='30']
SELECT CASE
    WHEN EXISTS (
        SELECT 1
        FROM [PriceConfigs] AS [p]) THEN CAST(1 AS bit)
    ELSE CAST(0 AS bit)
END
2026-05-31 15:44:24.532 +07:00 [INF] Executed DbCommand (8ms) [Parameters=[], CommandType='"Text"', CommandTimeout='30']
SELECT CASE
    WHEN EXISTS (
        SELECT 1
        FROM [Movies] AS [m]) THEN CAST(1 AS bit)
    ELSE CAST(0 AS bit)
END
2026-05-31 15:44:24.537 +07:00 [INF] Executed DbCommand (2ms) [Parameters=[], CommandType='"Text"', CommandTimeout='30']
SELECT CASE
    WHEN EXISTS (
        SELECT 1
        FROM [Services] AS [s]) THEN CAST(1 AS bit)
    ELSE CAST(0 AS bit)
END
2026-05-31 15:44:24.542 +07:00 [INF] Executed DbCommand (2ms) [Parameters=[], CommandType='"Text"', CommandTimeout='30']
SELECT CASE
    WHEN EXISTS (
        SELECT 1
        FROM [Promotions] AS [p]) THEN CAST(1 AS bit)
    ELSE CAST(0 AS bit)
END
2026-05-31 15:44:24.546 +07:00 [INF] Executed DbCommand (2ms) [Parameters=[], CommandType='"Text"', CommandTimeout='30']
SELECT CASE
    WHEN EXISTS (
        SELECT 1
        FROM [Showtimes] AS [s]) THEN CAST(1 AS bit)
    ELSE CAST(0 AS bit)
END
2026-05-31 15:44:24.563 +07:00 [INF] Executed DbCommand (3ms) [Parameters=[], CommandType='"Text"', CommandTimeout='30']
SELECT CASE
    WHEN EXISTS (
        SELECT 1
        FROM [Orders] AS [o]
        WHERE [o].[Status] IN (N'Da thanh toan', N'Đã thanh toán')) THEN CAST(1 AS bit)
    ELSE CAST(0 AS bit)
END
2026-05-31 15:44:24.736 +07:00 [INF] Executed DbCommand (98ms) [Parameters=[@__startDate_0='?' (DbType = DateTime2), @__AddDays_1='?' (DbType = DateTime2)], CommandType='"Text"', CommandTimeout='30']
SELECT COUNT(*)
FROM [Showtimes] AS [s]
WHERE [s].[StartTime] >= @__startDate_0 AND [s].[StartTime] <= @__AddDays_1
2026-05-31 15:44:25.175 +07:00 [INF] User profile is available. Using 'C:\Users\lqhie\AppData\Local\ASP.NET\DataProtection-Keys' as key repository and Windows DPAPI to encrypt keys at rest.
2026-05-31 15:44:25.255 +07:00 [INF] Booking Cleanup Service is starting.
2026-05-31 15:44:25.284 +07:00 [INF] Executed DbCommand (3ms) [Parameters=[], CommandType='"Text"', CommandTimeout='30']
SELECT [o].[OrderID], [o].[CheckInTime], [o].[FinalAmount], [o].[HoldExpiryTime], [o].[OrderCode], [o].[PayOSTransID], [o].[PromoID], [o].[QrCode], [o].[ShowtimeID], [o].[Status], [o].[TotalAmount], [o].[UserID]
FROM [Orders] AS [o]
WHERE [o].[Status] = N'Chờ thanh toán' AND [o].[HoldExpiryTime] <= GETDATE()
2026-05-31 15:44:25.340 +07:00 [INF] Now listening on: http://localhost:5231
2026-05-31 15:44:25.340 +07:00 [INF] Application started. Press Ctrl+C to shut down.
2026-05-31 15:44:25.341 +07:00 [INF] Hosting environment: Development
2026-05-31 15:44:25.341 +07:00 [INF] Content root path: D:\AURACINEMA\AuraCinema.Web
2026-05-31 15:44:25.375 +07:00 [INF] Executed DbCommand (3ms) [Parameters=[@__maxSellingDate_0='?' (DbType = DateTime2), @__now_1='?' (DbType = DateTime2)], CommandType='"Text"', CommandTimeout='30']
SELECT [s].[ShowtimeID], [s].[EndTime], [s].[MovieID], [s].[RoomID], [s].[ShowtimeCode], [s].[StartTime], [s].[Status]
FROM [Showtimes] AS [s]
WHERE [s].[Status] IN (N'Đã lên lịch', N'Sap chieu') AND CONVERT(date, [s].[StartTime]) <= @__maxSellingDate_0 AND [s].[StartTime] > @__now_1
2026-05-31 15:44:25.471 +07:00 [INF] Executed DbCommand (5ms) [Parameters=[@__now_0='?' (DbType = DateTime2)], CommandType='"Text"', CommandTimeout='30']
SELECT [s].[ShowtimeID], [s].[EndTime], [s].[MovieID], [s].[RoomID], [s].[ShowtimeCode], [s].[StartTime], [s].[Status]
FROM [Showtimes] AS [s]
WHERE [s].[Status] IN (N'Đã lên lịch', N'Đang mở bán', N'Sap chieu') AND [s].[StartTime] <= @__now_0 AND [s].[EndTime] > @__now_0
2026-05-31 15:44:25.480 +07:00 [INF] Executed DbCommand (4ms) [Parameters=[@__now_0='?' (DbType = DateTime2)], CommandType='"Text"', CommandTimeout='30']
SELECT [s].[ShowtimeID], [s].[EndTime], [s].[MovieID], [s].[RoomID], [s].[ShowtimeCode], [s].[StartTime], [s].[Status]
FROM [Showtimes] AS [s]
WHERE [s].[Status] IN (N'Đã lên lịch', N'Đang mở bán', N'Đang chiếu', N'Sap chieu', N'Dang dien ra') AND [s].[EndTime] <= @__now_0
2026-05-31 15:44:25.481 +07:00 [INF] Updated showtime status: 8 → Đang mở bán, 0 → Đang chiếu, 5 → Đã kết thúc.
2026-05-31 15:44:25.611 +07:00 [INF] Executed DbCommand (16ms) [Parameters=[@p1='?' (DbType = Int32), @p0='?' (Size = 4000), @p3='?' (DbType = Int32), @p2='?' (Size = 4000), @p5='?' (DbType = Int32), @p4='?' (Size = 4000), @p7='?' (DbType = Int32), @p6='?' (Size = 4000), @p9='?' (DbType = Int32), @p8='?' (Size = 4000), @p11='?' (DbType = Int32), @p10='?' (Size = 4000), @p13='?' (DbType = Int32), @p12='?' (Size = 4000), @p15='?' (DbType = Int32), @p14='?' (Size = 4000), @p17='?' (DbType = Int32), @p16='?' (Size = 4000), @p19='?' (DbType = Int32), @p18='?' (Size = 4000), @p21='?' (DbType = Int32), @p20='?' (Size = 4000), @p23='?' (DbType = Int32), @p22='?' (Size = 4000), @p25='?' (DbType = Int32), @p24='?' (Size = 4000)], CommandType='"Text"', CommandTimeout='30']
SET NOCOUNT ON;
UPDATE [Showtimes] SET [Status] = @p0
OUTPUT 1
WHERE [ShowtimeID] = @p1;
UPDATE [Showtimes] SET [Status] = @p2
OUTPUT 1
WHERE [ShowtimeID] = @p3;
UPDATE [Showtimes] SET [Status] = @p4
OUTPUT 1
WHERE [ShowtimeID] = @p5;
UPDATE [Showtimes] SET [Status] = @p6
OUTPUT 1
WHERE [ShowtimeID] = @p7;
UPDATE [Showtimes] SET [Status] = @p8
OUTPUT 1
WHERE [ShowtimeID] = @p9;
UPDATE [Showtimes] SET [Status] = @p10
OUTPUT 1
WHERE [ShowtimeID] = @p11;
UPDATE [Showtimes] SET [Status] = @p12
OUTPUT 1
WHERE [ShowtimeID] = @p13;
UPDATE [Showtimes] SET [Status] = @p14
OUTPUT 1
WHERE [ShowtimeID] = @p15;
UPDATE [Showtimes] SET [Status] = @p16
OUTPUT 1
WHERE [ShowtimeID] = @p17;
UPDATE [Showtimes] SET [Status] = @p18
OUTPUT 1
WHERE [ShowtimeID] = @p19;
UPDATE [Showtimes] SET [Status] = @p20
OUTPUT 1
WHERE [ShowtimeID] = @p21;
UPDATE [Showtimes] SET [Status] = @p22
OUTPUT 1
WHERE [ShowtimeID] = @p23;
UPDATE [Showtimes] SET [Status] = @p24
OUTPUT 1
WHERE [ShowtimeID] = @p25;
2026-05-31 15:44:25.651 +07:00 [INF] Executed DbCommand (3ms) [Parameters=[@__today_0='?' (DbType = Date)], CommandType='"Text"', CommandTimeout='30']
SELECT [m].[MovieID], [m].[Actors], [m].[Description], [m].[Director], [m].[Duration], [m].[Genre], [m].[MovieCode], [m].[Poster], [m].[ReleaseDate], [m].[Status], [m].[Title], [m].[Trailer]
FROM [Movies] AS [m]
WHERE [m].[Status] = N'Sap chieu' AND [m].[ReleaseDate] <= @__today_0
2026-05-31 15:45:25.684 +07:00 [INF] Executed DbCommand (1ms) [Parameters=[], CommandType='"Text"', CommandTimeout='30']
SELECT [o].[OrderID], [o].[CheckInTime], [o].[FinalAmount], [o].[HoldExpiryTime], [o].[OrderCode], [o].[PayOSTransID], [o].[PromoID], [o].[QrCode], [o].[ShowtimeID], [o].[Status], [o].[TotalAmount], [o].[UserID]
FROM [Orders] AS [o]
WHERE [o].[Status] = N'Chờ thanh toán' AND [o].[HoldExpiryTime] <= GETDATE()
2026-05-31 15:45:25.686 +07:00 [INF] Executed DbCommand (1ms) [Parameters=[@__maxSellingDate_0='?' (DbType = DateTime2), @__now_1='?' (DbType = DateTime2)], CommandType='"Text"', CommandTimeout='30']
SELECT [s].[ShowtimeID], [s].[EndTime], [s].[MovieID], [s].[RoomID], [s].[ShowtimeCode], [s].[StartTime], [s].[Status]
FROM [Showtimes] AS [s]
WHERE [s].[Status] IN (N'Đã lên lịch', N'Sap chieu') AND CONVERT(date, [s].[StartTime]) <= @__maxSellingDate_0 AND [s].[StartTime] > @__now_1
2026-05-31 15:45:25.688 +07:00 [INF] Executed DbCommand (1ms) [Parameters=[@__now_0='?' (DbType = DateTime2)], CommandType='"Text"', CommandTimeout='30']
SELECT [s].[ShowtimeID], [s].[EndTime], [s].[MovieID], [s].[RoomID], [s].[ShowtimeCode], [s].[StartTime], [s].[Status]
FROM [Showtimes] AS [s]
WHERE [s].[Status] IN (N'Đã lên lịch', N'Đang mở bán', N'Sap chieu') AND [s].[StartTime] <= @__now_0 AND [s].[EndTime] > @__now_0
2026-05-31 15:45:25.689 +07:00 [INF] Executed DbCommand (1ms) [Parameters=[@__now_0='?' (DbType = DateTime2)], CommandType='"Text"', CommandTimeout='30']
SELECT [s].[ShowtimeID], [s].[EndTime], [s].[MovieID], [s].[RoomID], [s].[ShowtimeCode], [s].[StartTime], [s].[Status]
FROM [Showtimes] AS [s]
WHERE [s].[Status] IN (N'Đã lên lịch', N'Đang mở bán', N'Đang chiếu', N'Sap chieu', N'Dang dien ra') AND [s].[EndTime] <= @__now_0
2026-05-31 15:45:25.690 +07:00 [INF] Executed DbCommand (0ms) [Parameters=[@__today_0='?' (DbType = Date)], CommandType='"Text"', CommandTimeout='30']
SELECT [m].[MovieID], [m].[Actors], [m].[Description], [m].[Director], [m].[Duration], [m].[Genre], [m].[MovieCode], [m].[Poster], [m].[ReleaseDate], [m].[Status], [m].[Title], [m].[Trailer]
FROM [Movies] AS [m]
WHERE [m].[Status] = N'Sap chieu' AND [m].[ReleaseDate] <= @__today_0
2026-05-31 15:46:22.024 +07:00 [INF] Request starting HTTP/1.1 GET http://localhost:5231/ - null null
2026-05-31 15:46:22.030 +07:00 [WRN] Failed to determine the https port for redirect.
2026-05-31 15:46:22.099 +07:00 [INF] Executing endpoint 'AuraCinema.Web.Controllers.HomeController.Index (AuraCinema.Web)'
2026-05-31 15:46:22.128 +07:00 [INF] Route matched with {action = "Index", controller = "Home", area = ""}. Executing controller action with signature System.Threading.Tasks.Task`1[Microsoft.AspNetCore.Mvc.IActionResult] Index() on controller AuraCinema.Web.Controllers.HomeController (AuraCinema.Web).
2026-05-31 15:46:22.189 +07:00 [INF] Executed DbCommand (15ms) [Parameters=[], CommandType='"Text"', CommandTimeout='30']
SELECT [m].[MovieID], [m].[Title], [m].[Genre], [m].[Poster], [m].[Duration], [m].[Status], [m].[ReleaseDate], [m].[Director]
FROM [Movies] AS [m]
WHERE [m].[Status] IN (N'Dang chieu', N'Sap chieu')
ORDER BY [m].[ReleaseDate] DESC
2026-05-31 15:46:22.215 +07:00 [INF] Executing ViewResult, running view Index.
2026-05-31 15:46:22.524 +07:00 [INF] Executed ViewResult - view Index executed in 308.3655ms.
2026-05-31 15:46:22.532 +07:00 [INF] Executed action AuraCinema.Web.Controllers.HomeController.Index (AuraCinema.Web) in 402.4497ms
2026-05-31 15:46:22.532 +07:00 [INF] Executed endpoint 'AuraCinema.Web.Controllers.HomeController.Index (AuraCinema.Web)'
2026-05-31 15:46:22.542 +07:00 [INF] Request finished HTTP/1.1 GET http://localhost:5231/ - 200 null text/html; charset=utf-8 520.6232ms
2026-05-31 15:46:22.563 +07:00 [INF] Request starting HTTP/1.1 GET http://localhost:5231/css/site.css?v=Vygmt3VD9-3uHYa8_7Hqc8Q0ST3nj3N8QijBC4-KY80 - null null
2026-05-31 15:46:22.564 +07:00 [INF] Request starting HTTP/1.1 GET http://localhost:5231/uploads/posters/0036a2d3-b7b4-4697-8309-8f88491cec75_images.webp - null null
2026-05-31 15:46:22.573 +07:00 [INF] The file /uploads/posters/0036a2d3-b7b4-4697-8309-8f88491cec75_images.webp was not modified
2026-05-31 15:46:22.574 +07:00 [INF] Request finished HTTP/1.1 GET http://localhost:5231/uploads/posters/0036a2d3-b7b4-4697-8309-8f88491cec75_images.webp - 304 null image/webp 9.7811ms
2026-05-31 15:46:22.576 +07:00 [INF] Request starting HTTP/1.1 GET http://localhost:5231/css/chat-widget.css - null null
2026-05-31 15:46:22.586 +07:00 [INF] Sending file. Request path: '/css/site.css'. Physical path: 'D:\AURACINEMA\AuraCinema.Web\wwwroot\css\site.css'
2026-05-31 15:46:22.586 +07:00 [INF] Sending file. Request path: '/css/chat-widget.css'. Physical path: 'D:\AURACINEMA\AuraCinema.Web\wwwroot\css\chat-widget.css'
2026-05-31 15:46:22.587 +07:00 [INF] Request finished HTTP/1.1 GET http://localhost:5231/css/site.css?v=Vygmt3VD9-3uHYa8_7Hqc8Q0ST3nj3N8QijBC4-KY80 - 200 23407 text/css 23.8387ms
2026-05-31 15:46:22.587 +07:00 [INF] Request finished HTTP/1.1 GET http://localhost:5231/css/chat-widget.css - 200 2604 text/css 11.015ms
2026-05-31 15:46:22.588 +07:00 [INF] Request starting HTTP/1.1 GET http://localhost:5231/js/chat-widget.js - null null
2026-05-31 15:46:22.588 +07:00 [INF] The file /js/chat-widget.js was not modified
2026-05-31 15:46:22.588 +07:00 [INF] Request finished HTTP/1.1 GET http://localhost:5231/js/chat-widget.js - 304 null text/javascript 0.4978ms
2026-05-31 15:46:25.697 +07:00 [INF] Executed DbCommand (1ms) [Parameters=[], CommandType='"Text"', CommandTimeout='30']
SELECT [o].[OrderID], [o].[CheckInTime], [o].[FinalAmount], [o].[HoldExpiryTime], [o].[OrderCode], [o].[PayOSTransID], [o].[PromoID], [o].[QrCode], [o].[ShowtimeID], [o].[Status], [o].[TotalAmount], [o].[UserID]
FROM [Orders] AS [o]
WHERE [o].[Status] = N'Chờ thanh toán' AND [o].[HoldExpiryTime] <= GETDATE()
2026-05-31 15:46:25.700 +07:00 [INF] Executed DbCommand (1ms) [Parameters=[@__maxSellingDate_0='?' (DbType = DateTime2), @__now_1='?' (DbType = DateTime2)], CommandType='"Text"', CommandTimeout='30']
SELECT [s].[ShowtimeID], [s].[EndTime], [s].[MovieID], [s].[RoomID], [s].[ShowtimeCode], [s].[StartTime], [s].[Status]
FROM [Showtimes] AS [s]
WHERE [s].[Status] IN (N'Đã lên lịch', N'Sap chieu') AND CONVERT(date, [s].[StartTime]) <= @__maxSellingDate_0 AND [s].[StartTime] > @__now_1
2026-05-31 15:46:25.702 +07:00 [INF] Executed DbCommand (1ms) [Parameters=[@__now_0='?' (DbType = DateTime2)], CommandType='"Text"', CommandTimeout='30']
SELECT [s].[ShowtimeID], [s].[EndTime], [s].[MovieID], [s].[RoomID], [s].[ShowtimeCode], [s].[StartTime], [s].[Status]
FROM [Showtimes] AS [s]
WHERE [s].[Status] IN (N'Đã lên lịch', N'Đang mở bán', N'Sap chieu') AND [s].[StartTime] <= @__now_0 AND [s].[EndTime] > @__now_0
2026-05-31 15:46:25.703 +07:00 [INF] Executed DbCommand (1ms) [Parameters=[@__now_0='?' (DbType = DateTime2)], CommandType='"Text"', CommandTimeout='30']
SELECT [s].[ShowtimeID], [s].[EndTime], [s].[MovieID], [s].[RoomID], [s].[ShowtimeCode], [s].[StartTime], [s].[Status]
FROM [Showtimes] AS [s]
WHERE [s].[Status] IN (N'Đã lên lịch', N'Đang mở bán', N'Đang chiếu', N'Sap chieu', N'Dang dien ra') AND [s].[EndTime] <= @__now_0
2026-05-31 15:46:25.706 +07:00 [INF] Executed DbCommand (1ms) [Parameters=[@__today_0='?' (DbType = Date)], CommandType='"Text"', CommandTimeout='30']
SELECT [m].[MovieID], [m].[Actors], [m].[Description], [m].[Director], [m].[Duration], [m].[Genre], [m].[MovieCode], [m].[Poster], [m].[ReleaseDate], [m].[Status], [m].[Title], [m].[Trailer]
FROM [Movies] AS [m]
WHERE [m].[Status] = N'Sap chieu' AND [m].[ReleaseDate] <= @__today_0
2026-05-31 15:46:54.966 +07:00 [INF] Request starting HTTP/1.1 GET http://localhost:5231/Promotions - null null
2026-05-31 15:46:55.147 +07:00 [INF] Executing endpoint 'AuraCinema.Web.Controllers.PromotionsController.Index (AuraCinema.Web)'
2026-05-31 15:46:55.150 +07:00 [INF] Route matched with {action = "Index", controller = "Promotions", area = ""}. Executing controller action with signature System.Threading.Tasks.Task`1[Microsoft.AspNetCore.Mvc.IActionResult] Index() on controller AuraCinema.Web.Controllers.PromotionsController (AuraCinema.Web).
2026-05-31 15:46:55.162 +07:00 [INF] Executed DbCommand (3ms) [Parameters=[], CommandType='"Text"', CommandTimeout='30']
SELECT [p].[PromoID], [p].[Title], [p].[DiscountValue], [p].[Condition], [p].[StartDate], [p].[EndDate], [p].[Status]
FROM [Promotions] AS [p]
WHERE [p].[Status] = N'Hoat dong' AND [p].[EndDate] > GETDATE()
ORDER BY [p].[EndDate]
2026-05-31 15:46:55.164 +07:00 [INF] Executing ViewResult, running view Index.
2026-05-31 15:46:55.172 +07:00 [INF] Executed ViewResult - view Index executed in 8.1575ms.
2026-05-31 15:46:55.172 +07:00 [INF] Executed action AuraCinema.Web.Controllers.PromotionsController.Index (AuraCinema.Web) in 22.2715ms
2026-05-31 15:46:55.172 +07:00 [INF] Executed endpoint 'AuraCinema.Web.Controllers.PromotionsController.Index (AuraCinema.Web)'
2026-05-31 15:46:55.172 +07:00 [INF] Request finished HTTP/1.1 GET http://localhost:5231/Promotions - 200 null text/html; charset=utf-8 206.3ms
2026-05-31 15:46:58.286 +07:00 [INF] Request starting HTTP/1.1 GET http://localhost:5231/Movies - null null
2026-05-31 15:46:58.291 +07:00 [INF] Executing endpoint 'AuraCinema.Web.Controllers.MoviesController.Index (AuraCinema.Web)'
2026-05-31 15:46:58.303 +07:00 [INF] Route matched with {action = "Index", controller = "Movies", area = ""}. Executing controller action with signature System.Threading.Tasks.Task`1[Microsoft.AspNetCore.Mvc.IActionResult] Index(System.String, System.String, Int32) on controller AuraCinema.Web.Controllers.MoviesController (AuraCinema.Web).
2026-05-31 15:46:58.325 +07:00 [INF] Executed DbCommand (1ms) [Parameters=[], CommandType='"Text"', CommandTimeout='30']
SELECT COUNT(*)
FROM [Movies] AS [m]
WHERE [m].[Status] IN (N'Dang chieu', N'Sap chieu')
2026-05-31 15:46:58.332 +07:00 [INF] Executed DbCommand (2ms) [Parameters=[@__p_0='?' (DbType = Int32), @__p_1='?' (DbType = Int32)], CommandType='"Text"', CommandTimeout='30']
SELECT [m].[MovieID], [m].[Title], [m].[Genre], [m].[Poster], [m].[Duration], [m].[Status], [m].[ReleaseDate], [m].[Director]
FROM [Movies] AS [m]
WHERE [m].[Status] IN (N'Dang chieu', N'Sap chieu')
ORDER BY [m].[ReleaseDate] DESC
OFFSET @__p_0 ROWS FETCH NEXT @__p_1 ROWS ONLY
2026-05-31 15:46:58.334 +07:00 [INF] Executing ViewResult, running view Index.
2026-05-31 15:46:58.350 +07:00 [INF] Executed ViewResult - view Index executed in 16.4469ms.
2026-05-31 15:46:58.350 +07:00 [INF] Executed action AuraCinema.Web.Controllers.MoviesController.Index (AuraCinema.Web) in 46.7248ms
2026-05-31 15:46:58.350 +07:00 [INF] Executed endpoint 'AuraCinema.Web.Controllers.MoviesController.Index (AuraCinema.Web)'
2026-05-31 15:46:58.351 +07:00 [INF] Request finished HTTP/1.1 GET http://localhost:5231/Movies - 200 null text/html; charset=utf-8 64.0245ms
2026-05-31 15:47:08.996 +07:00 [INF] Request starting HTTP/1.1 GET http://localhost:5231/Account/Login - null null
2026-05-31 15:47:08.997 +07:00 [INF] Executing endpoint 'AuraCinema.Web.Controllers.AccountController.Login (AuraCinema.Web)'
2026-05-31 15:47:08.999 +07:00 [INF] Route matched with {action = "Login", controller = "Account", area = ""}. Executing controller action with signature Microsoft.AspNetCore.Mvc.IActionResult Login(System.String) on controller AuraCinema.Web.Controllers.AccountController (AuraCinema.Web).
2026-05-31 15:47:09.007 +07:00 [INF] Executing ViewResult, running view Login.
2026-05-31 15:47:09.080 +07:00 [INF] Executed ViewResult - view Login executed in 74.0088ms.
2026-05-31 15:47:09.080 +07:00 [INF] Executed action AuraCinema.Web.Controllers.AccountController.Login (AuraCinema.Web) in 81.4917ms
2026-05-31 15:47:09.080 +07:00 [INF] Executed endpoint 'AuraCinema.Web.Controllers.AccountController.Login (AuraCinema.Web)'
2026-05-31 15:47:09.081 +07:00 [INF] Request finished HTTP/1.1 GET http://localhost:5231/Account/Login - 200 null text/html; charset=utf-8 84.2772ms
2026-05-31 15:47:09.107 +07:00 [INF] Request starting HTTP/1.1 GET http://localhost:5231/lib/jquery-validation/dist/jquery.validate.min.js - null null
2026-05-31 15:47:09.109 +07:00 [INF] Request starting HTTP/1.1 GET http://localhost:5231/lib/jquery-validation-unobtrusive/dist/jquery.validate.unobtrusive.min.js - null null
2026-05-31 15:47:09.203 +07:00 [INF] Sending file. Request path: '/lib/jquery-validation/dist/jquery.validate.min.js'. Physical path: 'D:\AURACINEMA\AuraCinema.Web\wwwroot\lib\jquery-validation\dist\jquery.validate.min.js'
2026-05-31 15:47:09.204 +07:00 [INF] Request finished HTTP/1.1 GET http://localhost:5231/lib/jquery-validation/dist/jquery.validate.min.js - 200 25308 text/javascript 96.5208ms
2026-05-31 15:47:09.543 +07:00 [INF] Sending file. Request path: '/lib/jquery-validation-unobtrusive/dist/jquery.validate.unobtrusive.min.js'. Physical path: 'D:\AURACINEMA\AuraCinema.Web\wwwroot\lib\jquery-validation-unobtrusive\dist\jquery.validate.unobtrusive.min.js'
2026-05-31 15:47:09.543 +07:00 [INF] Request finished HTTP/1.1 GET http://localhost:5231/lib/jquery-validation-unobtrusive/dist/jquery.validate.unobtrusive.min.js - 200 5824 text/javascript 434.4131ms
2026-05-31 15:47:10.791 +07:00 [INF] Request starting HTTP/1.1 POST http://localhost:5231/Account/Login - application/x-www-form-urlencoded 237
2026-05-31 15:47:10.794 +07:00 [INF] Executing endpoint 'AuraCinema.Web.Controllers.AccountController.Login (AuraCinema.Web)'
2026-05-31 15:47:10.801 +07:00 [INF] Route matched with {action = "Login", controller = "Account", area = ""}. Executing controller action with signature System.Threading.Tasks.Task`1[Microsoft.AspNetCore.Mvc.IActionResult] Login(AuraCinema.Web.ViewModels.Account.LoginViewModel) on controller AuraCinema.Web.Controllers.AccountController (AuraCinema.Web).
2026-05-31 15:47:10.854 +07:00 [INF] Executed DbCommand (2ms) [Parameters=[@__Trim_0='?' (Size = 100)], CommandType='"Text"', CommandTimeout='30']
SELECT TOP(1) [u].[UserID], [u].[Email], [u].[FullName], [u].[OtpCode], [u].[OtpExpiry], [u].[Password], [u].[Phone], [u].[Role], [u].[Status], [u].[UserCode]
FROM [Users] AS [u]
WHERE [u].[Email] = @__Trim_0
2026-05-31 15:47:11.495 +07:00 [INF] AuthenticationScheme: Cookies signed in.
2026-05-31 15:47:11.498 +07:00 [INF] Executing RedirectResult, redirecting to /Admin.
2026-05-31 15:47:11.501 +07:00 [INF] Executed action AuraCinema.Web.Controllers.AccountController.Login (AuraCinema.Web) in 699.3314ms
2026-05-31 15:47:11.501 +07:00 [INF] Executed endpoint 'AuraCinema.Web.Controllers.AccountController.Login (AuraCinema.Web)'
2026-05-31 15:47:11.501 +07:00 [INF] Request finished HTTP/1.1 POST http://localhost:5231/Account/Login - 302 0 null 709.5983ms
2026-05-31 15:47:11.505 +07:00 [INF] Request starting HTTP/1.1 GET http://localhost:5231/Admin - null null
2026-05-31 15:47:11.513 +07:00 [INF] Executing endpoint 'AuraCinema.Web.Areas.Admin.Controllers.DashboardController.Index (AuraCinema.Web)'
2026-05-31 15:47:11.517 +07:00 [INF] Route matched with {area = "Admin", action = "Index", controller = "Dashboard"}. Executing controller action with signature System.Threading.Tasks.Task`1[Microsoft.AspNetCore.Mvc.IActionResult] Index() on controller AuraCinema.Web.Areas.Admin.Controllers.DashboardController (AuraCinema.Web).
2026-05-31 15:47:11.593 +07:00 [INF] Executed DbCommand (11ms) [Parameters=[], CommandType='"Text"', CommandTimeout='30']
SELECT [o].[OrderID], [o].[CheckInTime], [o].[FinalAmount], [o].[HoldExpiryTime], [o].[OrderCode], [o].[PayOSTransID], [o].[PromoID], [o].[QrCode], [o].[ShowtimeID], [o].[Status], [o].[TotalAmount], [o].[UserID], [s].[ShowtimeID], [m].[MovieID], [o0].[OrderID], [o0].[SeatID], [o0].[Price], [o0].[Status], [s].[EndTime], [s].[MovieID], [s].[RoomID], [s].[ShowtimeCode], [s].[StartTime], [s].[Status], [m].[Actors], [m].[Description], [m].[Director], [m].[Duration], [m].[Genre], [m].[MovieCode], [m].[Poster], [m].[ReleaseDate], [m].[Status], [m].[Title], [m].[Trailer]
FROM [Orders] AS [o]
INNER JOIN [Showtimes] AS [s] ON [o].[ShowtimeID] = [s].[ShowtimeID]
INNER JOIN [Movies] AS [m] ON [s].[MovieID] = [m].[MovieID]
LEFT JOIN [OrderSeats] AS [o0] ON [o].[OrderID] = [o0].[OrderID]
WHERE [o].[Status] IN (N'Da thanh toan', N'Da su dung', N'Đã thanh toán', N'Đã sử dụng')
ORDER BY [o].[OrderID], [s].[ShowtimeID], [m].[MovieID], [o0].[OrderID]
2026-05-31 15:47:11.683 +07:00 [INF] Executed DbCommand (3ms) [Parameters=[], CommandType='"Text"', CommandTimeout='30']
SELECT COUNT(*)
FROM [Seats] AS [s]
2026-05-31 15:47:11.693 +07:00 [INF] Executed DbCommand (3ms) [Parameters=[@__AddDays_0='?' (DbType = DateTime2), @__AddDays_1='?' (DbType = DateTime2)], CommandType='"Text"', CommandTimeout='30']
SELECT COUNT(*)
FROM [Showtimes] AS [s]
WHERE [s].[StartTime] > @__AddDays_0 AND [s].[StartTime] < @__AddDays_1
2026-05-31 15:47:11.708 +07:00 [INF] Executing ViewResult, running view Index.
2026-05-31 15:47:11.761 +07:00 [INF] Executed ViewResult - view Index executed in 54.9209ms.
2026-05-31 15:47:11.762 +07:00 [INF] Executed action AuraCinema.Web.Areas.Admin.Controllers.DashboardController.Index (AuraCinema.Web) in 245.1095ms
2026-05-31 15:47:11.762 +07:00 [INF] Executed endpoint 'AuraCinema.Web.Areas.Admin.Controllers.DashboardController.Index (AuraCinema.Web)'
2026-05-31 15:47:11.762 +07:00 [INF] Request finished HTTP/1.1 GET http://localhost:5231/Admin - 200 null text/html; charset=utf-8 257.2366ms
2026-05-31 15:47:16.100 +07:00 [INF] Request starting HTTP/1.1 GET http://localhost:5231/ - null null
2026-05-31 15:47:16.101 +07:00 [INF] Executing endpoint 'AuraCinema.Web.Controllers.HomeController.Index (AuraCinema.Web)'
2026-05-31 15:47:16.102 +07:00 [INF] Route matched with {action = "Index", controller = "Home", area = ""}. Executing controller action with signature System.Threading.Tasks.Task`1[Microsoft.AspNetCore.Mvc.IActionResult] Index() on controller AuraCinema.Web.Controllers.HomeController (AuraCinema.Web).
2026-05-31 15:47:16.107 +07:00 [INF] Executed DbCommand (1ms) [Parameters=[], CommandType='"Text"', CommandTimeout='30']
SELECT [m].[MovieID], [m].[Title], [m].[Genre], [m].[Poster], [m].[Duration], [m].[Status], [m].[ReleaseDate], [m].[Director]
FROM [Movies] AS [m]
WHERE [m].[Status] IN (N'Dang chieu', N'Sap chieu')
ORDER BY [m].[ReleaseDate] DESC
2026-05-31 15:47:16.178 +07:00 [INF] Executed DbCommand (28ms) [Parameters=[@__p_1='?' (DbType = Int32), @__userId_0='?' (DbType = Int32)], CommandType='"Text"', CommandTimeout='30']
SELECT [t].[OrderID], [t].[CheckInTime], [t].[FinalAmount], [t].[HoldExpiryTime], [t].[OrderCode], [t].[PayOSTransID], [t].[PromoID], [t].[QrCode], [t].[ShowtimeID], [t].[Status], [t].[TotalAmount], [t].[UserID], [s].[ShowtimeID], [s].[EndTime], [s].[MovieID], [s].[RoomID], [s].[ShowtimeCode], [s].[StartTime], [s].[Status], [m].[MovieID], [m].[Actors], [m].[Description], [m].[Director], [m].[Duration], [m].[Genre], [m].[MovieCode], [m].[Poster], [m].[ReleaseDate], [m].[Status], [m].[Title], [m].[Trailer], [r].[RoomID], [r].[Capacity], [r].[RoomCode], [r].[RoomName], [r].[Status], [t0].[OrderID], [t0].[SeatID], [t0].[Price], [t0].[Status], [t0].[SeatID0], [t0].[RoomID], [t0].[RowLabel], [t0].[SeatCode], [t0].[SeatNumber], [t0].[SeatType]
FROM (
    SELECT TOP(@__p_1) [o].[OrderID], [o].[CheckInTime], [o].[FinalAmount], [o].[HoldExpiryTime], [o].[OrderCode], [o].[PayOSTransID], [o].[PromoID], [o].[QrCode], [o].[ShowtimeID], [o].[Status], [o].[TotalAmount], [o].[UserID]
    FROM [Orders] AS [o]
    WHERE [o].[UserID] = @__userId_0 AND [o].[Status] IN (N'Da thanh toan', N'Da su dung', N'Đã thanh toán', N'Đã sử dụng')
    ORDER BY [o].[OrderID] DESC
) AS [t]
INNER JOIN [Showtimes] AS [s] ON [t].[ShowtimeID] = [s].[ShowtimeID]
INNER JOIN [Movies] AS [m] ON [s].[MovieID] = [m].[MovieID]
INNER JOIN [Rooms] AS [r] ON [s].[RoomID] = [r].[RoomID]
LEFT JOIN (
    SELECT [o0].[OrderID], [o0].[SeatID], [o0].[Price], [o0].[Status], [s0].[SeatID] AS [SeatID0], [s0].[RoomID], [s0].[RowLabel], [s0].[SeatCode], [s0].[SeatNumber], [s0].[SeatType]
    FROM [OrderSeats] AS [o0]
    INNER JOIN [Seats] AS [s0] ON [o0].[SeatID] = [s0].[SeatID]
) AS [t0] ON [t].[OrderID] = [t0].[OrderID]
ORDER BY [t].[OrderID] DESC, [s].[ShowtimeID], [m].[MovieID], [r].[RoomID], [t0].[OrderID], [t0].[SeatID]
2026-05-31 15:47:16.205 +07:00 [INF] Executing ViewResult, running view Index.
2026-05-31 15:47:16.210 +07:00 [INF] Executed ViewResult - view Index executed in 4.7947ms.
2026-05-31 15:47:16.210 +07:00 [INF] Executed action AuraCinema.Web.Controllers.HomeController.Index (AuraCinema.Web) in 108.6054ms
2026-05-31 15:47:16.210 +07:00 [INF] Executed endpoint 'AuraCinema.Web.Controllers.HomeController.Index (AuraCinema.Web)'
2026-05-31 15:47:16.211 +07:00 [INF] Request finished HTTP/1.1 GET http://localhost:5231/ - 200 null text/html; charset=utf-8 110.3389ms
2026-05-31 15:47:24.259 +07:00 [INF] Request starting HTTP/1.1 GET http://localhost:5231/Movies/Details/2 - null null
2026-05-31 15:47:24.260 +07:00 [INF] Executing endpoint 'AuraCinema.Web.Controllers.MoviesController.Details (AuraCinema.Web)'
2026-05-31 15:47:24.264 +07:00 [INF] Route matched with {action = "Details", controller = "Movies", area = ""}. Executing controller action with signature System.Threading.Tasks.Task`1[Microsoft.AspNetCore.Mvc.IActionResult] Details(Int32) on controller AuraCinema.Web.Controllers.MoviesController (AuraCinema.Web).
2026-05-31 15:47:24.295 +07:00 [INF] Executed DbCommand (2ms) [Parameters=[@__p_0='?' (DbType = Int32)], CommandType='"Text"', CommandTimeout='30']
SELECT TOP(1) [m].[MovieID], [m].[Actors], [m].[Description], [m].[Director], [m].[Duration], [m].[Genre], [m].[MovieCode], [m].[Poster], [m].[ReleaseDate], [m].[Status], [m].[Title], [m].[Trailer]
FROM [Movies] AS [m]
WHERE [m].[MovieID] = @__p_0
2026-05-31 15:47:24.309 +07:00 [INF] Executed DbCommand (5ms) [Parameters=[@__id_0='?' (DbType = Int32), @__now_1='?' (DbType = DateTime2), @__maxDate_2='?' (DbType = DateTime2)], CommandType='"Text"', CommandTimeout='30']
SELECT [s].[ShowtimeID], [s].[EndTime], [s].[MovieID], [s].[RoomID], [s].[ShowtimeCode], [s].[StartTime], [s].[Status], [r].[RoomID], [r].[Capacity], [r].[RoomCode], [r].[RoomName], [r].[Status]
FROM [Showtimes] AS [s]
INNER JOIN [Rooms] AS [r] ON [s].[RoomID] = [r].[RoomID]
WHERE [s].[MovieID] = @__id_0 AND [s].[Status] = N'Đang mở bán' AND [s].[StartTime] >= @__now_1 AND [s].[StartTime] < @__maxDate_2
ORDER BY [s].[StartTime]
2026-05-31 15:47:24.385 +07:00 [INF] Executed DbCommand (18ms) [Parameters=[@__showtimeIds_0='?' (Size = 4000)], CommandType='"Text"', CommandTimeout='30']
SELECT [o1].[ShowtimeID], COUNT(*) AS [Sold]
FROM [Orders] AS [o]
INNER JOIN [OrderSeats] AS [o0] ON [o].[OrderID] = [o0].[OrderID]
INNER JOIN [Orders] AS [o1] ON [o0].[OrderID] = [o1].[OrderID]
WHERE [o].[ShowtimeID] IN (
    SELECT [s].[value]
    FROM OPENJSON(@__showtimeIds_0) WITH ([value] int '$') AS [s]
) AND ([o].[Status] = N'Đã thanh toán' OR ([o].[Status] = N'Chờ thanh toán' AND [o].[HoldExpiryTime] > GETDATE()))
GROUP BY [o1].[ShowtimeID]
2026-05-31 15:47:24.391 +07:00 [INF] Executing ViewResult, running view Details.
2026-05-31 15:47:24.402 +07:00 [INF] Executed ViewResult - view Details executed in 12.225ms.
2026-05-31 15:47:24.402 +07:00 [INF] Executed action AuraCinema.Web.Controllers.MoviesController.Details (AuraCinema.Web) in 137.9525ms
2026-05-31 15:47:24.403 +07:00 [INF] Executed endpoint 'AuraCinema.Web.Controllers.MoviesController.Details (AuraCinema.Web)'
2026-05-31 15:47:24.403 +07:00 [INF] Request finished HTTP/1.1 GET http://localhost:5231/Movies/Details/2 - 200 null text/html; charset=utf-8 143.7922ms
2026-05-31 15:47:25.724 +07:00 [INF] Executed DbCommand (1ms) [Parameters=[], CommandType='"Text"', CommandTimeout='30']
SELECT [o].[OrderID], [o].[CheckInTime], [o].[FinalAmount], [o].[HoldExpiryTime], [o].[OrderCode], [o].[PayOSTransID], [o].[PromoID], [o].[QrCode], [o].[ShowtimeID], [o].[Status], [o].[TotalAmount], [o].[UserID]
FROM [Orders] AS [o]
WHERE [o].[Status] = N'Chờ thanh toán' AND [o].[HoldExpiryTime] <= GETDATE()
2026-05-31 15:47:25.729 +07:00 [INF] Executed DbCommand (1ms) [Parameters=[@__maxSellingDate_0='?' (DbType = DateTime2), @__now_1='?' (DbType = DateTime2)], CommandType='"Text"', CommandTimeout='30']
SELECT [s].[ShowtimeID], [s].[EndTime], [s].[MovieID], [s].[RoomID], [s].[ShowtimeCode], [s].[StartTime], [s].[Status]
FROM [Showtimes] AS [s]
WHERE [s].[Status] IN (N'Đã lên lịch', N'Sap chieu') AND CONVERT(date, [s].[StartTime]) <= @__maxSellingDate_0 AND [s].[StartTime] > @__now_1
2026-05-31 15:47:25.731 +07:00 [INF] Executed DbCommand (1ms) [Parameters=[@__now_0='?' (DbType = DateTime2)], CommandType='"Text"', CommandTimeout='30']
SELECT [s].[ShowtimeID], [s].[EndTime], [s].[MovieID], [s].[RoomID], [s].[ShowtimeCode], [s].[StartTime], [s].[Status]
FROM [Showtimes] AS [s]
WHERE [s].[Status] IN (N'Đã lên lịch', N'Đang mở bán', N'Sap chieu') AND [s].[StartTime] <= @__now_0 AND [s].[EndTime] > @__now_0
2026-05-31 15:47:25.732 +07:00 [INF] Executed DbCommand (1ms) [Parameters=[@__now_0='?' (DbType = DateTime2)], CommandType='"Text"', CommandTimeout='30']
SELECT [s].[ShowtimeID], [s].[EndTime], [s].[MovieID], [s].[RoomID], [s].[ShowtimeCode], [s].[StartTime], [s].[Status]
FROM [Showtimes] AS [s]
WHERE [s].[Status] IN (N'Đã lên lịch', N'Đang mở bán', N'Đang chiếu', N'Sap chieu', N'Dang dien ra') AND [s].[EndTime] <= @__now_0
2026-05-31 15:47:25.734 +07:00 [INF] Executed DbCommand (1ms) [Parameters=[@__today_0='?' (DbType = Date)], CommandType='"Text"', CommandTimeout='30']
SELECT [m].[MovieID], [m].[Actors], [m].[Description], [m].[Director], [m].[Duration], [m].[Genre], [m].[MovieCode], [m].[Poster], [m].[ReleaseDate], [m].[Status], [m].[Title], [m].[Trailer]
FROM [Movies] AS [m]
WHERE [m].[Status] = N'Sap chieu' AND [m].[ReleaseDate] <= @__today_0
2026-05-31 15:47:31.836 +07:00 [INF] Request starting HTTP/1.1 GET http://localhost:5231/Booking/SelectSeats?showtimeId=9106 - null null
2026-05-31 15:47:31.839 +07:00 [INF] Executing endpoint 'AuraCinema.Web.Controllers.BookingController.SelectSeats (AuraCinema.Web)'
2026-05-31 15:47:31.847 +07:00 [INF] Route matched with {action = "SelectSeats", controller = "Booking", area = ""}. Executing controller action with signature System.Threading.Tasks.Task`1[Microsoft.AspNetCore.Mvc.IActionResult] SelectSeats(Int32) on controller AuraCinema.Web.Controllers.BookingController (AuraCinema.Web).
2026-05-31 15:47:31.884 +07:00 [INF] Executed DbCommand (4ms) [Parameters=[@__showtimeId_0='?' (DbType = Int32)], CommandType='"Text"', CommandTimeout='30']
SELECT TOP(1) [s].[ShowtimeID], [s].[EndTime], [s].[MovieID], [s].[RoomID], [s].[ShowtimeCode], [s].[StartTime], [s].[Status], [m].[MovieID], [m].[Actors], [m].[Description], [m].[Director], [m].[Duration], [m].[Genre], [m].[MovieCode], [m].[Poster], [m].[ReleaseDate], [m].[Status], [m].[Title], [m].[Trailer], [r].[RoomID], [r].[Capacity], [r].[RoomCode], [r].[RoomName], [r].[Status]
FROM [Showtimes] AS [s]
INNER JOIN [Movies] AS [m] ON [s].[MovieID] = [m].[MovieID]
INNER JOIN [Rooms] AS [r] ON [s].[RoomID] = [r].[RoomID]
WHERE [s].[ShowtimeID] = @__showtimeId_0
2026-05-31 15:47:31.897 +07:00 [INF] Executed DbCommand (3ms) [Parameters=[@__showtime_RoomID_0='?' (DbType = Int32)], CommandType='"Text"', CommandTimeout='30']
SELECT [s].[SeatID], [s].[RoomID], [s].[RowLabel], [s].[SeatCode], [s].[SeatNumber], [s].[SeatType]
FROM [Seats] AS [s]
WHERE [s].[RoomID] = @__showtime_RoomID_0
ORDER BY [s].[RowLabel], [s].[SeatNumber]
2026-05-31 15:47:31.909 +07:00 [INF] Executed DbCommand (3ms) [Parameters=[@__showtimeId_0='?' (DbType = Int32)], CommandType='"Text"', CommandTimeout='30']
SELECT [o].[OrderID], [o].[SeatID], [o].[Price], [o].[Status], [o0].[OrderID], [o0].[CheckInTime], [o0].[FinalAmount], [o0].[HoldExpiryTime], [o0].[OrderCode], [o0].[PayOSTransID], [o0].[PromoID], [o0].[QrCode], [o0].[ShowtimeID], [o0].[Status], [o0].[TotalAmount], [o0].[UserID]
FROM [OrderSeats] AS [o]
INNER JOIN [Orders] AS [o0] ON [o].[OrderID] = [o0].[OrderID]
WHERE [o0].[ShowtimeID] = @__showtimeId_0 AND ([o0].[Status] = N'Đã thanh toán' OR ([o0].[Status] = N'Chờ thanh toán' AND [o0].[HoldExpiryTime] > GETDATE()))
2026-05-31 15:47:31.922 +07:00 [INF] Executed DbCommand (2ms) [Parameters=[], CommandType='"Text"', CommandTimeout='30']
SELECT [p].[ConfigID], [p].[ConfigCode], [p].[ConfigName], [p].[ConfigType], [p].[EffectiveDate], [p].[SurchargeAmount]
FROM [PriceConfigs] AS [p]
2026-05-31 15:47:31.938 +07:00 [INF] Executing ViewResult, running view SelectSeats.
2026-05-31 15:47:31.946 +07:00 [INF] Executed ViewResult - view SelectSeats executed in 8.6917ms.
2026-05-31 15:47:31.946 +07:00 [INF] Executed action AuraCinema.Web.Controllers.BookingController.SelectSeats (AuraCinema.Web) in 98.6399ms
2026-05-31 15:47:31.946 +07:00 [INF] Executed endpoint 'AuraCinema.Web.Controllers.BookingController.SelectSeats (AuraCinema.Web)'
2026-05-31 15:47:31.946 +07:00 [INF] Request finished HTTP/1.1 GET http://localhost:5231/Booking/SelectSeats?showtimeId=9106 - 200 null text/html; charset=utf-8 110.6744ms
2026-05-31 15:47:37.098 +07:00 [INF] Request starting HTTP/1.1 GET http://localhost:5231/Booking/AddServices?showtimeId=9106&seatIds=329 - null null
2026-05-31 15:47:37.105 +07:00 [INF] Executing endpoint 'AuraCinema.Web.Controllers.BookingController.AddServices (AuraCinema.Web)'
2026-05-31 15:47:37.109 +07:00 [INF] Route matched with {action = "AddServices", controller = "Booking", area = ""}. Executing controller action with signature System.Threading.Tasks.Task`1[Microsoft.AspNetCore.Mvc.IActionResult] AddServices(Int32, System.String) on controller AuraCinema.Web.Controllers.BookingController (AuraCinema.Web).
2026-05-31 15:47:37.123 +07:00 [INF] Executed DbCommand (3ms) [Parameters=[@__showtimeId_0='?' (DbType = Int32)], CommandType='"Text"', CommandTimeout='30']
SELECT TOP(1) [s].[ShowtimeID], [s].[EndTime], [s].[MovieID], [s].[RoomID], [s].[ShowtimeCode], [s].[StartTime], [s].[Status], [m].[MovieID], [m].[Actors], [m].[Description], [m].[Director], [m].[Duration], [m].[Genre], [m].[MovieCode], [m].[Poster], [m].[ReleaseDate], [m].[Status], [m].[Title], [m].[Trailer]
FROM [Showtimes] AS [s]
INNER JOIN [Movies] AS [m] ON [s].[MovieID] = [m].[MovieID]
WHERE [s].[ShowtimeID] = @__showtimeId_0
2026-05-31 15:47:37.130 +07:00 [INF] Executed DbCommand (3ms) [Parameters=[@__ids_0='?' (Size = 4000)], CommandType='"Text"', CommandTimeout='30']
SELECT [s].[SeatID], [s].[RoomID], [s].[RowLabel], [s].[SeatCode], [s].[SeatNumber], [s].[SeatType]
FROM [Seats] AS [s]
WHERE [s].[SeatID] IN (
    SELECT [i].[value]
    FROM OPENJSON(@__ids_0) WITH ([value] int '$') AS [i]
)
2026-05-31 15:47:37.136 +07:00 [INF] Executed DbCommand (1ms) [Parameters=[], CommandType='"Text"', CommandTimeout='30']
SELECT [s].[ServiceID], [s].[Image], [s].[Price], [s].[ServiceCode], [s].[ServiceName], [s].[Status]
FROM [Services] AS [s]
WHERE [s].[Status] = N'Hoat dong'
2026-05-31 15:47:37.148 +07:00 [INF] Executing ViewResult, running view AddServices.
2026-05-31 15:47:37.158 +07:00 [INF] Executed ViewResult - view AddServices executed in 10.6009ms.
2026-05-31 15:47:37.158 +07:00 [INF] Executed action AuraCinema.Web.Controllers.BookingController.AddServices (AuraCinema.Web) in 49.0215ms
2026-05-31 15:47:37.158 +07:00 [INF] Executed endpoint 'AuraCinema.Web.Controllers.BookingController.AddServices (AuraCinema.Web)'
2026-05-31 15:47:37.158 +07:00 [INF] Request finished HTTP/1.1 GET http://localhost:5231/Booking/AddServices?showtimeId=9106&seatIds=329 - 200 null text/html; charset=utf-8 60.1672ms
2026-05-31 15:47:37.195 +07:00 [INF] Request starting HTTP/1.1 GET http://localhost:5231/uploads/services/59a52eda-0c1c-4d37-80c1-5f8387057f49_69f39a72611a4_1777572466.png - null null
2026-05-31 15:47:37.210 +07:00 [INF] Request starting HTTP/1.1 GET http://localhost:5231/uploads/services/cf8348ec-a68d-45c5-aa81-6ef5be1ecc6b_69ef60b5b7556_1777295542.png - null null
2026-05-31 15:47:37.228 +07:00 [INF] Request starting HTTP/1.1 GET http://localhost:5231/uploads/services/338348c1-4b86-44f7-84a2-08b669cdbd75_69f39cce45180_1777573070.png - null null
2026-05-31 15:47:37.241 +07:00 [INF] Request starting HTTP/1.1 GET http://localhost:5231/uploads/services/c75a5a28-b796-4eeb-8e34-97aa8d835125_69f39baf74edf_1777572783.png - null null
2026-05-31 15:47:37.251 +07:00 [INF] Request starting HTTP/1.1 GET http://localhost:5231/css/chat-widget.css - null null
2026-05-31 15:47:37.251 +07:00 [INF] The file /css/chat-widget.css was not modified
2026-05-31 15:47:37.251 +07:00 [INF] Request finished HTTP/1.1 GET http://localhost:5231/css/chat-widget.css - 304 null text/css 0.4115ms
2026-05-31 15:47:37.255 +07:00 [INF] Sending file. Request path: '/uploads/services/59a52eda-0c1c-4d37-80c1-5f8387057f49_69f39a72611a4_1777572466.png'. Physical path: 'D:\AURACINEMA\AuraCinema.Web\wwwroot\uploads\services\59a52eda-0c1c-4d37-80c1-5f8387057f49_69f39a72611a4_1777572466.png'
2026-05-31 15:47:37.255 +07:00 [INF] Request finished HTTP/1.1 GET http://localhost:5231/uploads/services/59a52eda-0c1c-4d37-80c1-5f8387057f49_69f39a72611a4_1777572466.png - 200 85614 image/png 59.8298ms
2026-05-31 15:47:37.256 +07:00 [INF] Sending file. Request path: '/uploads/services/338348c1-4b86-44f7-84a2-08b669cdbd75_69f39cce45180_1777573070.png'. Physical path: 'D:\AURACINEMA\AuraCinema.Web\wwwroot\uploads\services\338348c1-4b86-44f7-84a2-08b669cdbd75_69f39cce45180_1777573070.png'
2026-05-31 15:47:37.256 +07:00 [INF] Request finished HTTP/1.1 GET http://localhost:5231/uploads/services/338348c1-4b86-44f7-84a2-08b669cdbd75_69f39cce45180_1777573070.png - 200 73611 image/png 27.2039ms
2026-05-31 15:47:37.257 +07:00 [INF] Sending file. Request path: '/uploads/services/cf8348ec-a68d-45c5-aa81-6ef5be1ecc6b_69ef60b5b7556_1777295542.png'. Physical path: 'D:\AURACINEMA\AuraCinema.Web\wwwroot\uploads\services\cf8348ec-a68d-45c5-aa81-6ef5be1ecc6b_69ef60b5b7556_1777295542.png'
2026-05-31 15:47:37.257 +07:00 [INF] Request finished HTTP/1.1 GET http://localhost:5231/uploads/services/cf8348ec-a68d-45c5-aa81-6ef5be1ecc6b_69ef60b5b7556_1777295542.png - 200 117320 image/png 46.2074ms
2026-05-31 15:47:37.257 +07:00 [INF] Sending file. Request path: '/uploads/services/c75a5a28-b796-4eeb-8e34-97aa8d835125_69f39baf74edf_1777572783.png'. Physical path: 'D:\AURACINEMA\AuraCinema.Web\wwwroot\uploads\services\c75a5a28-b796-4eeb-8e34-97aa8d835125_69f39baf74edf_1777572783.png'
2026-05-31 15:47:37.258 +07:00 [INF] Request finished HTTP/1.1 GET http://localhost:5231/uploads/services/c75a5a28-b796-4eeb-8e34-97aa8d835125_69f39baf74edf_1777572783.png - 200 69825 image/png 16.5937ms
2026-05-31 15:48:02.583 +07:00 [INF] Request starting HTTP/1.1 GET http://localhost:5231/Booking/AddServices?showtimeId=9106&seatIds=329 - null null
2026-05-31 15:48:02.584 +07:00 [INF] Executing endpoint 'AuraCinema.Web.Controllers.BookingController.AddServices (AuraCinema.Web)'
2026-05-31 15:48:02.584 +07:00 [INF] Route matched with {action = "AddServices", controller = "Booking", area = ""}. Executing controller action with signature System.Threading.Tasks.Task`1[Microsoft.AspNetCore.Mvc.IActionResult] AddServices(Int32, System.String) on controller AuraCinema.Web.Controllers.BookingController (AuraCinema.Web).
2026-05-31 15:48:02.587 +07:00 [INF] Executed DbCommand (1ms) [Parameters=[@__showtimeId_0='?' (DbType = Int32)], CommandType='"Text"', CommandTimeout='30']
SELECT TOP(1) [s].[ShowtimeID], [s].[EndTime], [s].[MovieID], [s].[RoomID], [s].[ShowtimeCode], [s].[StartTime], [s].[Status], [m].[MovieID], [m].[Actors], [m].[Description], [m].[Director], [m].[Duration], [m].[Genre], [m].[MovieCode], [m].[Poster], [m].[ReleaseDate], [m].[Status], [m].[Title], [m].[Trailer]
FROM [Showtimes] AS [s]
INNER JOIN [Movies] AS [m] ON [s].[MovieID] = [m].[MovieID]
WHERE [s].[ShowtimeID] = @__showtimeId_0
2026-05-31 15:48:02.589 +07:00 [INF] Executed DbCommand (1ms) [Parameters=[@__ids_0='?' (Size = 4000)], CommandType='"Text"', CommandTimeout='30']
SELECT [s].[SeatID], [s].[RoomID], [s].[RowLabel], [s].[SeatCode], [s].[SeatNumber], [s].[SeatType]
FROM [Seats] AS [s]
WHERE [s].[SeatID] IN (
    SELECT [i].[value]
    FROM OPENJSON(@__ids_0) WITH ([value] int '$') AS [i]
)
2026-05-31 15:48:02.590 +07:00 [INF] Executed DbCommand (0ms) [Parameters=[], CommandType='"Text"', CommandTimeout='30']
SELECT [s].[ServiceID], [s].[Image], [s].[Price], [s].[ServiceCode], [s].[ServiceName], [s].[Status]
FROM [Services] AS [s]
WHERE [s].[Status] = N'Hoat dong'
2026-05-31 15:48:02.590 +07:00 [INF] Executing ViewResult, running view AddServices.
2026-05-31 15:48:02.592 +07:00 [INF] Executed ViewResult - view AddServices executed in 1.4919ms.
2026-05-31 15:48:02.592 +07:00 [INF] Executed action AuraCinema.Web.Controllers.BookingController.AddServices (AuraCinema.Web) in 7.8742ms
2026-05-31 15:48:02.592 +07:00 [INF] Executed endpoint 'AuraCinema.Web.Controllers.BookingController.AddServices (AuraCinema.Web)'
2026-05-31 15:48:02.592 +07:00 [INF] Request finished HTTP/1.1 GET http://localhost:5231/Booking/AddServices?showtimeId=9106&seatIds=329 - 200 null text/html; charset=utf-8 9.2345ms
2026-05-31 15:48:02.632 +07:00 [INF] Request starting HTTP/1.1 GET http://localhost:5231/css/site.css?v=Vygmt3VD9-3uHYa8_7Hqc8Q0ST3nj3N8QijBC4-KY80 - null null
2026-05-31 15:48:02.633 +07:00 [INF] The file /css/site.css was not modified
2026-05-31 15:48:02.633 +07:00 [INF] Request finished HTTP/1.1 GET http://localhost:5231/css/site.css?v=Vygmt3VD9-3uHYa8_7Hqc8Q0ST3nj3N8QijBC4-KY80 - 304 null text/css 1.0094ms
2026-05-31 15:48:10.426 +07:00 [INF] Request starting HTTP/1.1 POST http://localhost:5231/Booking/ConfirmBooking - application/json 49
2026-05-31 15:48:10.427 +07:00 [INF] Executing endpoint 'AuraCinema.Web.Controllers.BookingController.ConfirmBooking (AuraCinema.Web)'
2026-05-31 15:48:10.436 +07:00 [INF] Route matched with {action = "ConfirmBooking", controller = "Booking", area = ""}. Executing controller action with signature System.Threading.Tasks.Task`1[Microsoft.AspNetCore.Mvc.IActionResult] ConfirmBooking(AuraCinema.Web.ViewModels.Booking.ConfirmBookingRequest) on controller AuraCinema.Web.Controllers.BookingController (AuraCinema.Web).
2026-05-31 15:48:10.484 +07:00 [INF] Executed DbCommand (1ms) [Parameters=[@__showtimeId_0='?' (DbType = Int32)], CommandType='"Text"', CommandTimeout='30']
SELECT TOP(1) [s].[ShowtimeID], [s].[EndTime], [s].[MovieID], [s].[RoomID], [s].[ShowtimeCode], [s].[StartTime], [s].[Status], [m].[MovieID], [m].[Actors], [m].[Description], [m].[Director], [m].[Duration], [m].[Genre], [m].[MovieCode], [m].[Poster], [m].[ReleaseDate], [m].[Status], [m].[Title], [m].[Trailer], [r].[RoomID], [r].[Capacity], [r].[RoomCode], [r].[RoomName], [r].[Status]
FROM [Showtimes] AS [s]
INNER JOIN [Movies] AS [m] ON [s].[MovieID] = [m].[MovieID]
INNER JOIN [Rooms] AS [r] ON [s].[RoomID] = [r].[RoomID]
WHERE [s].[ShowtimeID] = @__showtimeId_0
2026-05-31 15:48:10.487 +07:00 [INF] Executed DbCommand (1ms) [Parameters=[@__showtime_RoomID_0='?' (DbType = Int32)], CommandType='"Text"', CommandTimeout='30']
SELECT [s].[SeatID], [s].[RoomID], [s].[RowLabel], [s].[SeatCode], [s].[SeatNumber], [s].[SeatType]
FROM [Seats] AS [s]
WHERE [s].[RoomID] = @__showtime_RoomID_0
ORDER BY [s].[RowLabel], [s].[SeatNumber]
2026-05-31 15:48:10.488 +07:00 [INF] Executed DbCommand (0ms) [Parameters=[@__showtimeId_0='?' (DbType = Int32)], CommandType='"Text"', CommandTimeout='30']
SELECT [o].[OrderID], [o].[SeatID], [o].[Price], [o].[Status], [o0].[OrderID], [o0].[CheckInTime], [o0].[FinalAmount], [o0].[HoldExpiryTime], [o0].[OrderCode], [o0].[PayOSTransID], [o0].[PromoID], [o0].[QrCode], [o0].[ShowtimeID], [o0].[Status], [o0].[TotalAmount], [o0].[UserID]
FROM [OrderSeats] AS [o]
INNER JOIN [Orders] AS [o0] ON [o].[OrderID] = [o0].[OrderID]
WHERE [o0].[ShowtimeID] = @__showtimeId_0 AND ([o0].[Status] = N'Đã thanh toán' OR ([o0].[Status] = N'Chờ thanh toán' AND [o0].[HoldExpiryTime] > GETDATE()))
2026-05-31 15:48:10.503 +07:00 [INF] Executed DbCommand (5ms) [Parameters=[@__seatIds_0='?' (Size = 4000)], CommandType='"Text"', CommandTimeout='30']
SELECT [s].[SeatID], [s].[RoomID], [s].[RowLabel], [s].[SeatCode], [s].[SeatNumber], [s].[SeatType]
FROM [Seats] AS [s]
WHERE [s].[SeatID] IN (
    SELECT [s0].[value]
    FROM OPENJSON(@__seatIds_0) WITH ([value] int '$') AS [s0]
)
2026-05-31 15:48:10.511 +07:00 [INF] Executed DbCommand (3ms) [Parameters=[@__svcIds_0='?' (Size = 4000)], CommandType='"Text"', CommandTimeout='30']
SELECT [s].[ServiceID], [s].[Image], [s].[Price], [s].[ServiceCode], [s].[ServiceName], [s].[Status]
FROM [Services] AS [s]
WHERE [s].[ServiceID] IN (
    SELECT [s0].[value]
    FROM OPENJSON(@__svcIds_0) WITH ([value] int '$') AS [s0]
)
2026-05-31 15:48:10.512 +07:00 [INF] Executed DbCommand (0ms) [Parameters=[], CommandType='"Text"', CommandTimeout='30']
SELECT [p].[ConfigID], [p].[ConfigCode], [p].[ConfigName], [p].[ConfigType], [p].[EffectiveDate], [p].[SurchargeAmount]
FROM [PriceConfigs] AS [p]
2026-05-31 15:48:10.587 +07:00 [WRN] Savepoints are disabled because Multiple Active Result Sets (MARS) is enabled. If 'SaveChanges' fails, then the transaction cannot be automatically rolled back to a known clean state. Instead, the transaction should be rolled back by the application before retrying 'SaveChanges'. See https://go.microsoft.com/fwlink/?linkid=2149338 for more information and examples. To identify the code which triggers this warning, call 'ConfigureWarnings(w => w.Throw(SqlServerEventId.SavepointsDisabledBecauseOfMARS))'.
2026-05-31 15:48:10.591 +07:00 [INF] Executed DbCommand (4ms) [Parameters=[@p0='?' (DbType = DateTime2), @p1='?' (DbType = Int32), @p2='?' (DbType = DateTime2), @p3='?' (Size = 4000), @p4='?' (Size = 4000), @p5='?' (DbType = Int32), @p6='?' (Size = 4000), @p7='?' (DbType = Int32), @p8='?' (Size = 50), @p9='?' (DbType = Int32), @p10='?' (DbType = Int32)], CommandType='"Text"', CommandTimeout='30']
SET IMPLICIT_TRANSACTIONS OFF;
SET NOCOUNT ON;
INSERT INTO [Orders] ([CheckInTime], [FinalAmount], [HoldExpiryTime], [OrderCode], [PayOSTransID], [PromoID], [QrCode], [ShowtimeID], [Status], [TotalAmount], [UserID])
OUTPUT INSERTED.[OrderID]
VALUES (@p0, @p1, @p2, @p3, @p4, @p5, @p6, @p7, @p8, @p9, @p10);
2026-05-31 15:48:10.614 +07:00 [INF] Executed DbCommand (1ms) [Parameters=[@__seatIds_0='?' (Size = 4000)], CommandType='"Text"', CommandTimeout='30']
SELECT [s].[SeatID], [s].[RoomID], [s].[RowLabel], [s].[SeatCode], [s].[SeatNumber], [s].[SeatType]
FROM [Seats] AS [s]
WHERE [s].[SeatID] IN (
    SELECT [s0].[value]
    FROM OPENJSON(@__seatIds_0) WITH ([value] int '$') AS [s0]
)
2026-05-31 15:48:10.615 +07:00 [INF] Executed DbCommand (1ms) [Parameters=[], CommandType='"Text"', CommandTimeout='30']
SELECT [p].[ConfigID], [p].[ConfigCode], [p].[ConfigName], [p].[ConfigType], [p].[EffectiveDate], [p].[SurchargeAmount]
FROM [PriceConfigs] AS [p]
2026-05-31 15:48:10.619 +07:00 [INF] Executed DbCommand (1ms) [Parameters=[@__svcIds_0='?' (Size = 4000)], CommandType='"Text"', CommandTimeout='30']
SELECT [s].[ServiceID], [s].[Image], [s].[Price], [s].[ServiceCode], [s].[ServiceName], [s].[Status]
FROM [Services] AS [s]
WHERE [s].[ServiceID] IN (
    SELECT [s0].[value]
    FROM OPENJSON(@__svcIds_0) WITH ([value] int '$') AS [s0]
)
2026-05-31 15:48:10.630 +07:00 [WRN] Savepoints are disabled because Multiple Active Result Sets (MARS) is enabled. If 'SaveChanges' fails, then the transaction cannot be automatically rolled back to a known clean state. Instead, the transaction should be rolled back by the application before retrying 'SaveChanges'. See https://go.microsoft.com/fwlink/?linkid=2149338 for more information and examples. To identify the code which triggers this warning, call 'ConfigureWarnings(w => w.Throw(SqlServerEventId.SavepointsDisabledBecauseOfMARS))'.
2026-05-31 15:48:10.633 +07:00 [INF] Executed DbCommand (2ms) [Parameters=[@p0='?' (DbType = Int32), @p1='?' (DbType = Int32), @p2='?' (DbType = Int32), @p3='?' (Size = 20)], CommandType='"Text"', CommandTimeout='30']
SET IMPLICIT_TRANSACTIONS OFF;
SET NOCOUNT ON;
INSERT INTO [OrderSeats] ([OrderID], [SeatID], [Price], [Status])
VALUES (@p0, @p1, @p2, @p3);
2026-05-31 15:48:10.641 +07:00 [INF] Executing OkObjectResult, writing value of type '<>f__AnonymousType13`2[[System.Boolean, System.Private.CoreLib, Version=9.0.0.0, Culture=neutral, PublicKeyToken=7cec85d7bea7798e],[System.String, System.Private.CoreLib, Version=9.0.0.0, Culture=neutral, PublicKeyToken=7cec85d7bea7798e]]'.
2026-05-31 15:48:10.650 +07:00 [INF] Executed action AuraCinema.Web.Controllers.BookingController.ConfirmBooking (AuraCinema.Web) in 213.8119ms
2026-05-31 15:48:10.650 +07:00 [INF] Executed endpoint 'AuraCinema.Web.Controllers.BookingController.ConfirmBooking (AuraCinema.Web)'
2026-05-31 15:48:10.650 +07:00 [INF] Request finished HTTP/1.1 POST http://localhost:5231/Booking/ConfirmBooking - 200 null application/json; charset=utf-8 224.3405ms
2026-05-31 15:48:10.661 +07:00 [INF] Request starting HTTP/1.1 GET http://localhost:5231/Booking/Checkout?orderId=16053 - null null
2026-05-31 15:48:10.662 +07:00 [INF] Executing endpoint 'AuraCinema.Web.Controllers.BookingController.Checkout (AuraCinema.Web)'
2026-05-31 15:48:10.666 +07:00 [INF] Route matched with {action = "Checkout", controller = "Booking", area = ""}. Executing controller action with signature System.Threading.Tasks.Task`1[Microsoft.AspNetCore.Mvc.IActionResult] Checkout(Int32, System.Nullable`1[System.Int32]) on controller AuraCinema.Web.Controllers.BookingController (AuraCinema.Web).
2026-05-31 15:48:10.725 +07:00 [WRN] Compiling a query which loads related collections for more than one collection navigation, either via 'Include' or through projection, but no 'QuerySplittingBehavior' has been configured. By default, Entity Framework will use 'QuerySplittingBehavior.SingleQuery', which can potentially result in slow query performance. See https://go.microsoft.com/fwlink/?linkid=2134277 for more information. To identify the query that's triggering this warning call 'ConfigureWarnings(w => w.Throw(RelationalEventId.MultipleCollectionIncludeWarning))'.
2026-05-31 15:48:10.772 +07:00 [INF] Executed DbCommand (25ms) [Parameters=[@__id_0='?' (DbType = Int32)], CommandType='"Text"', CommandTimeout='30']
SELECT [t].[OrderID], [t].[CheckInTime], [t].[FinalAmount], [t].[HoldExpiryTime], [t].[OrderCode], [t].[PayOSTransID], [t].[PromoID], [t].[QrCode], [t].[ShowtimeID], [t].[Status], [t].[TotalAmount], [t].[UserID], [t].[UserID0], [t].[Email], [t].[FullName], [t].[OtpCode], [t].[OtpExpiry], [t].[Password], [t].[Phone], [t].[Role], [t].[Status0], [t].[UserCode], [t].[ShowtimeID0], [t].[EndTime], [t].[MovieID], [t].[RoomID], [t].[ShowtimeCode], [t].[StartTime], [t].[Status1], [t].[MovieID0], [t].[Actors], [t].[Description], [t].[Director], [t].[Duration], [t].[Genre], [t].[MovieCode], [t].[Poster], [t].[ReleaseDate], [t].[Status2], [t].[Title], [t].[Trailer], [t].[RoomID0], [t].[Capacity], [t].[RoomCode], [t].[RoomName], [t].[Status3], [t].[PromoID0], [t].[Condition], [t].[DiscountValue], [t].[EndDate], [t].[MinAmount], [t].[PromoCode], [t].[StartDate], [t].[Status4], [t].[Title0], [t0].[OrderID], [t0].[SeatID], [t0].[Price], [t0].[Status], [t0].[SeatID0], [t0].[RoomID], [t0].[RowLabel], [t0].[SeatCode], [t0].[SeatNumber], [t0].[SeatType], [t1].[OrderID], [t1].[ServiceID], [t1].[Price], [t1].[Quantity], [t1].[ServiceID0], [t1].[Image], [t1].[Price0], [t1].[ServiceCode], [t1].[ServiceName], [t1].[Status]
FROM (
    SELECT TOP(1) [o].[OrderID], [o].[CheckInTime], [o].[FinalAmount], [o].[HoldExpiryTime], [o].[OrderCode], [o].[PayOSTransID], [o].[PromoID], [o].[QrCode], [o].[ShowtimeID], [o].[Status], [o].[TotalAmount], [o].[UserID], [u].[UserID] AS [UserID0], [u].[Email], [u].[FullName], [u].[OtpCode], [u].[OtpExpiry], [u].[Password], [u].[Phone], [u].[Role], [u].[Status] AS [Status0], [u].[UserCode], [s].[ShowtimeID] AS [ShowtimeID0], [s].[EndTime], [s].[MovieID], [s].[RoomID], [s].[ShowtimeCode], [s].[StartTime], [s].[Status] AS [Status1], [m].[MovieID] AS [MovieID0], [m].[Actors], [m].[Description], [m].[Director], [m].[Duration], [m].[Genre], [m].[MovieCode], [m].[Poster], [m].[ReleaseDate], [m].[Status] AS [Status2], [m].[Title], [m].[Trailer], [r].[RoomID] AS [RoomID0], [r].[Capacity], [r].[RoomCode], [r].[RoomName], [r].[Status] AS [Status3], [p].[PromoID] AS [PromoID0], [p].[Condition], [p].[DiscountValue], [p].[EndDate], [p].[MinAmount], [p].[PromoCode], [p].[StartDate], [p].[Status] AS [Status4], [p].[Title] AS [Title0]
    FROM [Orders] AS [o]
    INNER JOIN [Users] AS [u] ON [o].[UserID] = [u].[UserID]
    INNER JOIN [Showtimes] AS [s] ON [o].[ShowtimeID] = [s].[ShowtimeID]
    INNER JOIN [Movies] AS [m] ON [s].[MovieID] = [m].[MovieID]
    INNER JOIN [Rooms] AS [r] ON [s].[RoomID] = [r].[RoomID]
    LEFT JOIN [Promotions] AS [p] ON [o].[PromoID] = [p].[PromoID]
    WHERE [o].[OrderID] = @__id_0
) AS [t]
LEFT JOIN (
    SELECT [o0].[OrderID], [o0].[SeatID], [o0].[Price], [o0].[Status], [s0].[SeatID] AS [SeatID0], [s0].[RoomID], [s0].[RowLabel], [s0].[SeatCode], [s0].[SeatNumber], [s0].[SeatType]
    FROM [OrderSeats] AS [o0]
    INNER JOIN [Seats] AS [s0] ON [o0].[SeatID] = [s0].[SeatID]
) AS [t0] ON [t].[OrderID] = [t0].[OrderID]
LEFT JOIN (
    SELECT [o1].[OrderID], [o1].[ServiceID], [o1].[Price], [o1].[Quantity], [s1].[ServiceID] AS [ServiceID0], [s1].[Image], [s1].[Price] AS [Price0], [s1].[ServiceCode], [s1].[ServiceName], [s1].[Status]
    FROM [OrderServices] AS [o1]
    INNER JOIN [Services] AS [s1] ON [o1].[ServiceID] = [s1].[ServiceID]
) AS [t1] ON [t].[OrderID] = [t1].[OrderID]
ORDER BY [t].[OrderID], [t].[UserID0], [t].[ShowtimeID0], [t].[MovieID0], [t].[RoomID0], [t].[PromoID0], [t0].[OrderID], [t0].[SeatID], [t0].[SeatID0], [t1].[OrderID], [t1].[ServiceID]
2026-05-31 15:48:10.786 +07:00 [INF] Executed DbCommand (2ms) [Parameters=[@__totalAmount_0='?' (DbType = Int32)], CommandType='"Text"', CommandTimeout='30']
SELECT [p].[PromoID], [p].[Condition], [p].[DiscountValue], [p].[EndDate], [p].[MinAmount], [p].[PromoCode], [p].[StartDate], [p].[Status], [p].[Title]
FROM [Promotions] AS [p]
WHERE [p].[Status] = N'Hoat dong' AND [p].[StartDate] <= GETDATE() AND [p].[EndDate] >= GETDATE() AND [p].[MinAmount] <= @__totalAmount_0
ORDER BY [p].[DiscountValue] DESC
2026-05-31 15:48:10.807 +07:00 [INF] Executing ViewResult, running view Checkout.
2026-05-31 15:48:10.907 +07:00 [INF] Executed ViewResult - view Checkout executed in 100.9538ms.
2026-05-31 15:48:10.907 +07:00 [INF] Executed action AuraCinema.Web.Controllers.BookingController.Checkout (AuraCinema.Web) in 240.2411ms
2026-05-31 15:48:10.907 +07:00 [INF] Executed endpoint 'AuraCinema.Web.Controllers.BookingController.Checkout (AuraCinema.Web)'
2026-05-31 15:48:10.907 +07:00 [INF] Request finished HTTP/1.1 GET http://localhost:5231/Booking/Checkout?orderId=16053 - 200 null text/html; charset=utf-8 246.0338ms
2026-05-31 15:48:15.547 +07:00 [INF] Request starting HTTP/1.1 GET http://localhost:5231/Booking/PaymentCancel?orderId=16053 - null null
2026-05-31 15:48:15.547 +07:00 [INF] Executing endpoint 'AuraCinema.Web.Controllers.BookingController.PaymentCancel (AuraCinema.Web)'
2026-05-31 15:48:15.551 +07:00 [INF] Route matched with {action = "PaymentCancel", controller = "Booking", area = ""}. Executing controller action with signature System.Threading.Tasks.Task`1[Microsoft.AspNetCore.Mvc.IActionResult] PaymentCancel(Int32) on controller AuraCinema.Web.Controllers.BookingController (AuraCinema.Web).
2026-05-31 15:48:15.557 +07:00 [INF] Executed DbCommand (1ms) [Parameters=[@__id_0='?' (DbType = Int32)], CommandType='"Text"', CommandTimeout='30']
SELECT [t].[OrderID], [t].[CheckInTime], [t].[FinalAmount], [t].[HoldExpiryTime], [t].[OrderCode], [t].[PayOSTransID], [t].[PromoID], [t].[QrCode], [t].[ShowtimeID], [t].[Status], [t].[TotalAmount], [t].[UserID], [t].[UserID0], [t].[Email], [t].[FullName], [t].[OtpCode], [t].[OtpExpiry], [t].[Password], [t].[Phone], [t].[Role], [t].[Status0], [t].[UserCode], [t].[ShowtimeID0], [t].[EndTime], [t].[MovieID], [t].[RoomID], [t].[ShowtimeCode], [t].[StartTime], [t].[Status1], [t].[MovieID0], [t].[Actors], [t].[Description], [t].[Director], [t].[Duration], [t].[Genre], [t].[MovieCode], [t].[Poster], [t].[ReleaseDate], [t].[Status2], [t].[Title], [t].[Trailer], [t].[RoomID0], [t].[Capacity], [t].[RoomCode], [t].[RoomName], [t].[Status3], [t].[PromoID0], [t].[Condition], [t].[DiscountValue], [t].[EndDate], [t].[MinAmount], [t].[PromoCode], [t].[StartDate], [t].[Status4], [t].[Title0], [t0].[OrderID], [t0].[SeatID], [t0].[Price], [t0].[Status], [t0].[SeatID0], [t0].[RoomID], [t0].[RowLabel], [t0].[SeatCode], [t0].[SeatNumber], [t0].[SeatType], [t1].[OrderID], [t1].[ServiceID], [t1].[Price], [t1].[Quantity], [t1].[ServiceID0], [t1].[Image], [t1].[Price0], [t1].[ServiceCode], [t1].[ServiceName], [t1].[Status]
FROM (
    SELECT TOP(1) [o].[OrderID], [o].[CheckInTime], [o].[FinalAmount], [o].[HoldExpiryTime], [o].[OrderCode], [o].[PayOSTransID], [o].[PromoID], [o].[QrCode], [o].[ShowtimeID], [o].[Status], [o].[TotalAmount], [o].[UserID], [u].[UserID] AS [UserID0], [u].[Email], [u].[FullName], [u].[OtpCode], [u].[OtpExpiry], [u].[Password], [u].[Phone], [u].[Role], [u].[Status] AS [Status0], [u].[UserCode], [s].[ShowtimeID] AS [ShowtimeID0], [s].[EndTime], [s].[MovieID], [s].[RoomID], [s].[ShowtimeCode], [s].[StartTime], [s].[Status] AS [Status1], [m].[MovieID] AS [MovieID0], [m].[Actors], [m].[Description], [m].[Director], [m].[Duration], [m].[Genre], [m].[MovieCode], [m].[Poster], [m].[ReleaseDate], [m].[Status] AS [Status2], [m].[Title], [m].[Trailer], [r].[RoomID] AS [RoomID0], [r].[Capacity], [r].[RoomCode], [r].[RoomName], [r].[Status] AS [Status3], [p].[PromoID] AS [PromoID0], [p].[Condition], [p].[DiscountValue], [p].[EndDate], [p].[MinAmount], [p].[PromoCode], [p].[StartDate], [p].[Status] AS [Status4], [p].[Title] AS [Title0]
    FROM [Orders] AS [o]
    INNER JOIN [Users] AS [u] ON [o].[UserID] = [u].[UserID]
    INNER JOIN [Showtimes] AS [s] ON [o].[ShowtimeID] = [s].[ShowtimeID]
    INNER JOIN [Movies] AS [m] ON [s].[MovieID] = [m].[MovieID]
    INNER JOIN [Rooms] AS [r] ON [s].[RoomID] = [r].[RoomID]
    LEFT JOIN [Promotions] AS [p] ON [o].[PromoID] = [p].[PromoID]
    WHERE [o].[OrderID] = @__id_0
) AS [t]
LEFT JOIN (
    SELECT [o0].[OrderID], [o0].[SeatID], [o0].[Price], [o0].[Status], [s0].[SeatID] AS [SeatID0], [s0].[RoomID], [s0].[RowLabel], [s0].[SeatCode], [s0].[SeatNumber], [s0].[SeatType]
    FROM [OrderSeats] AS [o0]
    INNER JOIN [Seats] AS [s0] ON [o0].[SeatID] = [s0].[SeatID]
) AS [t0] ON [t].[OrderID] = [t0].[OrderID]
LEFT JOIN (
    SELECT [o1].[OrderID], [o1].[ServiceID], [o1].[Price], [o1].[Quantity], [s1].[ServiceID] AS [ServiceID0], [s1].[Image], [s1].[Price] AS [Price0], [s1].[ServiceCode], [s1].[ServiceName], [s1].[Status]
    FROM [OrderServices] AS [o1]
    INNER JOIN [Services] AS [s1] ON [o1].[ServiceID] = [s1].[ServiceID]
) AS [t1] ON [t].[OrderID] = [t1].[OrderID]
ORDER BY [t].[OrderID], [t].[UserID0], [t].[ShowtimeID0], [t].[MovieID0], [t].[RoomID0], [t].[PromoID0], [t0].[OrderID], [t0].[SeatID], [t0].[SeatID0], [t1].[OrderID], [t1].[ServiceID]
2026-05-31 15:48:15.568 +07:00 [INF] Executed DbCommand (4ms) [Parameters=[@p1='?' (DbType = Int32), @p0='?' (Size = 50)], CommandType='"Text"', CommandTimeout='30']
SET IMPLICIT_TRANSACTIONS OFF;
SET NOCOUNT ON;
UPDATE [Orders] SET [Status] = @p0
OUTPUT 1
WHERE [OrderID] = @p1;
2026-05-31 15:48:15.569 +07:00 [INF] Executing RedirectResult, redirecting to /Movies.
2026-05-31 15:48:15.569 +07:00 [INF] Executed action AuraCinema.Web.Controllers.BookingController.PaymentCancel (AuraCinema.Web) in 17.4678ms
2026-05-31 15:48:15.569 +07:00 [INF] Executed endpoint 'AuraCinema.Web.Controllers.BookingController.PaymentCancel (AuraCinema.Web)'
2026-05-31 15:48:15.569 +07:00 [INF] Request finished HTTP/1.1 GET http://localhost:5231/Booking/PaymentCancel?orderId=16053 - 302 0 null 22.6353ms
2026-05-31 15:48:15.573 +07:00 [INF] Request starting HTTP/1.1 GET http://localhost:5231/Movies - null null
2026-05-31 15:48:15.574 +07:00 [INF] Executing endpoint 'AuraCinema.Web.Controllers.MoviesController.Index (AuraCinema.Web)'
2026-05-31 15:48:15.574 +07:00 [INF] Route matched with {action = "Index", controller = "Movies", area = ""}. Executing controller action with signature System.Threading.Tasks.Task`1[Microsoft.AspNetCore.Mvc.IActionResult] Index(System.String, System.String, Int32) on controller AuraCinema.Web.Controllers.MoviesController (AuraCinema.Web).
2026-05-31 15:48:15.575 +07:00 [INF] Executed DbCommand (0ms) [Parameters=[], CommandType='"Text"', CommandTimeout='30']
SELECT COUNT(*)
FROM [Movies] AS [m]
WHERE [m].[Status] IN (N'Dang chieu', N'Sap chieu')
2026-05-31 15:48:15.577 +07:00 [INF] Executed DbCommand (1ms) [Parameters=[@__p_0='?' (DbType = Int32), @__p_1='?' (DbType = Int32)], CommandType='"Text"', CommandTimeout='30']
SELECT [m].[MovieID], [m].[Title], [m].[Genre], [m].[Poster], [m].[Duration], [m].[Status], [m].[ReleaseDate], [m].[Director]
FROM [Movies] AS [m]
WHERE [m].[Status] IN (N'Dang chieu', N'Sap chieu')
ORDER BY [m].[ReleaseDate] DESC
OFFSET @__p_0 ROWS FETCH NEXT @__p_1 ROWS ONLY
2026-05-31 15:48:15.577 +07:00 [INF] Executing ViewResult, running view Index.
2026-05-31 15:48:15.579 +07:00 [INF] Executed ViewResult - view Index executed in 1.9114ms.
2026-05-31 15:48:15.579 +07:00 [INF] Executed action AuraCinema.Web.Controllers.MoviesController.Index (AuraCinema.Web) in 5.2599ms
2026-05-31 15:48:15.579 +07:00 [INF] Executed endpoint 'AuraCinema.Web.Controllers.MoviesController.Index (AuraCinema.Web)'
2026-05-31 15:48:15.579 +07:00 [INF] Request finished HTTP/1.1 GET http://localhost:5231/Movies - 200 null text/html; charset=utf-8 6.1728ms
2026-05-31 15:48:18.269 +07:00 [INF] Request starting HTTP/1.1 GET http://localhost:5231/MyTickets - null null
2026-05-31 15:48:18.270 +07:00 [INF] Executing endpoint 'AuraCinema.Web.Controllers.MyTicketsController.Index (AuraCinema.Web)'
2026-05-31 15:48:18.275 +07:00 [INF] Route matched with {action = "Index", controller = "MyTickets", area = ""}. Executing controller action with signature System.Threading.Tasks.Task`1[Microsoft.AspNetCore.Mvc.IActionResult] Index() on controller AuraCinema.Web.Controllers.MyTicketsController (AuraCinema.Web).
2026-05-31 15:48:18.303 +07:00 [INF] Executed DbCommand (10ms) [Parameters=[@__userId_0='?' (DbType = Int32)], CommandType='"Text"', CommandTimeout='30']
SELECT [o].[OrderID], [o].[CheckInTime], [o].[FinalAmount], [o].[HoldExpiryTime], [o].[OrderCode], [o].[PayOSTransID], [o].[PromoID], [o].[QrCode], [o].[ShowtimeID], [o].[Status], [o].[TotalAmount], [o].[UserID], [s].[ShowtimeID], [s].[EndTime], [s].[MovieID], [s].[RoomID], [s].[ShowtimeCode], [s].[StartTime], [s].[Status], [m].[MovieID], [m].[Actors], [m].[Description], [m].[Director], [m].[Duration], [m].[Genre], [m].[MovieCode], [m].[Poster], [m].[ReleaseDate], [m].[Status], [m].[Title], [m].[Trailer], [r].[RoomID], [r].[Capacity], [r].[RoomCode], [r].[RoomName], [r].[Status], [t].[OrderID], [t].[SeatID], [t].[Price], [t].[Status], [t].[SeatID0], [t].[RoomID], [t].[RowLabel], [t].[SeatCode], [t].[SeatNumber], [t].[SeatType]
FROM [Orders] AS [o]
INNER JOIN [Showtimes] AS [s] ON [o].[ShowtimeID] = [s].[ShowtimeID]
INNER JOIN [Movies] AS [m] ON [s].[MovieID] = [m].[MovieID]
INNER JOIN [Rooms] AS [r] ON [s].[RoomID] = [r].[RoomID]
LEFT JOIN (
    SELECT [o0].[OrderID], [o0].[SeatID], [o0].[Price], [o0].[Status], [s0].[SeatID] AS [SeatID0], [s0].[RoomID], [s0].[RowLabel], [s0].[SeatCode], [s0].[SeatNumber], [s0].[SeatType]
    FROM [OrderSeats] AS [o0]
    INNER JOIN [Seats] AS [s0] ON [o0].[SeatID] = [s0].[SeatID]
) AS [t] ON [o].[OrderID] = [t].[OrderID]
WHERE [o].[UserID] = @__userId_0
ORDER BY [o].[OrderID] DESC, [s].[ShowtimeID], [m].[MovieID], [r].[RoomID], [t].[OrderID], [t].[SeatID]
2026-05-31 15:48:18.308 +07:00 [INF] Executing ViewResult, running view Index.
2026-05-31 15:48:18.317 +07:00 [INF] Executed ViewResult - view Index executed in 10.7227ms.
2026-05-31 15:48:18.319 +07:00 [INF] Executed action AuraCinema.Web.Controllers.MyTicketsController.Index (AuraCinema.Web) in 43.9059ms
2026-05-31 15:48:18.319 +07:00 [INF] Executed endpoint 'AuraCinema.Web.Controllers.MyTicketsController.Index (AuraCinema.Web)'
2026-05-31 15:48:18.319 +07:00 [INF] Request finished HTTP/1.1 GET http://localhost:5231/MyTickets - 200 null text/html; charset=utf-8 49.5809ms
2026-05-31 15:48:25.041 +07:00 [INF] Request starting HTTP/1.1 GET http://localhost:5231/ - null null
2026-05-31 15:48:25.042 +07:00 [INF] Executing endpoint 'AuraCinema.Web.Controllers.HomeController.Index (AuraCinema.Web)'
2026-05-31 15:48:25.042 +07:00 [INF] Route matched with {action = "Index", controller = "Home", area = ""}. Executing controller action with signature System.Threading.Tasks.Task`1[Microsoft.AspNetCore.Mvc.IActionResult] Index() on controller AuraCinema.Web.Controllers.HomeController (AuraCinema.Web).
2026-05-31 15:48:25.044 +07:00 [INF] Executed DbCommand (1ms) [Parameters=[], CommandType='"Text"', CommandTimeout='30']
SELECT [m].[MovieID], [m].[Title], [m].[Genre], [m].[Poster], [m].[Duration], [m].[Status], [m].[ReleaseDate], [m].[Director]
FROM [Movies] AS [m]
WHERE [m].[Status] IN (N'Dang chieu', N'Sap chieu')
ORDER BY [m].[ReleaseDate] DESC
2026-05-31 15:48:25.047 +07:00 [INF] Executed DbCommand (1ms) [Parameters=[@__p_1='?' (DbType = Int32), @__userId_0='?' (DbType = Int32)], CommandType='"Text"', CommandTimeout='30']
SELECT [t].[OrderID], [t].[CheckInTime], [t].[FinalAmount], [t].[HoldExpiryTime], [t].[OrderCode], [t].[PayOSTransID], [t].[PromoID], [t].[QrCode], [t].[ShowtimeID], [t].[Status], [t].[TotalAmount], [t].[UserID], [s].[ShowtimeID], [s].[EndTime], [s].[MovieID], [s].[RoomID], [s].[ShowtimeCode], [s].[StartTime], [s].[Status], [m].[MovieID], [m].[Actors], [m].[Description], [m].[Director], [m].[Duration], [m].[Genre], [m].[MovieCode], [m].[Poster], [m].[ReleaseDate], [m].[Status], [m].[Title], [m].[Trailer], [r].[RoomID], [r].[Capacity], [r].[RoomCode], [r].[RoomName], [r].[Status], [t0].[OrderID], [t0].[SeatID], [t0].[Price], [t0].[Status], [t0].[SeatID0], [t0].[RoomID], [t0].[RowLabel], [t0].[SeatCode], [t0].[SeatNumber], [t0].[SeatType]
FROM (
    SELECT TOP(@__p_1) [o].[OrderID], [o].[CheckInTime], [o].[FinalAmount], [o].[HoldExpiryTime], [o].[OrderCode], [o].[PayOSTransID], [o].[PromoID], [o].[QrCode], [o].[ShowtimeID], [o].[Status], [o].[TotalAmount], [o].[UserID]
    FROM [Orders] AS [o]
    WHERE [o].[UserID] = @__userId_0 AND [o].[Status] IN (N'Da thanh toan', N'Da su dung', N'Đã thanh toán', N'Đã sử dụng')
    ORDER BY [o].[OrderID] DESC
) AS [t]
INNER JOIN [Showtimes] AS [s] ON [t].[ShowtimeID] = [s].[ShowtimeID]
INNER JOIN [Movies] AS [m] ON [s].[MovieID] = [m].[MovieID]
INNER JOIN [Rooms] AS [r] ON [s].[RoomID] = [r].[RoomID]
LEFT JOIN (
    SELECT [o0].[OrderID], [o0].[SeatID], [o0].[Price], [o0].[Status], [s0].[SeatID] AS [SeatID0], [s0].[RoomID], [s0].[RowLabel], [s0].[SeatCode], [s0].[SeatNumber], [s0].[SeatType]
    FROM [OrderSeats] AS [o0]
    INNER JOIN [Seats] AS [s0] ON [o0].[SeatID] = [s0].[SeatID]
) AS [t0] ON [t].[OrderID] = [t0].[OrderID]
ORDER BY [t].[OrderID] DESC, [s].[ShowtimeID], [m].[MovieID], [r].[RoomID], [t0].[OrderID], [t0].[SeatID]
2026-05-31 15:48:25.048 +07:00 [INF] Executing ViewResult, running view Index.
2026-05-31 15:48:25.051 +07:00 [INF] Executed ViewResult - view Index executed in 3.4069ms.
2026-05-31 15:48:25.052 +07:00 [INF] Executed action AuraCinema.Web.Controllers.HomeController.Index (AuraCinema.Web) in 9.9267ms
2026-05-31 15:48:25.052 +07:00 [INF] Executed endpoint 'AuraCinema.Web.Controllers.HomeController.Index (AuraCinema.Web)'
2026-05-31 15:48:25.052 +07:00 [INF] Request finished HTTP/1.1 GET http://localhost:5231/ - 200 null text/html; charset=utf-8 10.7686ms
2026-05-31 15:48:25.749 +07:00 [INF] Executed DbCommand (1ms) [Parameters=[], CommandType='"Text"', CommandTimeout='30']
SELECT [o].[OrderID], [o].[CheckInTime], [o].[FinalAmount], [o].[HoldExpiryTime], [o].[OrderCode], [o].[PayOSTransID], [o].[PromoID], [o].[QrCode], [o].[ShowtimeID], [o].[Status], [o].[TotalAmount], [o].[UserID]
FROM [Orders] AS [o]
WHERE [o].[Status] = N'Chờ thanh toán' AND [o].[HoldExpiryTime] <= GETDATE()
2026-05-31 15:48:25.753 +07:00 [INF] Executed DbCommand (1ms) [Parameters=[@__maxSellingDate_0='?' (DbType = DateTime2), @__now_1='?' (DbType = DateTime2)], CommandType='"Text"', CommandTimeout='30']
SELECT [s].[ShowtimeID], [s].[EndTime], [s].[MovieID], [s].[RoomID], [s].[ShowtimeCode], [s].[StartTime], [s].[Status]
FROM [Showtimes] AS [s]
WHERE [s].[Status] IN (N'Đã lên lịch', N'Sap chieu') AND CONVERT(date, [s].[StartTime]) <= @__maxSellingDate_0 AND [s].[StartTime] > @__now_1
2026-05-31 15:48:25.754 +07:00 [INF] Executed DbCommand (1ms) [Parameters=[@__now_0='?' (DbType = DateTime2)], CommandType='"Text"', CommandTimeout='30']
SELECT [s].[ShowtimeID], [s].[EndTime], [s].[MovieID], [s].[RoomID], [s].[ShowtimeCode], [s].[StartTime], [s].[Status]
FROM [Showtimes] AS [s]
WHERE [s].[Status] IN (N'Đã lên lịch', N'Đang mở bán', N'Sap chieu') AND [s].[StartTime] <= @__now_0 AND [s].[EndTime] > @__now_0
2026-05-31 15:48:25.755 +07:00 [INF] Executed DbCommand (1ms) [Parameters=[@__now_0='?' (DbType = DateTime2)], CommandType='"Text"', CommandTimeout='30']
SELECT [s].[ShowtimeID], [s].[EndTime], [s].[MovieID], [s].[RoomID], [s].[ShowtimeCode], [s].[StartTime], [s].[Status]
FROM [Showtimes] AS [s]
WHERE [s].[Status] IN (N'Đã lên lịch', N'Đang mở bán', N'Đang chiếu', N'Sap chieu', N'Dang dien ra') AND [s].[EndTime] <= @__now_0
2026-05-31 15:48:25.757 +07:00 [INF] Executed DbCommand (0ms) [Parameters=[@__today_0='?' (DbType = Date)], CommandType='"Text"', CommandTimeout='30']
SELECT [m].[MovieID], [m].[Actors], [m].[Description], [m].[Director], [m].[Duration], [m].[Genre], [m].[MovieCode], [m].[Poster], [m].[ReleaseDate], [m].[Status], [m].[Title], [m].[Trailer]
FROM [Movies] AS [m]
WHERE [m].[Status] = N'Sap chieu' AND [m].[ReleaseDate] <= @__today_0
